******************************************************************************
                  TI ARM Linker PC v5.2.2                      
******************************************************************************
>> Linked Sat Mar 12 10:17:57 2016

OUTPUT FILE NAME:   <HB100_FP_A.out>
ENTRY POINT SYMBOL: "_c_int00"  address: 00031321


MEMORY CONFIGURATION

         name            origin    length      used     unused   attr    fill
----------------------  --------  ---------  --------  --------  ----  --------
  FLASH                 00000000   00040000  0003233e  0000dcc2  R  X
  SRAM                  20000000   00008000  00004dec  00003214  RW X


SEGMENT ALLOCATION MAP

run origin  load origin   length   init length attrs members
----------  ----------- ---------- ----------- ----- -------
00000000    00000000    00032340   00032340    r-x
  00000000    00000000    0000026c   0000026c    r-- .intvecs
  0000026c    0000026c    0002cec0   0002cec0    r-- .const
  0002d12c    0002d12c    000050da   000050da    r-x .text
  00032208    00032208    00000138   00000138    r-- .cinit
20000000    20000000    000032ac   00000000    rw-
  20000000    20000000    000032ac   00000000    rw- .data
20003400    20003400    00001b40   00000000    rw-
  20003400    20003400    00001940   00000000    rw- .bss
  20004d40    20004d40    00000200   00000000    rw- .stack


SECTION ALLOCATION MAP

 output                                  attributes/
section   page    origin      length       input sections
--------  ----  ----------  ----------   ----------------
.intvecs   0    00000000    0000026c     
                  00000000    0000026c     tm4c123gh6pm_startup_ccs.obj (.intvecs)

.const     0    0000026c    0002cec0     
                  0000026c    00008000     dsplib-cm4f.lib : arm_common_tables.obj (.const:twiddleCoef_4096)
                  0000826c    00006000                     : arm_common_tables.obj (.const:twiddleCoef_4096_q31)
                  0000e26c    00004000                     : arm_common_tables.obj (.const:twiddleCoef_2048)
                  0001226c    00003000                     : arm_common_tables.obj (.const:twiddleCoef_2048_q31)
                  0001526c    00003000                     : arm_common_tables.obj (.const:twiddleCoef_4096_q15)
                  0001826c    00002000                     : arm_common_tables.obj (.const:twiddleCoef_1024)
                  0001a26c    00001f80                     : arm_common_tables.obj (.const:armBitRevIndexTable4096)
                  0001c1ec    00001f80                     : arm_common_tables.obj (.const:armBitRevIndexTable_fixed_4096)
                  0001e16c    00001dc0                     : arm_common_tables.obj (.const:armBitRevIndexTable2048)
                  0001ff2c    00001800                     : arm_common_tables.obj (.const:twiddleCoef_1024_q31)
                  0002172c    00001800                     : arm_common_tables.obj (.const:twiddleCoef_2048_q15)
                  00022f2c    00001000                     : arm_common_tables.obj (.const:twiddleCoef_512)
                  00023f2c    00000f80                     : arm_common_tables.obj (.const:armBitRevIndexTable_fixed_2048)
                  00024eac    00000e10                     : arm_common_tables.obj (.const:armBitRevIndexTable1024)
                  00025cbc    00000c00                     : arm_common_tables.obj (.const:twiddleCoef_1024_q15)
                  000268bc    00000c00                     : arm_common_tables.obj (.const:twiddleCoef_512_q31)
                  000274bc    0000095e     grlib.lib : fontcm20.obj (.const:.string:g_pui8Cm20Data)
                  00027e1a    0000091e               : fontcmss22b.obj (.const:.string:g_pui8Cmss22bData)
                  00028738    00000800     dsplib-cm4f.lib : arm_common_tables.obj (.const:twiddleCoef_256)
                  00028f38    000007c0                     : arm_common_tables.obj (.const:armBitRevIndexTable_fixed_1024)
                  000296f8    00000600                     : arm_common_tables.obj (.const:twiddleCoef_256_q31)
                  00029cf8    00000600                     : arm_common_tables.obj (.const:twiddleCoef_512_q15)
                  0002a2f8    000004f8     filter_data.obj (.const:firCoeffs32)
                  0002a7f0    00000400     dsplib-cm4f.lib : arm_common_tables.obj (.const:twiddleCoef_128)
                  0002abf0    000003c0                     : arm_common_tables.obj (.const:armBitRevIndexTable_fixed_512)
                  0002afb0    00000380                     : arm_common_tables.obj (.const:armBitRevIndexTable512)
                  0002b330    00000370                     : arm_common_tables.obj (.const:armBitRevIndexTable256)
                  0002b6a0    00000300                     : arm_common_tables.obj (.const:twiddleCoef_128_q31)
                  0002b9a0    00000300                     : arm_common_tables.obj (.const:twiddleCoef_256_q15)
                  0002bca0    00000200                     : arm_common_tables.obj (.const:twiddleCoef_64)
                  0002bea0    000001e0                     : arm_common_tables.obj (.const:armBitRevIndexTable_fixed_256)
                  0002c080    000001b0                     : arm_const_structs.obj (.const)
                  0002c230    000001a0                     : arm_common_tables.obj (.const:armBitRevIndexTable128)
                  0002c3d0    00000180                     : arm_common_tables.obj (.const:twiddleCoef_128_q15)
                  0002c550    00000180                     : arm_common_tables.obj (.const:twiddleCoef_64_q31)
                  0002c6d0    00000100                     : arm_common_tables.obj (.const:twiddleCoef_32)
                  0002c7d0    000000e0                     : arm_common_tables.obj (.const:armBitRevIndexTable_fixed_128)
                  0002c8b0    000000c8     grlib.lib : fontcm20.obj (.const:g_sFontCm20)
                  0002c978    000000c8               : fontcmss22b.obj (.const:g_sFontCmss22b)
                  0002ca40    000000c0     dsplib-cm4f.lib : arm_common_tables.obj (.const:twiddleCoef_32_q31)
                  0002cb00    000000c0                     : arm_common_tables.obj (.const:twiddleCoef_64_q15)
                  0002cbc0    00000090     driverlib.lib : gpio.obj (.const:g_pui32GPIOBaseAddrs)
                  0002cc50    00000080     dsplib-cm4f.lib : arm_common_tables.obj (.const:twiddleCoef_16)
                  0002ccd0    00000070                     : arm_common_tables.obj (.const:armBitRevIndexTable64)
                  0002cd40    00000070                     : arm_common_tables.obj (.const:armBitRevIndexTable_fixed_64)
                  0002cdb0    00000070     driverlib.lib : interrupt.obj (.const)
                  0002ce20    0000006c                   : sysctl.obj (.const:g_pui32Xtals)
                  0002ce8c    00000060     dsplib-cm4f.lib : arm_common_tables.obj (.const:armBitRevIndexTable32)
                  0002ceec    00000060                     : arm_common_tables.obj (.const:twiddleCoef_16_q31)
                  0002cf4c    00000060                     : arm_common_tables.obj (.const:twiddleCoef_32_q15)
                  0002cfac    00000038     touch.obj (.const:g_lTouchParameters)
                  0002cfe4    00000030     dsplib-cm4f.lib : arm_common_tables.obj (.const:armBitRevIndexTable_fixed_32)
                  0002d014    00000030                     : arm_common_tables.obj (.const:twiddleCoef_16_q15)
                  0002d044    0000002e     gui.obj (.const:.string)
                  0002d072    00000028     dsplib-cm4f.lib : arm_common_tables.obj (.const:armBitRevIndexTable16)
                  0002d09a    00000002     --HOLE-- [fill = 0]
                  0002d09c    00000028     lcd_ssd2119_8bit.obj (.const:g_sLCD_SSD2119)
                  0002d0c4    0000001c     samping.obj (.const)
                  0002d0e0    00000018     dsplib-cm4f.lib : arm_common_tables.obj (.const)
                  0002d0f8    00000012     samping.obj (.const:.string)
                  0002d10a    00000002     --HOLE-- [fill = 0]
                  0002d10c    00000010     grlib.lib : context.obj (.const)
                  0002d11c    00000010     signal_dsp.obj (.const)

.text      0    0002d12c    000050da     
                  0002d12c    00000714     dsplib-cm4f.lib : arm_cfft_radix8_f32.obj (.text:arm_radix8_butterfly_f32)
                  0002d840    0000045a                     : arm_cfft_f32.obj (.text:arm_cfft_radix8by4_f32)
                  0002dc9a    00000002     tm4c123gh6pm_startup_ccs.obj (.text:FaultISR)
                  0002dc9c    00000370     grlib.lib : image.obj (.text:InternalImageDraw)
                  0002e00c    00000344     dsplib-cm4f.lib : arm_fir_f32.obj (.text:arm_fir_f32)
                  0002e350    000002e4     grlib.lib : image.obj (.text:PixelTransparentDraw)
                  0002e634    00000256               : string.obj (.text:GrFontGlyphRender)
                  0002e88a    00000002     tm4c123gh6pm_startup_ccs.obj (.text:IntDefaultHandler)
                  0002e88c    000001ea     samping.obj (.text:UARTvprintf)
                  0002ea76    00000002     lcd_ssd2119_8bit.obj (.text:LCD_SSD2119Flush)
                  0002ea78    000001b8     lcd_ssd2119_8bit.obj (.text:LCD_SSD2119Init)
                  0002ec30    00000194     grlib.lib : canvas.obj (.text:CanvasPaint)
                  0002edc4    00000186     dsplib-cm4f.lib : arm_cfft_f32.obj (.text:arm_cfft_radix8by2_f32)
                  0002ef4a    00000176     grlib.lib : pushbutton.obj (.text:RectangularButtonPaint)
                  0002f0c0    00000146     lcd_ssd2119_8bit.obj (.text:LCD_SSD2119PixelDrawMultiple)
                  0002f206    00000002     main.obj (.text:MenuGetSpeedMode)
                  0002f208    00000138     dsplib-cm4f.lib : arm_cmplx_mag_f32.obj (.text:arm_cmplx_mag_f32)
                  0002f340    00000136     rtsv7M4_T_le_v4SPD16_eabi.lib : fd_div_t2.obj (.text)
                  0002f476    00000002     tm4c123gh6pm_startup_ccs.obj (.text:NmiSR)
                  0002f478    00000134     touch.obj (.text:TouchScreenDebouncer)
                  0002f5ac    00000132     driverlib.lib : gpio.obj (.text:GPIOPadConfigSet)
                  0002f6de    00000002     signal_dsp.obj (.text:choiceTypeProcessing)
                  0002f6e0    00000128     touch.obj (.text:TouchScreenIntHandler)
                  0002f808    00000120     touch.obj (.text:TouchScreenInit)
                  0002f928    00000120     main.obj (.text:main)
                  0002fa48    00000110     driverlib.lib : sysctl.obj (.text:SysCtlClockGet)
                  0002fb58    00000104     lcd_ssd2119_8bit.obj (.text:LCD_PORT_Init)
                  0002fc5c    000000fc     main.obj (.text:DisplayData)
                  0002fd58    000000fc     rtsv7M4_T_le_v4SPD16_eabi.lib : fd_mul_t2.obj (.text)
                  0002fe54    000000f4     driverlib.lib : sysctl.obj (.text:SysCtlClockSet)
                  0002ff48    000000f2     grlib.lib : pushbutton.obj (.text:RectangularButtonClick)
                  0003003a    00000002     --HOLE-- [fill = 0]
                  0003003c    000000e8               : widget.obj (.text:WidgetMessageQueueAdd)
                  00030124    000000e4     samping.obj (.text:ADC3IntHandler)
                  00030208    000000e0     lcd_ssd2119_8bit.obj (.text:LCD_SSD2119RectFill)
                  000302e8    000000d6     dsplib-cm4f.lib : arm_cfft_f32.obj (.text:arm_cfft_f32)
                  000303be    000000c4     grlib.lib : string.obj (.text:GrDefaultStringRenderer)
                  00030482    000000c0     dsplib-cm4f.lib : arm_bitreversal2.obj (.text)
                  00030542    00000002     --HOLE-- [fill = 0]
                  00030544    000000bc     samping.obj (.text:InitADC3Transfer)
                  00030600    000000b4     grlib.lib : widget.obj (.text:WidgetMessageSendPostOrder)
                  000306b4    000000b0     dsplib-cm4f.lib : arm_max_f32.obj (.text:arm_max_f32)
                  00030764    0000009c     FFT_signal.obj (.text:FFTprocessing1)
                  00030800    0000009c     rtsv7M4_T_le_v4SPD16_eabi.lib : memcpy_t2.obj (.text)
                  0003089c    0000008c     signal_dsp.obj (.text:LowpassFilter)
                  00030928    00000088     signal_dsp.obj (.text:HighPassFilter)
                  000309b0    00000086     grlib.lib : rectangle.obj (.text:GrRectFill)
                  00030a36    00000002     --HOLE-- [fill = 0]
                  00030a38    00000084     driverlib.lib : udma.obj (.text:uDMAChannelTransferSet)
                  00030abc    0000007a                   : adc.obj (.text:ADCSequenceStepConfigure)
                  00030b36    0000007a     rtsv7M4_T_le_v4SPD16_eabi.lib : memset_t2.obj (.text)
                  00030bb0    0000006c                                   : autoinit.obj (.text)
                  00030c1c    0000006a     grlib.lib : string.obj (.text:GrStringWidthGet)
                  00030c86    0000006a     rtsv7M4_T_le_v4SPD16_eabi.lib : copy_decompress_rle.obj (.text)
                  00030cf0    00000068     grlib.lib : context.obj (.text:GrContextInit)
                  00030d58    00000068     driverlib.lib : interrupt.obj (.text:IntEnable)
                  00030dc0    00000068     dsplib-cm4f.lib : arm_mean_f32.obj (.text:arm_mean_f32)
                  00030e28    00000066     grlib.lib : rectangle.obj (.text:GrRectDraw)
                  00030e8e    00000002     --HOLE-- [fill = 0]
                  00030e90    00000064               : widget.obj (.text:WidgetMessageQueueProcess)
                  00030ef4    00000062               : context.obj (.text:GrContextClipRegionSet)
                  00030f56    00000002     --HOLE-- [fill = 0]
                  00030f58    00000060     signal_dsp.obj (.text:FIRprocessing)
                  00030fb8    00000060     driverlib.lib : timer.obj (.text:TimerConfigure)
                  00031018    0000005c     grlib.lib : widget.obj (.text:WidgetMessageSendPreOrder)
                  00031074    0000005a               : string.obj (.text:FontWideGlyphDataGet)
                  000310ce    00000002     --HOLE-- [fill = 0]
                  000310d0    00000058     samping.obj (.text:InitSamplingTimer)
                  00031128    00000058     lcd_ssd2119_8bit.obj (.text:LCD_SSD2119LineDrawH)
                  00031180    00000058     lcd_ssd2119_8bit.obj (.text:LCD_SSD2119LineDrawV)
                  000311d8    00000058     driverlib.lib : timer.obj (.text:TimerControlTrigger)
                  00031230    00000050     FFT_signal.obj (.text:ComplexBufFFT)
                  00031280    00000050     main.obj (.text:InitConsole)
                  000312d0    00000050     driverlib.lib : sysctl.obj (.text:SysCtlPeripheralReset)
                  00031320    00000050     rtsv7M4_T_le_v4SPD16_eabi.lib : boot.obj (.text)
                  00031370    00000050     samping.obj (.text:setAgainSampling)
                  000313c0    0000004c     rtsv7M4_T_le_v4SPD16_eabi.lib : cpy_tbl.obj (.text)
                  0003140c    0000004a     grlib.lib : string.obj (.text:UpdateContextCharMapping)
                  00031456    0000004a     rtsv7M4_T_le_v4SPD16_eabi.lib : fd_tos_t2.obj (.text)
                  000314a0    00000048     driverlib.lib : gpio.obj (.text:GPIOPinConfigure)
                  000314e8    00000048                   : interrupt.obj (.text:IntPendClear)
                  00031530    00000048                   : udma.obj (.text:uDMAChannelAttributeDisable)
                  00031578    00000046     grlib.lib : line.obj (.text:GrLineDrawH)
                  000315be    00000046               : line.obj (.text:GrLineDrawV)
                  00031604    00000046     driverlib.lib : uart.obj (.text:UARTConfigSetExpClk)
                  0003164a    00000002     --HOLE-- [fill = 0]
                  0003164c    00000044     samping.obj (.text:InitDebugTimer)
                  00031690    00000044     gui.obj (.text:InitDisplayTimer)
                  000316d4    00000044     samping.obj (.text:UARTStdioConfig)
                  00031718    00000044     lcd_ssd2119_8bit.obj (.text:WriteDataSPI)
                  0003175c    00000044     rtsv7M4_T_le_v4SPD16_eabi.lib : exit.obj (.text)
                  000317a0    00000042                                   : u_divt2.obj (.text)
                  000317e2    00000002     --HOLE-- [fill = 0]
                  000317e4    00000040                                   : signal.obj (.text)
                  00031824    0000003e     driverlib.lib : adc.obj (.text:ADCSequenceConfigure)
                  00031862    00000002     --HOLE-- [fill = 0]
                  00031864    0000003c     gui.obj (.text:InitGUI)
                  000318a0    0000003c     driverlib.lib : ssi.obj (.text:SSIConfigSetExpClk)
                  000318dc    0000003c     lcd_ssd2119_8bit.obj (.text:WriteCommandSPI)
                  00031918    0000003a     grlib.lib : string.obj (.text:FontGlyphDataGet)
                  00031952    00000038     lcd_ssd2119_8bit.obj (.text:LCD_SSD2119PixelDraw)
                  0003198a    00000002     --HOLE-- [fill = 0]
                  0003198c    00000038     driverlib.lib : sysctl.obj (.text:SysCtlPeripheralPresent)
                  000319c4    00000038     samping.obj (.text:UARTwrite)
                  000319fc    00000038     rtsv7M4_T_le_v4SPD16_eabi.lib : fs_tod_t2.obj (.text)
                  00031a34    00000034     FFT_signal.obj (.text:InitDSP1)
                  00031a68    00000034     driverlib.lib : sysctl.obj (.text:SysCtlPeripheralEnable)
                  00031a9c    00000034     samping.obj (.text:Timer0AIntHandler)
                  00031ad0    00000034     samping.obj (.text:Timer2AIntHandler)
                  00031b04    00000034     signal_dsp.obj (.text:cfir)
                  00031b38    00000034     rtsv7M4_T_le_v4SPD16_eabi.lib : feraiseexcept.obj (.text)
                  00031b6c    00000030     gui.obj (.text:Timer3AIntHandler)
                  00031b9c    00000030     rtsv7M4_T_le_v4SPD16_eabi.lib : xferaise.obj (.text)
                  00031bcc    0000002e     grlib.lib : string.obj (.text:GrStringNextCharGet)
                  00031bfa    0000002e     rtsv7M4_T_le_v4SPD16_eabi.lib : raise.obj (.text)
                  00031c28    0000002c     grlib.lib : string.obj (.text:GrFontBaselineGet)
                  00031c54    0000002c               : string.obj (.text:GrFontHeightGet)
                  00031c80    0000002a     driverlib.lib : gpio.obj (.text:GPIODirModeSet)
                  00031caa    0000002a     grlib.lib : widget.obj (.text:WidgetIsInTree)
                  00031cd4    00000028     gui.obj (.text:GUIUpdateDisplay)
                  00031cfc    00000028     main.obj (.text:InitGPIO)
                  00031d24    00000028     grlib.lib : pushbutton.obj (.text:RectangularButtonMsgProc)
                  00031d4c    00000026               : string.obj (.text:GrFontInfoGet)
                  00031d72    00000002     --HOLE-- [fill = 0]
                  00031d74    00000024     gui.obj (.text:OnButtonPress)
                  00031d98    00000024     grlib.lib : widget.obj (.text:WidgetAdd)
                  00031dbc    00000024     rtsv7M4_T_le_v4SPD16_eabi.lib : sqrtf.obj (.text)
                  00031de0    00000024     driverlib.lib : udma.obj (.text:uDMAChannelControlSet)
                  00031e04    00000024                   : udma.obj (.text:uDMAChannelSizeGet)
                  00031e28    00000022     grlib.lib : string.obj (.text:GrFontGlyphDataGet)
                  00031e4a    00000002     --HOLE-- [fill = 0]
                  00031e4c    00000020     driverlib.lib : uart.obj (.text:UARTDisable)
                  00031e6c    0000001e     grlib.lib : string.obj (.text:GrFontCodepageGet)
                  00031e8a    0000001e     dsplib-cm4f.lib : arm_fir_init_f32.obj (.text:arm_fir_init_f32)
                  00031ea8    0000001e     signal_dsp.obj (.text:wrap_)
                  00031ec6    00000002     --HOLE-- [fill = 0]
                  00031ec8    0000001c     touch.obj (.text:Timer1AIntHandler)
                  00031ee4    0000001c     grlib.lib : widget.obj (.text:WidgetPointerMessage)
                  00031f00    0000001c     samping.obj (.text:uDMAErrorHandler)
                  00031f1c    0000001a     samping.obj (.text:UARTprintf)
                  00031f36    00000018     driverlib.lib : adc.obj (.text:ADCProcessorTrigger)
                  00031f4e    00000018                   : gpio.obj (.text:GPIOPinTypeGPIOOutput)
                  00031f66    00000002     --HOLE-- [fill = 0]
                  00031f68    00000018                   : timer.obj (.text:TimerDisable)
                  00031f80    00000018     rtsv7M4_T_le_v4SPD16_eabi.lib : args_main.obj (.text)
                  00031f98    00000018     driverlib.lib : udma.obj (.text:uDMAChannelEnable)
                  00031fb0    00000018                   : udma.obj (.text:uDMAChannelIsEnabled)
                  00031fc8    00000016     grlib.lib : string.obj (.text:GrStringDraw)
                  00031fde    00000016     lcd_ssd2119_8bit.obj (.text:LCD_SSD2119ColorTranslate)
                  00031ff4    00000014     grlib.lib : canvas.obj (.text:CanvasMsgProc)
                  00032008    00000014     driverlib.lib : uart.obj (.text:UARTEnable)
                  0003201c    00000014     grlib.lib : widget.obj (.text:WidgetMutexGet)
                  00032030    00000014     rtsv7M4_T_le_v4SPD16_eabi.lib : _lock.obj (.text)
                  00032044    00000012     driverlib.lib : gpio.obj (.text:GPIOPinTypeSSI)
                  00032056    00000012                   : gpio.obj (.text:GPIOPinTypeUART)
                  00032068    00000012                   : ssi.obj (.text:SSIDataGetNonBlocking)
                  0003207a    00000012                   : timer.obj (.text:TimerLoadSet)
                  0003208c    00000010                   : adc.obj (.text:ADCIntEnable)
                  0003209c    00000010                   : fpu.obj (.text:FPUEnable)
                  000320ac    00000010                   : fpu.obj (.text:FPULazyStackingEnable)
                  000320bc    00000010                   : interrupt.obj (.text:IntMasterEnable)
                  000320cc    00000010                   : udma.obj (.text:uDMAEnable)
                  000320dc    0000000e                   : adc.obj (.text:ADCHardwareOversampleConfigure)
                  000320ea    0000000e                   : adc.obj (.text:ADCIntDisable)
                  000320f8    0000000e                   : adc.obj (.text:ADCSequenceEnable)
                  00032106    0000000e     grlib.lib : image.obj (.text:GrImageDraw)
                  00032114    0000000e     driverlib.lib : timer.obj (.text:TimerEnable)
                  00032122    0000000e     rtsv7M4_T_le_v4SPD16_eabi.lib : copy_decompress_none.obj (.text:decompress:none)
                  00032130    0000000c     driverlib.lib : cpu.obj (.text:CPUcpsie)
                  0003213c    0000000c     lcd_ssd2119_8bit.obj (.text:LED_backlight_ON)
                  00032148    0000000c     touch.obj (.text:TouchScreenCallbackSet)
                  00032154    0000000c     gui.obj (.text:UpdateGConfigs)
                  00032160    0000000c     rtsv7M4_T_le_v4SPD16_eabi.lib : copy_zero_init.obj (.text:decompress:ZI)
                  0003216c    0000000c     driverlib.lib : udma.obj (.text:uDMAControlBaseSet)
                  00032178    0000000c                   : udma.obj (.text:uDMAErrorStatusClear)
                  00032184    0000000c                   : udma.obj (.text:uDMAErrorStatusGet)
                  00032190    0000000a                   : adc.obj (.text:ADCIntClear)
                  0003219a    0000000a                   : ssi.obj (.text:SSIDataPut)
                  000321a4    0000000a                   : ssi.obj (.text:SSIEnable)
                  000321ae    0000000a                   : uart.obj (.text:UARTCharPut)
                  000321b8    00000008     grlib.lib : charmap.obj (.text:GrMapISO8859_1_Unicode)
                  000321c0    00000008     driverlib.lib : ssi.obj (.text:SSIBusy)
                  000321c8    00000008                   : timer.obj (.text:TimerIntEnable)
                  000321d0    00000006                   : gpio.obj (.text:GPIOPinWrite)
                  000321d6    00000006     grlib.lib : string.obj (.text:GrContextFontSet)
                  000321dc    00000006     tm4c123gh6pm_startup_ccs.obj (.text:ResetISR)
                  000321e2    00000006     driverlib.lib : sysctl.obj (.text:SysCtlDelay)
                  000321e8    00000006                   : uart.obj (.text:UARTClockSourceSet)
                  000321ee    00000006     grlib.lib : widget.obj (.text:WidgetMutexPut)
                  000321f4    00000006     rtsv7M4_T_le_v4SPD16_eabi.lib : copy_decompress_rle.obj (.text:decompress:rle24)
                  000321fa    00000004     driverlib.lib : timer.obj (.text:TimerIntClear)
                  000321fe    00000004     grlib.lib : widget.obj (.text:WidgetDefaultMsgProc)
                  00032202    00000004     rtsv7M4_T_le_v4SPD16_eabi.lib : pre_init.obj (.text)

.cinit     0    00032208    00000138     
                  00032208    0000010f     (.cinit..data.load) [load image, compression = rle]
                  00032317    00000001     --HOLE-- [fill = 0]
                  00032318    0000000c     (__TI_handler_table)
                  00032324    00000004     --HOLE-- [fill = 0]
                  00032328    00000008     (.cinit..bss.load) [load image, compression = zero_init]
                  00032330    00000010     (__TI_cinit_table)

.init_array 
*          0    00000000    00000000     UNINITIALIZED

.data      0    20000000    000032ac     UNINITIALIZED
                  20000000    00001000     main.obj (.data:g_fFFTResult)
                  20001000    00001000     samping.obj (.data:g_ulADCValues)
                  20002000    00001000     main.obj (.data:output3)
                  20003000    000000b0     rtsv7M4_T_le_v4SPD16_eabi.lib : signal.obj (.data:sigtable)
                  200030b0    00000050     gui.obj (.data:g_sPushBtn)
                  20003100    00000040     gui.obj (.data:g_sBackground)
                  20003140    00000040     gui.obj (.data:g_sHeading2)
                  20003180    00000040     gui.obj (.data:g_sHeading)
                  200031c0    00000030     samping.obj (.data:adcNode)
                  200031f0    0000002d     grlib.lib : widget.obj (.data)
                  2000321d    00000003     --HOLE--
                  20003220    00000028     FFT_signal.obj (.data:fftNode)
                  20003248    00000020     samping.obj (.data)
                  20003268    00000009     gui.obj (.data)
                  20003271    00000003     --HOLE--
                  20003274    00000008     FFT_signal.obj (.data)
                  2000327c    00000008     main.obj (.data)
                  20003284    00000008     rtsv7M4_T_le_v4SPD16_eabi.lib : _lock.obj (.data)
                  2000328c    00000008                                   : exit.obj (.data)
                  20003294    00000008                                   : feraiseexcept.obj (.data)
                  2000329c    00000004                                   : errno.obj (.data)
                  200032a0    00000004                                   : stkdepth_vars.obj (.data)
                  200032a4    00000004     signal_dsp.obj (.data)
                  200032a8    00000004     touch.obj (.data)

.bss       0    20003400    00001940     UNINITIALIZED
                  20003400    000014f4     signal_dsp.obj (.bss:firStateF32)
                  200048f4    00000020     (.common:g_pui8Dictionary)
                  20004914    00000010     (.common:g_psSamples)
                  20004924    00000004     (.common:g_pfnTSHandler)
                  20004928    00000004     (.common:g_plParmSet)
                  2000492c    00000004     (.common:g_psGrLibDefaults)
                  20004930    00000004     (.common:g_ulTSState)
                  20004934    00000004     (.common:pui16Data)
                  20004938    00000002     (.common:g_sTouchX)
                  2000493a    00000002     (.common:g_sTouchY)
                  2000493c    000000c4     --HOLE--
                  20004a00    00000200     samping.obj (.bss:ucControlTable)
                  20004c00    00000140     grlib.lib : widget.obj (.bss:g_psMQ)

.TI.persistent 
*          0    20000000    00000000     UNINITIALIZED

.TI.noinit 
*          0    20003400    00000000     UNINITIALIZED

.stack     0    20004d40    00000200     UNINITIALIZED
                  20004d40    00000200     --HOLE--


LINKER GENERATED COPY TABLES

__TI_cinit_table @ 00032330 records: 2, size/record: 8, table size: 16
	.data: load addr=00032208, load size=0000010f bytes, run addr=20000000, run size=000032ac bytes, compression=rle
	.bss: load addr=00032328, load size=00000008 bytes, run addr=20003400, run size=00001940 bytes, compression=zero_init


LINKER GENERATED HANDLER TABLE

__TI_handler_table @ 00032318 records: 3, size/record: 4, table size: 12
	index: 0, handler: __TI_decompress_rle24
	index: 1, handler: __TI_decompress_none
	index: 2, handler: __TI_zero_init


GLOBAL SYMBOLS: SORTED ALPHABETICALLY BY Name 

address   name                          
-------   ----                          
00030125  ADC3IntHandler                
000320dd  ADCHardwareOversampleConfigure
00032191  ADCIntClear                   
000320eb  ADCIntDisable                 
0003208d  ADCIntEnable                  
00031f37  ADCProcessorTrigger           
00031825  ADCSequenceConfigure          
000320f9  ADCSequenceEnable             
00030abd  ADCSequenceStepConfigure      
20003270  ButtonTF                      
0003175d  C$$EXIT                       
00032131  CPUcpsie                      
00031ff5  CanvasMsgProc                 
0002fc5d  DisplayData                   
00030765  FFTprocessing1                
00030f59  FIRprocessing                 
0003209d  FPUEnable                     
000320ad  FPULazyStackingEnable         
00031c81  GPIODirModeSet                
0002f5ad  GPIOPadConfigSet              
000314a1  GPIOPinConfigure              
00031f4f  GPIOPinTypeGPIOOutput         
00032045  GPIOPinTypeSSI                
00032057  GPIOPinTypeUART               
000321d1  GPIOPinWrite                  
00031cd5  GUIUpdateDisplay              
00030ef5  GrContextClipRegionSet        
000321d7  GrContextFontSet              
00030cf1  GrContextInit                 
000303bf  GrDefaultStringRenderer       
00031c29  GrFontBaselineGet             
00031e6d  GrFontCodepageGet             
00031e29  GrFontGlyphDataGet            
0002e635  GrFontGlyphRender             
00031c55  GrFontHeightGet               
00031d4d  GrFontInfoGet                 
00032107  GrImageDraw                   
00031579  GrLineDrawH                   
000315bf  GrLineDrawV                   
000321b9  GrMapISO8859_1_Unicode        
00030e29  GrRectDraw                    
000309b1  GrRectFill                    
00031fc9  GrStringDraw                  
00031bcd  GrStringNextCharGet           
00030c1d  GrStringWidthGet              
00030929  HighPassFilter                
00030545  InitADC3Transfer              
00031281  InitConsole                   
00031a35  InitDSP1                      
0003164d  InitDebugTimer                
00031cfd  InitGPIO                      
00031865  InitGUI                       
000310d1  InitSamplingTimer             
00030d59  IntEnable                     
000320bd  IntMasterEnable               
000314e9  IntPendClear                  
0002ea79  LCD_SSD2119Init               
0003213d  LED_backlight_ON              
0003089d  LowpassFilter                 
00031d25  RectangularButtonMsgProc      
000321dd  ResetISR                      
UNDEFED   SHT$$INIT_ARRAY$$Base         
UNDEFED   SHT$$INIT_ARRAY$$Limit        
000321c1  SSIBusy                       
000318a1  SSIConfigSetExpClk            
00032069  SSIDataGetNonBlocking         
0003219b  SSIDataPut                    
000321a5  SSIEnable                     
0002fa49  SysCtlClockGet                
0002fe55  SysCtlClockSet                
000321e3  SysCtlDelay                   
00031a69  SysCtlPeripheralEnable        
0003198d  SysCtlPeripheralPresent       
000312d1  SysCtlPeripheralReset         
00031a9d  Timer0AIntHandler             
00031ec9  Timer1AIntHandler             
00031ad1  Timer2AIntHandler             
00031b6d  Timer3AIntHandler             
2000326c  Timer3Count                   
00030fb9  TimerConfigure                
000311d9  TimerControlTrigger           
00031f69  TimerDisable                  
00032115  TimerEnable                   
000321fb  TimerIntClear                 
000321c9  TimerIntEnable                
0003207b  TimerLoadSet                  
00032149  TouchScreenCallbackSet        
0002f809  TouchScreenInit               
0002f6e1  TouchScreenIntHandler         
000321af  UARTCharPut                   
000321e9  UARTClockSourceSet            
00031605  UARTConfigSetExpClk           
00031e4d  UARTDisable                   
00032009  UARTEnable                    
000316d5  UARTStdioConfig               
00031f1d  UARTprintf                    
0002e88d  UARTvprintf                   
000319c5  UARTwrite                     
00032155  UpdateGConfigs                
00031d99  WidgetAdd                     
000321ff  WidgetDefaultMsgProc          
0003003d  WidgetMessageQueueAdd         
00030e91  WidgetMessageQueueProcess     
00030601  WidgetMessageSendPostOrder    
00031019  WidgetMessageSendPreOrder     
0003201d  WidgetMutexGet                
000321ef  WidgetMutexPut                
00031ee5  WidgetPointerMessage          
2000329c  _Errno                        
20003294  _Fenv                         
00031b9d  _Feraise                      
20003298  _Tls_setup__Fenv              
20004f40  __STACK_END                   
00000200  __STACK_SIZE                  
20004f40  __STACK_TOP                   
00032330  __TI_CINIT_Base               
00032340  __TI_CINIT_Limit              
00032318  __TI_Handler_Table_Base       
00032324  __TI_Handler_Table_Limit      
00030bb1  __TI_auto_init                
2000328c  __TI_cleanup_ptr              
00032123  __TI_decompress_none          
000321f5  __TI_decompress_rle24         
20003290  __TI_dtors_ptr                
00000000  __TI_static_base__            
00032161  __TI_zero_init                
00031457  __aeabi_d2f                   
0002f341  __aeabi_ddiv                  
0002fd59  __aeabi_dmul                  
000319fd  __aeabi_f2d                   
00030b37  __aeabi_memclr                
00030b37  __aeabi_memclr4               
00030b37  __aeabi_memclr8               
00030801  __aeabi_memcpy                
00030801  __aeabi_memcpy4               
00030801  __aeabi_memcpy8               
00030b39  __aeabi_memset                
00030b39  __aeabi_memset4               
00030b39  __aeabi_memset8               
000317a1  __aeabi_uidiv                 
000317a1  __aeabi_uidivmod              
ffffffff  __binit__                     
ffffffff  __c_args__                    
20004d40  __stack                       
00031f81  _args_main                    
00031321  _c_int00                      
20003284  _lock                         
0003203f  _nop                          
00032037  _register_lock                
00032031  _register_unlock              
00032203  _system_pre_init              
20003288  _unlock                       
00031761  abort                         
200031c0  adcNode                       
00024eac  armBitRevIndexTable1024       
0002c230  armBitRevIndexTable128        
0002d072  armBitRevIndexTable16         
0001e16c  armBitRevIndexTable2048       
0002b330  armBitRevIndexTable256        
0002ce8c  armBitRevIndexTable32         
0001a26c  armBitRevIndexTable4096       
0002afb0  armBitRevIndexTable512        
0002ccd0  armBitRevIndexTable64         
00028f38  armBitRevIndexTable_fixed_1024
0002c7d0  armBitRevIndexTable_fixed_128 
0002d0e0  armBitRevIndexTable_fixed_16  
00023f2c  armBitRevIndexTable_fixed_2048
0002bea0  armBitRevIndexTable_fixed_256 
0002cfe4  armBitRevIndexTable_fixed_32  
0001c1ec  armBitRevIndexTable_fixed_4096
0002abf0  armBitRevIndexTable_fixed_512 
0002cd40  armBitRevIndexTable_fixed_64  
000304ed  arm_bitreversal_16            
00030483  arm_bitreversal_32            
000302e9  arm_cfft_f32                  
0002edc5  arm_cfft_radix8by2_f32        
0002d841  arm_cfft_radix8by4_f32        
0002c0e0  arm_cfft_sR_f32_len1024       
0002c0b0  arm_cfft_sR_f32_len128        
0002c080  arm_cfft_sR_f32_len16         
0002c0f0  arm_cfft_sR_f32_len2048       
0002c0c0  arm_cfft_sR_f32_len256        
0002c090  arm_cfft_sR_f32_len32         
0002c100  arm_cfft_sR_f32_len4096       
0002c0d0  arm_cfft_sR_f32_len512        
0002c0a0  arm_cfft_sR_f32_len64         
0002c200  arm_cfft_sR_q15_len1024       
0002c1d0  arm_cfft_sR_q15_len128        
0002c1a0  arm_cfft_sR_q15_len16         
0002c210  arm_cfft_sR_q15_len2048       
0002c1e0  arm_cfft_sR_q15_len256        
0002c1b0  arm_cfft_sR_q15_len32         
0002c220  arm_cfft_sR_q15_len4096       
0002c1f0  arm_cfft_sR_q15_len512        
0002c1c0  arm_cfft_sR_q15_len64         
0002c170  arm_cfft_sR_q31_len1024       
0002c140  arm_cfft_sR_q31_len128        
0002c110  arm_cfft_sR_q31_len16         
0002c180  arm_cfft_sR_q31_len2048       
0002c150  arm_cfft_sR_q31_len256        
0002c120  arm_cfft_sR_q31_len32         
0002c190  arm_cfft_sR_q31_len4096       
0002c160  arm_cfft_sR_q31_len512        
0002c130  arm_cfft_sR_q31_len64         
0002f209  arm_cmplx_mag_f32             
0002e00d  arm_fir_f32                   
00031e8b  arm_fir_init_f32              
000306b5  arm_max_f32                   
00030dc1  arm_mean_f32                  
0002d12d  arm_radix8_butterfly_f32      
ffffffff  binit                         
00031b05  cfir                          
0002f6df  choiceTypeProcessing          
000313c1  copy_in                       
20003252  countFullData                 
20003254  countTimerISRLoopSample       
2000324c  currentAdcBuffer              
20003278  doBitReverse                  
00031769  exit                          
00031b39  feraiseexcept                 
20003220  fftNode                       
0002a2f8  firCoeffs32                   
20003250  flagTransBuffDone             
20000000  g_fFFTResult                  
200032a4  g_fFIRResult                  
0002cfac  g_lTouchParameters            
00000000  g_pfnVectors                  
20004928  g_plParmSet                   
0002d10c  g_psDefaultCodePointMapTable  
20003100  g_sBackground                 
0002c8b0  g_sFontCm20                   
0002c978  g_sFontCmss22b                
20003180  g_sHeading                    
20003140  g_sHeading2                   
0002d09c  g_sLCD_SSD2119                
200030b0  g_sPushBtn                    
200031f0  g_sRoot                       
200032a8  g_sTouchMin                   
20004938  g_sTouchX                     
2000493a  g_sTouchY                     
2000326a  g_ucCfgDisplay                
20003268  g_ucDispRefresh               
2000327c  g_uiDSPPerSec                 
20001000  g_ulADCValues                 
20003274  ifftFlag                      
0002f929  main                          
200032a0  main_func_sp                  
00030801  memcpy                        
00030b3f  memset                        
20002000  output3                       
20004934  pui16Data                     
00031bfb  raise                         
00031371  setAgainSampling              
000317e5  signal                        
00031dbd  sqrtf                         
0001826c  twiddleCoef_1024              
00025cbc  twiddleCoef_1024_q15          
0001ff2c  twiddleCoef_1024_q31          
0002a7f0  twiddleCoef_128               
0002c3d0  twiddleCoef_128_q15           
0002b6a0  twiddleCoef_128_q31           
0002cc50  twiddleCoef_16                
0002d014  twiddleCoef_16_q15            
0002ceec  twiddleCoef_16_q31            
0000e26c  twiddleCoef_2048              
0002172c  twiddleCoef_2048_q15          
0001226c  twiddleCoef_2048_q31          
00028738  twiddleCoef_256               
0002b9a0  twiddleCoef_256_q15           
000296f8  twiddleCoef_256_q31           
0002c6d0  twiddleCoef_32                
0002cf4c  twiddleCoef_32_q15            
0002ca40  twiddleCoef_32_q31            
0000026c  twiddleCoef_4096              
0001526c  twiddleCoef_4096_q15          
0000826c  twiddleCoef_4096_q31          
00022f2c  twiddleCoef_512               
00029cf8  twiddleCoef_512_q15           
000268bc  twiddleCoef_512_q31           
0002bca0  twiddleCoef_64                
0002cb00  twiddleCoef_64_q15            
0002c550  twiddleCoef_64_q31            
00031531  uDMAChannelAttributeDisable   
00031de1  uDMAChannelControlSet         
00031f99  uDMAChannelEnable             
00031fb1  uDMAChannelIsEnabled          
00031e05  uDMAChannelSizeGet            
00030a39  uDMAChannelTransferSet        
0003216d  uDMAControlBaseSet            
000320cd  uDMAEnable                    
00031f01  uDMAErrorHandler              
00032179  uDMAErrorStatusClear          
00032185  uDMAErrorStatusGet            
20003258  uIdx                          
20004a00  ucControlTable                
00031ea9  wrap_                         


GLOBAL SYMBOLS: SORTED BY Symbol Address 

address   name                          
-------   ----                          
00000000  __TI_static_base__            
00000000  g_pfnVectors                  
00000200  __STACK_SIZE                  
0000026c  twiddleCoef_4096              
0000826c  twiddleCoef_4096_q31          
0000e26c  twiddleCoef_2048              
0001226c  twiddleCoef_2048_q31          
0001526c  twiddleCoef_4096_q15          
0001826c  twiddleCoef_1024              
0001a26c  armBitRevIndexTable4096       
0001c1ec  armBitRevIndexTable_fixed_4096
0001e16c  armBitRevIndexTable2048       
0001ff2c  twiddleCoef_1024_q31          
0002172c  twiddleCoef_2048_q15          
00022f2c  twiddleCoef_512               
00023f2c  armBitRevIndexTable_fixed_2048
00024eac  armBitRevIndexTable1024       
00025cbc  twiddleCoef_1024_q15          
000268bc  twiddleCoef_512_q31           
00028738  twiddleCoef_256               
00028f38  armBitRevIndexTable_fixed_1024
000296f8  twiddleCoef_256_q31           
00029cf8  twiddleCoef_512_q15           
0002a2f8  firCoeffs32                   
0002a7f0  twiddleCoef_128               
0002abf0  armBitRevIndexTable_fixed_512 
0002afb0  armBitRevIndexTable512        
0002b330  armBitRevIndexTable256        
0002b6a0  twiddleCoef_128_q31           
0002b9a0  twiddleCoef_256_q15           
0002bca0  twiddleCoef_64                
0002bea0  armBitRevIndexTable_fixed_256 
0002c080  arm_cfft_sR_f32_len16         
0002c090  arm_cfft_sR_f32_len32         
0002c0a0  arm_cfft_sR_f32_len64         
0002c0b0  arm_cfft_sR_f32_len128        
0002c0c0  arm_cfft_sR_f32_len256        
0002c0d0  arm_cfft_sR_f32_len512        
0002c0e0  arm_cfft_sR_f32_len1024       
0002c0f0  arm_cfft_sR_f32_len2048       
0002c100  arm_cfft_sR_f32_len4096       
0002c110  arm_cfft_sR_q31_len16         
0002c120  arm_cfft_sR_q31_len32         
0002c130  arm_cfft_sR_q31_len64         
0002c140  arm_cfft_sR_q31_len128        
0002c150  arm_cfft_sR_q31_len256        
0002c160  arm_cfft_sR_q31_len512        
0002c170  arm_cfft_sR_q31_len1024       
0002c180  arm_cfft_sR_q31_len2048       
0002c190  arm_cfft_sR_q31_len4096       
0002c1a0  arm_cfft_sR_q15_len16         
0002c1b0  arm_cfft_sR_q15_len32         
0002c1c0  arm_cfft_sR_q15_len64         
0002c1d0  arm_cfft_sR_q15_len128        
0002c1e0  arm_cfft_sR_q15_len256        
0002c1f0  arm_cfft_sR_q15_len512        
0002c200  arm_cfft_sR_q15_len1024       
0002c210  arm_cfft_sR_q15_len2048       
0002c220  arm_cfft_sR_q15_len4096       
0002c230  armBitRevIndexTable128        
0002c3d0  twiddleCoef_128_q15           
0002c550  twiddleCoef_64_q31            
0002c6d0  twiddleCoef_32                
0002c7d0  armBitRevIndexTable_fixed_128 
0002c8b0  g_sFontCm20                   
0002c978  g_sFontCmss22b                
0002ca40  twiddleCoef_32_q31            
0002cb00  twiddleCoef_64_q15            
0002cc50  twiddleCoef_16                
0002ccd0  armBitRevIndexTable64         
0002cd40  armBitRevIndexTable_fixed_64  
0002ce8c  armBitRevIndexTable32         
0002ceec  twiddleCoef_16_q31            
0002cf4c  twiddleCoef_32_q15            
0002cfac  g_lTouchParameters            
0002cfe4  armBitRevIndexTable_fixed_32  
0002d014  twiddleCoef_16_q15            
0002d072  armBitRevIndexTable16         
0002d09c  g_sLCD_SSD2119                
0002d0e0  armBitRevIndexTable_fixed_16  
0002d10c  g_psDefaultCodePointMapTable  
0002d12d  arm_radix8_butterfly_f32      
0002d841  arm_cfft_radix8by4_f32        
0002e00d  arm_fir_f32                   
0002e635  GrFontGlyphRender             
0002e88d  UARTvprintf                   
0002ea79  LCD_SSD2119Init               
0002edc5  arm_cfft_radix8by2_f32        
0002f209  arm_cmplx_mag_f32             
0002f341  __aeabi_ddiv                  
0002f5ad  GPIOPadConfigSet              
0002f6df  choiceTypeProcessing          
0002f6e1  TouchScreenIntHandler         
0002f809  TouchScreenInit               
0002f929  main                          
0002fa49  SysCtlClockGet                
0002fc5d  DisplayData                   
0002fd59  __aeabi_dmul                  
0002fe55  SysCtlClockSet                
0003003d  WidgetMessageQueueAdd         
00030125  ADC3IntHandler                
000302e9  arm_cfft_f32                  
000303bf  GrDefaultStringRenderer       
00030483  arm_bitreversal_32            
000304ed  arm_bitreversal_16            
00030545  InitADC3Transfer              
00030601  WidgetMessageSendPostOrder    
000306b5  arm_max_f32                   
00030765  FFTprocessing1                
00030801  __aeabi_memcpy                
00030801  __aeabi_memcpy4               
00030801  __aeabi_memcpy8               
00030801  memcpy                        
0003089d  LowpassFilter                 
00030929  HighPassFilter                
000309b1  GrRectFill                    
00030a39  uDMAChannelTransferSet        
00030abd  ADCSequenceStepConfigure      
00030b37  __aeabi_memclr                
00030b37  __aeabi_memclr4               
00030b37  __aeabi_memclr8               
00030b39  __aeabi_memset                
00030b39  __aeabi_memset4               
00030b39  __aeabi_memset8               
00030b3f  memset                        
00030bb1  __TI_auto_init                
00030c1d  GrStringWidthGet              
00030cf1  GrContextInit                 
00030d59  IntEnable                     
00030dc1  arm_mean_f32                  
00030e29  GrRectDraw                    
00030e91  WidgetMessageQueueProcess     
00030ef5  GrContextClipRegionSet        
00030f59  FIRprocessing                 
00030fb9  TimerConfigure                
00031019  WidgetMessageSendPreOrder     
000310d1  InitSamplingTimer             
000311d9  TimerControlTrigger           
00031281  InitConsole                   
000312d1  SysCtlPeripheralReset         
00031321  _c_int00                      
00031371  setAgainSampling              
000313c1  copy_in                       
00031457  __aeabi_d2f                   
000314a1  GPIOPinConfigure              
000314e9  IntPendClear                  
00031531  uDMAChannelAttributeDisable   
00031579  GrLineDrawH                   
000315bf  GrLineDrawV                   
00031605  UARTConfigSetExpClk           
0003164d  InitDebugTimer                
000316d5  UARTStdioConfig               
0003175d  C$$EXIT                       
00031761  abort                         
00031769  exit                          
000317a1  __aeabi_uidiv                 
000317a1  __aeabi_uidivmod              
000317e5  signal                        
00031825  ADCSequenceConfigure          
00031865  InitGUI                       
000318a1  SSIConfigSetExpClk            
0003198d  SysCtlPeripheralPresent       
000319c5  UARTwrite                     
000319fd  __aeabi_f2d                   
00031a35  InitDSP1                      
00031a69  SysCtlPeripheralEnable        
00031a9d  Timer0AIntHandler             
00031ad1  Timer2AIntHandler             
00031b05  cfir                          
00031b39  feraiseexcept                 
00031b6d  Timer3AIntHandler             
00031b9d  _Feraise                      
00031bcd  GrStringNextCharGet           
00031bfb  raise                         
00031c29  GrFontBaselineGet             
00031c55  GrFontHeightGet               
00031c81  GPIODirModeSet                
00031cd5  GUIUpdateDisplay              
00031cfd  InitGPIO                      
00031d25  RectangularButtonMsgProc      
00031d4d  GrFontInfoGet                 
00031d99  WidgetAdd                     
00031dbd  sqrtf                         
00031de1  uDMAChannelControlSet         
00031e05  uDMAChannelSizeGet            
00031e29  GrFontGlyphDataGet            
00031e4d  UARTDisable                   
00031e6d  GrFontCodepageGet             
00031e8b  arm_fir_init_f32              
00031ea9  wrap_                         
00031ec9  Timer1AIntHandler             
00031ee5  WidgetPointerMessage          
00031f01  uDMAErrorHandler              
00031f1d  UARTprintf                    
00031f37  ADCProcessorTrigger           
00031f4f  GPIOPinTypeGPIOOutput         
00031f69  TimerDisable                  
00031f81  _args_main                    
00031f99  uDMAChannelEnable             
00031fb1  uDMAChannelIsEnabled          
00031fc9  GrStringDraw                  
00031ff5  CanvasMsgProc                 
00032009  UARTEnable                    
0003201d  WidgetMutexGet                
00032031  _register_unlock              
00032037  _register_lock                
0003203f  _nop                          
00032045  GPIOPinTypeSSI                
00032057  GPIOPinTypeUART               
00032069  SSIDataGetNonBlocking         
0003207b  TimerLoadSet                  
0003208d  ADCIntEnable                  
0003209d  FPUEnable                     
000320ad  FPULazyStackingEnable         
000320bd  IntMasterEnable               
000320cd  uDMAEnable                    
000320dd  ADCHardwareOversampleConfigure
000320eb  ADCIntDisable                 
000320f9  ADCSequenceEnable             
00032107  GrImageDraw                   
00032115  TimerEnable                   
00032123  __TI_decompress_none          
00032131  CPUcpsie                      
0003213d  LED_backlight_ON              
00032149  TouchScreenCallbackSet        
00032155  UpdateGConfigs                
00032161  __TI_zero_init                
0003216d  uDMAControlBaseSet            
00032179  uDMAErrorStatusClear          
00032185  uDMAErrorStatusGet            
00032191  ADCIntClear                   
0003219b  SSIDataPut                    
000321a5  SSIEnable                     
000321af  UARTCharPut                   
000321b9  GrMapISO8859_1_Unicode        
000321c1  SSIBusy                       
000321c9  TimerIntEnable                
000321d1  GPIOPinWrite                  
000321d7  GrContextFontSet              
000321dd  ResetISR                      
000321e3  SysCtlDelay                   
000321e9  UARTClockSourceSet            
000321ef  WidgetMutexPut                
000321f5  __TI_decompress_rle24         
000321fb  TimerIntClear                 
000321ff  WidgetDefaultMsgProc          
00032203  _system_pre_init              
00032318  __TI_Handler_Table_Base       
00032324  __TI_Handler_Table_Limit      
00032330  __TI_CINIT_Base               
00032340  __TI_CINIT_Limit              
20000000  g_fFFTResult                  
20001000  g_ulADCValues                 
20002000  output3                       
200030b0  g_sPushBtn                    
20003100  g_sBackground                 
20003140  g_sHeading2                   
20003180  g_sHeading                    
200031c0  adcNode                       
200031f0  g_sRoot                       
20003220  fftNode                       
2000324c  currentAdcBuffer              
20003250  flagTransBuffDone             
20003252  countFullData                 
20003254  countTimerISRLoopSample       
20003258  uIdx                          
20003268  g_ucDispRefresh               
2000326a  g_ucCfgDisplay                
2000326c  Timer3Count                   
20003270  ButtonTF                      
20003274  ifftFlag                      
20003278  doBitReverse                  
2000327c  g_uiDSPPerSec                 
20003284  _lock                         
20003288  _unlock                       
2000328c  __TI_cleanup_ptr              
20003290  __TI_dtors_ptr                
20003294  _Fenv                         
20003298  _Tls_setup__Fenv              
2000329c  _Errno                        
200032a0  main_func_sp                  
200032a4  g_fFIRResult                  
200032a8  g_sTouchMin                   
20004928  g_plParmSet                   
20004934  pui16Data                     
20004938  g_sTouchX                     
2000493a  g_sTouchY                     
20004a00  ucControlTable                
20004d40  __stack                       
20004f40  __STACK_END                   
20004f40  __STACK_TOP                   
ffffffff  __binit__                     
ffffffff  __c_args__                    
ffffffff  binit                         
UNDEFED   SHT$$INIT_ARRAY$$Base         
UNDEFED   SHT$$INIT_ARRAY$$Limit        

[296 symbols]
