<?xml version="1.0"?>
<link_info>
   <banner>TI ARM Linker PC v5.2.2</banner>
   <copyright>Copyright (c) 1996-2015 Texas Instruments Incorporated</copyright>
   <link_time>0x56e3f7e4</link_time>
   <link_errors>0x0</link_errors>
   <output_file>HB100_FP_A.out</output_file>
   <entry_point>
      <name>_c_int00</name>
      <address>0x313d5</address>
   </entry_point>
   <input_file_list>
      <input_file id="fl-2">
         <path>.\</path>
         <kind>object</kind>
         <file>FFT_signal.obj</file>
         <name>FFT_signal.obj</name>
      </input_file>
      <input_file id="fl-3">
         <path>.\</path>
         <kind>object</kind>
         <file>buffer.obj</file>
         <name>buffer.obj</name>
      </input_file>
      <input_file id="fl-4">
         <path>.\</path>
         <kind>object</kind>
         <file>filter_data.obj</file>
         <name>filter_data.obj</name>
      </input_file>
      <input_file id="fl-5">
         <path>.\</path>
         <kind>object</kind>
         <file>gui.obj</file>
         <name>gui.obj</name>
      </input_file>
      <input_file id="fl-6">
         <path>.\</path>
         <kind>object</kind>
         <file>images.obj</file>
         <name>images.obj</name>
      </input_file>
      <input_file id="fl-7">
         <path>.\</path>
         <kind>object</kind>
         <file>lcd_ssd2119_8bit.obj</file>
         <name>lcd_ssd2119_8bit.obj</name>
      </input_file>
      <input_file id="fl-8">
         <path>.\</path>
         <kind>object</kind>
         <file>main.obj</file>
         <name>main.obj</name>
      </input_file>
      <input_file id="fl-9">
         <path>.\</path>
         <kind>object</kind>
         <file>math_helper.obj</file>
         <name>math_helper.obj</name>
      </input_file>
      <input_file id="fl-a">
         <path>.\</path>
         <kind>object</kind>
         <file>samping.obj</file>
         <name>samping.obj</name>
      </input_file>
      <input_file id="fl-b">
         <path>.\</path>
         <kind>object</kind>
         <file>signal_dsp.obj</file>
         <name>signal_dsp.obj</name>
      </input_file>
      <input_file id="fl-c">
         <path>.\</path>
         <kind>object</kind>
         <file>ti_hamming_window_vector.obj</file>
         <name>ti_hamming_window_vector.obj</name>
      </input_file>
      <input_file id="fl-d">
         <path>.\</path>
         <kind>object</kind>
         <file>tm4c123gh6pm_startup_ccs.obj</file>
         <name>tm4c123gh6pm_startup_ccs.obj</name>
      </input_file>
      <input_file id="fl-e">
         <path>.\</path>
         <kind>object</kind>
         <file>touch.obj</file>
         <name>touch.obj</name>
      </input_file>
      <input_file id="fl-16">
         <path>C:\ti\TivaWare_C_Series-2.1.1.71\driverlib\ccs\Debug\</path>
         <kind>archive</kind>
         <file>driverlib.lib</file>
         <name>adc.obj</name>
      </input_file>
      <input_file id="fl-17">
         <path>C:\ti\TivaWare_C_Series-2.1.1.71\driverlib\ccs\Debug\</path>
         <kind>archive</kind>
         <file>driverlib.lib</file>
         <name>fpu.obj</name>
      </input_file>
      <input_file id="fl-18">
         <path>C:\ti\TivaWare_C_Series-2.1.1.71\driverlib\ccs\Debug\</path>
         <kind>archive</kind>
         <file>driverlib.lib</file>
         <name>gpio.obj</name>
      </input_file>
      <input_file id="fl-19">
         <path>C:\ti\TivaWare_C_Series-2.1.1.71\driverlib\ccs\Debug\</path>
         <kind>archive</kind>
         <file>driverlib.lib</file>
         <name>interrupt.obj</name>
      </input_file>
      <input_file id="fl-1a">
         <path>C:\ti\TivaWare_C_Series-2.1.1.71\driverlib\ccs\Debug\</path>
         <kind>archive</kind>
         <file>driverlib.lib</file>
         <name>ssi.obj</name>
      </input_file>
      <input_file id="fl-1b">
         <path>C:\ti\TivaWare_C_Series-2.1.1.71\driverlib\ccs\Debug\</path>
         <kind>archive</kind>
         <file>driverlib.lib</file>
         <name>sysctl.obj</name>
      </input_file>
      <input_file id="fl-1c">
         <path>C:\ti\TivaWare_C_Series-2.1.1.71\driverlib\ccs\Debug\</path>
         <kind>archive</kind>
         <file>driverlib.lib</file>
         <name>timer.obj</name>
      </input_file>
      <input_file id="fl-1d">
         <path>C:\ti\TivaWare_C_Series-2.1.1.71\driverlib\ccs\Debug\</path>
         <kind>archive</kind>
         <file>driverlib.lib</file>
         <name>uart.obj</name>
      </input_file>
      <input_file id="fl-1e">
         <path>C:\ti\TivaWare_C_Series-2.1.1.71\driverlib\ccs\Debug\</path>
         <kind>archive</kind>
         <file>driverlib.lib</file>
         <name>udma.obj</name>
      </input_file>
      <input_file id="fl-1f">
         <path>C:\ti\TivaWare_C_Series-2.1.1.71\driverlib\ccs\Debug\</path>
         <kind>archive</kind>
         <file>driverlib.lib</file>
         <name>cpu.obj</name>
      </input_file>
      <input_file id="fl-20">
         <path>C:\ti\TivaWare_C_Series-2.1.1.71\grlib\ccs\Debug\</path>
         <kind>archive</kind>
         <file>grlib.lib</file>
         <name>canvas.obj</name>
      </input_file>
      <input_file id="fl-21">
         <path>C:\ti\TivaWare_C_Series-2.1.1.71\grlib\ccs\Debug\</path>
         <kind>archive</kind>
         <file>grlib.lib</file>
         <name>context.obj</name>
      </input_file>
      <input_file id="fl-22">
         <path>C:\ti\TivaWare_C_Series-2.1.1.71\grlib\ccs\Debug\</path>
         <kind>archive</kind>
         <file>grlib.lib</file>
         <name>image.obj</name>
      </input_file>
      <input_file id="fl-23">
         <path>C:\ti\TivaWare_C_Series-2.1.1.71\grlib\ccs\Debug\</path>
         <kind>archive</kind>
         <file>grlib.lib</file>
         <name>pushbutton.obj</name>
      </input_file>
      <input_file id="fl-24">
         <path>C:\ti\TivaWare_C_Series-2.1.1.71\grlib\ccs\Debug\</path>
         <kind>archive</kind>
         <file>grlib.lib</file>
         <name>rectangle.obj</name>
      </input_file>
      <input_file id="fl-25">
         <path>C:\ti\TivaWare_C_Series-2.1.1.71\grlib\ccs\Debug\</path>
         <kind>archive</kind>
         <file>grlib.lib</file>
         <name>string.obj</name>
      </input_file>
      <input_file id="fl-26">
         <path>C:\ti\TivaWare_C_Series-2.1.1.71\grlib\ccs\Debug\</path>
         <kind>archive</kind>
         <file>grlib.lib</file>
         <name>widget.obj</name>
      </input_file>
      <input_file id="fl-27">
         <path>C:\ti\TivaWare_C_Series-2.1.1.71\grlib\ccs\Debug\</path>
         <kind>archive</kind>
         <file>grlib.lib</file>
         <name>fontcm20.obj</name>
      </input_file>
      <input_file id="fl-28">
         <path>C:\ti\TivaWare_C_Series-2.1.1.71\grlib\ccs\Debug\</path>
         <kind>archive</kind>
         <file>grlib.lib</file>
         <name>fontcmss22b.obj</name>
      </input_file>
      <input_file id="fl-29">
         <path>C:\ti\TivaWare_C_Series-2.1.1.71\grlib\ccs\Debug\</path>
         <kind>archive</kind>
         <file>grlib.lib</file>
         <name>charmap.obj</name>
      </input_file>
      <input_file id="fl-2a">
         <path>C:\ti\TivaWare_C_Series-2.1.1.71\grlib\ccs\Debug\</path>
         <kind>archive</kind>
         <file>grlib.lib</file>
         <name>circle.obj</name>
      </input_file>
      <input_file id="fl-2b">
         <path>C:\ti\TivaWare_C_Series-2.1.1.71\grlib\ccs\Debug\</path>
         <kind>archive</kind>
         <file>grlib.lib</file>
         <name>line.obj</name>
      </input_file>
      <input_file id="fl-14d">
         <path>C:\ti\ccsv6\tools\compiler\ti-cgt-arm_5.2.2\lib\</path>
         <kind>archive</kind>
         <file>rtsv7M4_T_le_v4SPD16_eabi.lib</file>
         <name>boot.obj</name>
      </input_file>
      <input_file id="fl-14e">
         <path>C:\ti\ccsv6\tools\compiler\ti-cgt-arm_5.2.2\lib\</path>
         <kind>archive</kind>
         <file>rtsv7M4_T_le_v4SPD16_eabi.lib</file>
         <name>copy_decompress_none.obj</name>
      </input_file>
      <input_file id="fl-14f">
         <path>C:\ti\ccsv6\tools\compiler\ti-cgt-arm_5.2.2\lib\</path>
         <kind>archive</kind>
         <file>rtsv7M4_T_le_v4SPD16_eabi.lib</file>
         <name>copy_decompress_rle.obj</name>
      </input_file>
      <input_file id="fl-150">
         <path>C:\ti\ccsv6\tools\compiler\ti-cgt-arm_5.2.2\lib\</path>
         <kind>archive</kind>
         <file>rtsv7M4_T_le_v4SPD16_eabi.lib</file>
         <name>copy_zero_init.obj</name>
      </input_file>
      <input_file id="fl-151">
         <path>C:\ti\ccsv6\tools\compiler\ti-cgt-arm_5.2.2\lib\</path>
         <kind>archive</kind>
         <file>rtsv7M4_T_le_v4SPD16_eabi.lib</file>
         <name>exit.obj</name>
      </input_file>
      <input_file id="fl-152">
         <path>C:\ti\ccsv6\tools\compiler\ti-cgt-arm_5.2.2\lib\</path>
         <kind>archive</kind>
         <file>rtsv7M4_T_le_v4SPD16_eabi.lib</file>
         <name>fd_add_t2.obj</name>
      </input_file>
      <input_file id="fl-153">
         <path>C:\ti\ccsv6\tools\compiler\ti-cgt-arm_5.2.2\lib\</path>
         <kind>archive</kind>
         <file>rtsv7M4_T_le_v4SPD16_eabi.lib</file>
         <name>fd_div_t2.obj</name>
      </input_file>
      <input_file id="fl-154">
         <path>C:\ti\ccsv6\tools\compiler\ti-cgt-arm_5.2.2\lib\</path>
         <kind>archive</kind>
         <file>rtsv7M4_T_le_v4SPD16_eabi.lib</file>
         <name>fd_mul_t2.obj</name>
      </input_file>
      <input_file id="fl-155">
         <path>C:\ti\ccsv6\tools\compiler\ti-cgt-arm_5.2.2\lib\</path>
         <kind>archive</kind>
         <file>rtsv7M4_T_le_v4SPD16_eabi.lib</file>
         <name>fd_toi_t2.obj</name>
      </input_file>
      <input_file id="fl-156">
         <path>C:\ti\ccsv6\tools\compiler\ti-cgt-arm_5.2.2\lib\</path>
         <kind>archive</kind>
         <file>rtsv7M4_T_le_v4SPD16_eabi.lib</file>
         <name>fd_tos_t2.obj</name>
      </input_file>
      <input_file id="fl-157">
         <path>C:\ti\ccsv6\tools\compiler\ti-cgt-arm_5.2.2\lib\</path>
         <kind>archive</kind>
         <file>rtsv7M4_T_le_v4SPD16_eabi.lib</file>
         <name>fs_tod_t2.obj</name>
      </input_file>
      <input_file id="fl-158">
         <path>C:\ti\ccsv6\tools\compiler\ti-cgt-arm_5.2.2\lib\</path>
         <kind>archive</kind>
         <file>rtsv7M4_T_le_v4SPD16_eabi.lib</file>
         <name>i_tofd_t2.obj</name>
      </input_file>
      <input_file id="fl-159">
         <path>C:\ti\ccsv6\tools\compiler\ti-cgt-arm_5.2.2\lib\</path>
         <kind>archive</kind>
         <file>rtsv7M4_T_le_v4SPD16_eabi.lib</file>
         <name>log10.obj</name>
      </input_file>
      <input_file id="fl-15a">
         <path>C:\ti\ccsv6\tools\compiler\ti-cgt-arm_5.2.2\lib\</path>
         <kind>archive</kind>
         <file>rtsv7M4_T_le_v4SPD16_eabi.lib</file>
         <name>memcpy_t2.obj</name>
      </input_file>
      <input_file id="fl-15b">
         <path>C:\ti\ccsv6\tools\compiler\ti-cgt-arm_5.2.2\lib\</path>
         <kind>archive</kind>
         <file>rtsv7M4_T_le_v4SPD16_eabi.lib</file>
         <name>memset_t2.obj</name>
      </input_file>
      <input_file id="fl-15c">
         <path>C:\ti\ccsv6\tools\compiler\ti-cgt-arm_5.2.2\lib\</path>
         <kind>archive</kind>
         <file>rtsv7M4_T_le_v4SPD16_eabi.lib</file>
         <name>pre_init.obj</name>
      </input_file>
      <input_file id="fl-15d">
         <path>C:\ti\ccsv6\tools\compiler\ti-cgt-arm_5.2.2\lib\</path>
         <kind>archive</kind>
         <file>rtsv7M4_T_le_v4SPD16_eabi.lib</file>
         <name>stkdepth_vars.obj</name>
      </input_file>
      <input_file id="fl-15e">
         <path>C:\ti\ccsv6\tools\compiler\ti-cgt-arm_5.2.2\lib\</path>
         <kind>archive</kind>
         <file>rtsv7M4_T_le_v4SPD16_eabi.lib</file>
         <name>u_divt2.obj</name>
      </input_file>
      <input_file id="fl-15f">
         <path>C:\ti\ccsv6\tools\compiler\ti-cgt-arm_5.2.2\lib\</path>
         <kind>archive</kind>
         <file>rtsv7M4_T_le_v4SPD16_eabi.lib</file>
         <name>vsprintf.obj</name>
      </input_file>
      <input_file id="fl-160">
         <path>C:\ti\ccsv6\tools\compiler\ti-cgt-arm_5.2.2\lib\</path>
         <kind>archive</kind>
         <file>rtsv7M4_T_le_v4SPD16_eabi.lib</file>
         <name>xlog.obj</name>
      </input_file>
      <input_file id="fl-161">
         <path>C:\ti\ccsv6\tools\compiler\ti-cgt-arm_5.2.2\lib\</path>
         <kind>archive</kind>
         <file>rtsv7M4_T_le_v4SPD16_eabi.lib</file>
         <name>xvalues.obj</name>
      </input_file>
      <input_file id="fl-162">
         <path>C:\ti\ccsv6\tools\compiler\ti-cgt-arm_5.2.2\lib\</path>
         <kind>archive</kind>
         <file>rtsv7M4_T_le_v4SPD16_eabi.lib</file>
         <name>_lock.obj</name>
      </input_file>
      <input_file id="fl-163">
         <path>C:\ti\ccsv6\tools\compiler\ti-cgt-arm_5.2.2\lib\</path>
         <kind>archive</kind>
         <file>rtsv7M4_T_le_v4SPD16_eabi.lib</file>
         <name>_printfi.obj</name>
      </input_file>
      <input_file id="fl-164">
         <path>C:\ti\ccsv6\tools\compiler\ti-cgt-arm_5.2.2\lib\</path>
         <kind>archive</kind>
         <file>rtsv7M4_T_le_v4SPD16_eabi.lib</file>
         <name>args_main.obj</name>
      </input_file>
      <input_file id="fl-165">
         <path>C:\ti\ccsv6\tools\compiler\ti-cgt-arm_5.2.2\lib\</path>
         <kind>archive</kind>
         <file>rtsv7M4_T_le_v4SPD16_eabi.lib</file>
         <name>atoi.obj</name>
      </input_file>
      <input_file id="fl-166">
         <path>C:\ti\ccsv6\tools\compiler\ti-cgt-arm_5.2.2\lib\</path>
         <kind>archive</kind>
         <file>rtsv7M4_T_le_v4SPD16_eabi.lib</file>
         <name>autoinit.obj</name>
      </input_file>
      <input_file id="fl-167">
         <path>C:\ti\ccsv6\tools\compiler\ti-cgt-arm_5.2.2\lib\</path>
         <kind>archive</kind>
         <file>rtsv7M4_T_le_v4SPD16_eabi.lib</file>
         <name>cpy_tbl.obj</name>
      </input_file>
      <input_file id="fl-168">
         <path>C:\ti\ccsv6\tools\compiler\ti-cgt-arm_5.2.2\lib\</path>
         <kind>archive</kind>
         <file>rtsv7M4_T_le_v4SPD16_eabi.lib</file>
         <name>ctype.obj</name>
      </input_file>
      <input_file id="fl-169">
         <path>C:\ti\ccsv6\tools\compiler\ti-cgt-arm_5.2.2\lib\</path>
         <kind>archive</kind>
         <file>rtsv7M4_T_le_v4SPD16_eabi.lib</file>
         <name>fd_cmp_t2.obj</name>
      </input_file>
      <input_file id="fl-16a">
         <path>C:\ti\ccsv6\tools\compiler\ti-cgt-arm_5.2.2\lib\</path>
         <kind>archive</kind>
         <file>rtsv7M4_T_le_v4SPD16_eabi.lib</file>
         <name>frexp.obj</name>
      </input_file>
      <input_file id="fl-16b">
         <path>C:\ti\ccsv6\tools\compiler\ti-cgt-arm_5.2.2\lib\</path>
         <kind>archive</kind>
         <file>rtsv7M4_T_le_v4SPD16_eabi.lib</file>
         <name>ldexp.obj</name>
      </input_file>
      <input_file id="fl-16c">
         <path>C:\ti\ccsv6\tools\compiler\ti-cgt-arm_5.2.2\lib\</path>
         <kind>archive</kind>
         <file>rtsv7M4_T_le_v4SPD16_eabi.lib</file>
         <name>ltoa.obj</name>
      </input_file>
      <input_file id="fl-16d">
         <path>C:\ti\ccsv6\tools\compiler\ti-cgt-arm_5.2.2\lib\</path>
         <kind>archive</kind>
         <file>rtsv7M4_T_le_v4SPD16_eabi.lib</file>
         <name>memccpy.obj</name>
      </input_file>
      <input_file id="fl-16e">
         <path>C:\ti\ccsv6\tools\compiler\ti-cgt-arm_5.2.2\lib\</path>
         <kind>archive</kind>
         <file>rtsv7M4_T_le_v4SPD16_eabi.lib</file>
         <name>strchr.obj</name>
      </input_file>
      <input_file id="fl-16f">
         <path>C:\ti\ccsv6\tools\compiler\ti-cgt-arm_5.2.2\lib\</path>
         <kind>archive</kind>
         <file>rtsv7M4_T_le_v4SPD16_eabi.lib</file>
         <name>strlen.obj</name>
      </input_file>
      <input_file id="fl-170">
         <path>C:\ti\ccsv6\tools\compiler\ti-cgt-arm_5.2.2\lib\</path>
         <kind>archive</kind>
         <file>rtsv7M4_T_le_v4SPD16_eabi.lib</file>
         <name>ull_div_t2.obj</name>
      </input_file>
      <input_file id="fl-171">
         <path>C:\ti\ccsv6\tools\compiler\ti-cgt-arm_5.2.2\lib\</path>
         <kind>archive</kind>
         <file>rtsv7M4_T_le_v4SPD16_eabi.lib</file>
         <name>xdclass.obj</name>
      </input_file>
      <input_file id="fl-172">
         <path>C:\ti\ccsv6\tools\compiler\ti-cgt-arm_5.2.2\lib\</path>
         <kind>archive</kind>
         <file>rtsv7M4_T_le_v4SPD16_eabi.lib</file>
         <name>xdscale.obj</name>
      </input_file>
      <input_file id="fl-173">
         <path>C:\ti\ccsv6\tools\compiler\ti-cgt-arm_5.2.2\lib\</path>
         <kind>archive</kind>
         <file>rtsv7M4_T_le_v4SPD16_eabi.lib</file>
         <name>xdunscal.obj</name>
      </input_file>
      <input_file id="fl-174">
         <path>C:\ti\ccsv6\tools\compiler\ti-cgt-arm_5.2.2\lib\</path>
         <kind>archive</kind>
         <file>rtsv7M4_T_le_v4SPD16_eabi.lib</file>
         <name>xferaise.obj</name>
      </input_file>
      <input_file id="fl-175">
         <path>C:\ti\ccsv6\tools\compiler\ti-cgt-arm_5.2.2\lib\</path>
         <kind>archive</kind>
         <file>rtsv7M4_T_le_v4SPD16_eabi.lib</file>
         <name>xfvalues.obj</name>
      </input_file>
      <input_file id="fl-176">
         <path>C:\ti\ccsv6\tools\compiler\ti-cgt-arm_5.2.2\lib\</path>
         <kind>archive</kind>
         <file>rtsv7M4_T_le_v4SPD16_eabi.lib</file>
         <name>errno.obj</name>
      </input_file>
      <input_file id="fl-177">
         <path>C:\ti\ccsv6\tools\compiler\ti-cgt-arm_5.2.2\lib\</path>
         <kind>archive</kind>
         <file>rtsv7M4_T_le_v4SPD16_eabi.lib</file>
         <name>feraiseexcept.obj</name>
      </input_file>
      <input_file id="fl-178">
         <path>C:\ti\ccsv6\tools\compiler\ti-cgt-arm_5.2.2\lib\</path>
         <kind>archive</kind>
         <file>rtsv7M4_T_le_v4SPD16_eabi.lib</file>
         <name>raise.obj</name>
      </input_file>
      <input_file id="fl-179">
         <path>C:\ti\ccsv6\tools\compiler\ti-cgt-arm_5.2.2\lib\</path>
         <kind>archive</kind>
         <file>rtsv7M4_T_le_v4SPD16_eabi.lib</file>
         <name>signal.obj</name>
      </input_file>
      <input_file id="fl-17a">
         <path>C:\ti\ccsv6\tools\compiler\ti-cgt-arm_5.2.2\lib\</path>
         <kind>archive</kind>
         <file>rtsv7M4_T_le_v4SPD16_eabi.lib</file>
         <name>xdnorm.obj</name>
      </input_file>
      <input_file id="fl-17b">
         <path>C:\Users\Thuy Vy\workspace_v6_1\dsplib-cm4f\Debug\</path>
         <kind>archive</kind>
         <file>dsplib-cm4f.lib</file>
         <name>arm_cfft_f32.obj</name>
      </input_file>
      <input_file id="fl-17c">
         <path>C:\Users\Thuy Vy\workspace_v6_1\dsplib-cm4f\Debug\</path>
         <kind>archive</kind>
         <file>dsplib-cm4f.lib</file>
         <name>arm_cfft_radix8_f32.obj</name>
      </input_file>
      <input_file id="fl-17d">
         <path>C:\Users\Thuy Vy\workspace_v6_1\dsplib-cm4f\Debug\</path>
         <kind>archive</kind>
         <file>dsplib-cm4f.lib</file>
         <name>arm_rfft_fast_f32.obj</name>
      </input_file>
      <input_file id="fl-17e">
         <path>C:\Users\Thuy Vy\workspace_v6_1\dsplib-cm4f\Debug\</path>
         <kind>archive</kind>
         <file>dsplib-cm4f.lib</file>
         <name>arm_rfft_fast_init_f32.obj</name>
      </input_file>
      <input_file id="fl-17f">
         <path>C:\Users\Thuy Vy\workspace_v6_1\dsplib-cm4f\Debug\</path>
         <kind>archive</kind>
         <file>dsplib-cm4f.lib</file>
         <name>arm_max_f32.obj</name>
      </input_file>
      <input_file id="fl-180">
         <path>C:\Users\Thuy Vy\workspace_v6_1\dsplib-cm4f\Debug\</path>
         <kind>archive</kind>
         <file>dsplib-cm4f.lib</file>
         <name>arm_mean_f32.obj</name>
      </input_file>
      <input_file id="fl-181">
         <path>C:\Users\Thuy Vy\workspace_v6_1\dsplib-cm4f\Debug\</path>
         <kind>archive</kind>
         <file>dsplib-cm4f.lib</file>
         <name>arm_fir_f32.obj</name>
      </input_file>
      <input_file id="fl-182">
         <path>C:\Users\Thuy Vy\workspace_v6_1\dsplib-cm4f\Debug\</path>
         <kind>archive</kind>
         <file>dsplib-cm4f.lib</file>
         <name>arm_fir_init_f32.obj</name>
      </input_file>
      <input_file id="fl-183">
         <path>C:\Users\Thuy Vy\workspace_v6_1\dsplib-cm4f\Debug\</path>
         <kind>archive</kind>
         <file>dsplib-cm4f.lib</file>
         <name>arm_cmplx_mag_f32.obj</name>
      </input_file>
      <input_file id="fl-184">
         <path>C:\Users\Thuy Vy\workspace_v6_1\dsplib-cm4f\Debug\</path>
         <kind>archive</kind>
         <file>dsplib-cm4f.lib</file>
         <name>arm_common_tables.obj</name>
      </input_file>
      <input_file id="fl-185">
         <path>C:\Users\Thuy Vy\workspace_v6_1\dsplib-cm4f\Debug\</path>
         <kind>archive</kind>
         <file>dsplib-cm4f.lib</file>
         <name>arm_const_structs.obj</name>
      </input_file>
      <input_file id="fl-186">
         <path>C:\Users\Thuy Vy\workspace_v6_1\dsplib-cm4f\Debug\</path>
         <kind>archive</kind>
         <file>dsplib-cm4f.lib</file>
         <name>arm_bitreversal2.obj</name>
      </input_file>
      <input_file id="fl-187">
         <path>C:\ti\ccsv6\tools\compiler\ti-cgt-arm_5.2.2\lib\</path>
         <kind>archive</kind>
         <file>rtsv7M4_T_le_v4SPD16_eabi.lib</file>
         <name>sqrtf.obj</name>
      </input_file>
   </input_file_list>
   <object_component_list>
      <object_component id="oc-f">
         <name>.intvecs</name>
         <load_address>0x0</load_address>
         <run_address>0x0</run_address>
         <size>0x26c</size>
         <input_file_ref idref="fl-d"/>
      </object_component>
      <object_component id="oc-496">
         <name>.text:arm_radix8_butterfly_f32</name>
         <load_address>0x2d12c</load_address>
         <run_address>0x2d12c</run_address>
         <size>0x714</size>
         <input_file_ref idref="fl-17c"/>
      </object_component>
      <object_component id="oc-49c">
         <name>.text:arm_cfft_radix8by4_f32</name>
         <load_address>0x2d840</load_address>
         <run_address>0x2d840</run_address>
         <size>0x45a</size>
         <input_file_ref idref="fl-17b"/>
      </object_component>
      <object_component id="oc-36">
         <name>.text:FaultISR</name>
         <load_address>0x2dc9a</load_address>
         <run_address>0x2dc9a</run_address>
         <size>0x2</size>
         <input_file_ref idref="fl-d"/>
      </object_component>
      <object_component id="oc-721">
         <name>.text:InternalImageDraw</name>
         <load_address>0x2dc9c</load_address>
         <run_address>0x2dc9c</run_address>
         <size>0x370</size>
         <input_file_ref idref="fl-22"/>
      </object_component>
      <object_component id="oc-38e">
         <name>.text:arm_fir_f32</name>
         <load_address>0x2e00c</load_address>
         <run_address>0x2e00c</run_address>
         <size>0x344</size>
         <input_file_ref idref="fl-181"/>
      </object_component>
      <object_component id="oc-779">
         <name>.text:PixelTransparentDraw</name>
         <load_address>0x2e350</load_address>
         <run_address>0x2e350</run_address>
         <size>0x2e4</size>
         <input_file_ref idref="fl-22"/>
      </object_component>
      <object_component id="oc-763">
         <name>.text:GrFontGlyphRender</name>
         <load_address>0x2e634</load_address>
         <run_address>0x2e634</run_address>
         <size>0x256</size>
         <input_file_ref idref="fl-25"/>
      </object_component>
      <object_component id="oc-3c">
         <name>.text:IntDefaultHandler</name>
         <load_address>0x2e88a</load_address>
         <run_address>0x2e88a</run_address>
         <size>0x2</size>
         <input_file_ref idref="fl-d"/>
      </object_component>
      <object_component id="oc-548">
         <name>.text:UARTvprintf</name>
         <load_address>0x2e88c</load_address>
         <run_address>0x2e88c</run_address>
         <size>0x1ea</size>
         <input_file_ref idref="fl-a"/>
      </object_component>
      <object_component id="oc-5d4">
         <name>.text:LCD_SSD2119Flush</name>
         <load_address>0x2ea76</load_address>
         <run_address>0x2ea76</run_address>
         <size>0x2</size>
         <input_file_ref idref="fl-7"/>
      </object_component>
      <object_component id="oc-32f">
         <name>.text:LCD_SSD2119Init</name>
         <load_address>0x2ea78</load_address>
         <run_address>0x2ea78</run_address>
         <size>0x1b8</size>
         <input_file_ref idref="fl-7"/>
      </object_component>
      <object_component id="oc-5dc">
         <name>.text:CanvasPaint</name>
         <load_address>0x2ec30</load_address>
         <run_address>0x2ec30</run_address>
         <size>0x194</size>
         <input_file_ref idref="fl-20"/>
      </object_component>
      <object_component id="oc-4a2">
         <name>.text:arm_cfft_radix8by2_f32</name>
         <load_address>0x2edc4</load_address>
         <run_address>0x2edc4</run_address>
         <size>0x186</size>
         <input_file_ref idref="fl-17b"/>
      </object_component>
      <object_component id="oc-6eb">
         <name>.text:RectangularButtonPaint</name>
         <load_address>0x2ef4a</load_address>
         <run_address>0x2ef4a</run_address>
         <size>0x176</size>
         <input_file_ref idref="fl-23"/>
      </object_component>
      <object_component id="oc-42">
         <name>.text:ADC3IntHandler</name>
         <load_address>0x2f0c0</load_address>
         <run_address>0x2f0c0</run_address>
         <size>0x16c</size>
         <input_file_ref idref="fl-a"/>
      </object_component>
      <object_component id="oc-5b6">
         <name>.text:LCD_SSD2119PixelDrawMultiple</name>
         <load_address>0x2f22c</load_address>
         <run_address>0x2f22c</run_address>
         <size>0x146</size>
         <input_file_ref idref="fl-7"/>
      </object_component>
      <object_component id="oc-3ca">
         <name>.text:MenuGetSpeedMode</name>
         <load_address>0x2f372</load_address>
         <run_address>0x2f372</run_address>
         <size>0x2</size>
         <input_file_ref idref="fl-8"/>
      </object_component>
      <object_component id="oc-3b1">
         <name>.text:arm_cmplx_mag_f32</name>
         <load_address>0x2f374</load_address>
         <run_address>0x2f374</run_address>
         <size>0x138</size>
         <input_file_ref idref="fl-183"/>
      </object_component>
      <object_component id="oc-376">
         <name>.text</name>
         <load_address>0x2f4ac</load_address>
         <run_address>0x2f4ac</run_address>
         <size>0x136</size>
         <input_file_ref idref="fl-153"/>
      </object_component>
      <object_component id="oc-30">
         <name>.text:NmiSR</name>
         <load_address>0x2f5e2</load_address>
         <run_address>0x2f5e2</run_address>
         <size>0x2</size>
         <input_file_ref idref="fl-d"/>
      </object_component>
      <object_component id="oc-138">
         <name>.text:TouchScreenDebouncer</name>
         <load_address>0x2f5e4</load_address>
         <run_address>0x2f5e4</run_address>
         <size>0x134</size>
         <input_file_ref idref="fl-e"/>
      </object_component>
      <object_component id="oc-40a">
         <name>.text:GPIOPadConfigSet</name>
         <load_address>0x2f718</load_address>
         <run_address>0x2f718</run_address>
         <size>0x132</size>
         <input_file_ref idref="fl-18"/>
      </object_component>
      <object_component id="oc-228">
         <name>.text:choiceTypeProcessing</name>
         <load_address>0x2f84a</load_address>
         <run_address>0x2f84a</run_address>
         <size>0x2</size>
         <input_file_ref idref="fl-b"/>
      </object_component>
      <object_component id="oc-66">
         <name>.text:TouchScreenIntHandler</name>
         <load_address>0x2f84c</load_address>
         <run_address>0x2f84c</run_address>
         <size>0x128</size>
         <input_file_ref idref="fl-e"/>
      </object_component>
      <object_component id="oc-335">
         <name>.text:TouchScreenInit</name>
         <load_address>0x2f974</load_address>
         <run_address>0x2f974</run_address>
         <size>0x120</size>
         <input_file_ref idref="fl-e"/>
      </object_component>
      <object_component id="oc-16c">
         <name>.text:main</name>
         <load_address>0x2fa94</load_address>
         <run_address>0x2fa94</run_address>
         <size>0x120</size>
         <input_file_ref idref="fl-8"/>
      </object_component>
      <object_component id="oc-de">
         <name>.text:SysCtlClockGet</name>
         <load_address>0x2fbb4</load_address>
         <run_address>0x2fbb4</run_address>
         <size>0x110</size>
         <input_file_ref idref="fl-1b"/>
      </object_component>
      <object_component id="oc-437">
         <name>.text:LCD_PORT_Init</name>
         <load_address>0x2fcc4</load_address>
         <run_address>0x2fcc4</run_address>
         <size>0x104</size>
         <input_file_ref idref="fl-7"/>
      </object_component>
      <object_component id="oc-24c">
         <name>.text:DisplayData</name>
         <load_address>0x2fdc8</load_address>
         <run_address>0x2fdc8</run_address>
         <size>0xfc</size>
         <input_file_ref idref="fl-8"/>
      </object_component>
      <object_component id="oc-371">
         <name>.text</name>
         <load_address>0x2fec4</load_address>
         <run_address>0x2fec4</run_address>
         <size>0xfc</size>
         <input_file_ref idref="fl-154"/>
      </object_component>
      <object_component id="oc-1da">
         <name>.text:SysCtlClockSet</name>
         <load_address>0x2ffc0</load_address>
         <run_address>0x2ffc0</run_address>
         <size>0xf4</size>
         <input_file_ref idref="fl-1b"/>
      </object_component>
      <object_component id="oc-6f1">
         <name>.text:RectangularButtonClick</name>
         <load_address>0x300b4</load_address>
         <run_address>0x300b4</run_address>
         <size>0xf2</size>
         <input_file_ref idref="fl-23"/>
      </object_component>
      <object_component id="oc-341">
         <name>.text:WidgetMessageQueueAdd</name>
         <load_address>0x301a8</load_address>
         <run_address>0x301a8</run_address>
         <size>0xe8</size>
         <input_file_ref idref="fl-26"/>
      </object_component>
      <object_component id="oc-5c8">
         <name>.text:LCD_SSD2119RectFill</name>
         <load_address>0x30290</load_address>
         <run_address>0x30290</run_address>
         <size>0xe0</size>
         <input_file_ref idref="fl-7"/>
      </object_component>
      <object_component id="oc-3ab">
         <name>.text:arm_cfft_f32</name>
         <load_address>0x30370</load_address>
         <run_address>0x30370</run_address>
         <size>0xd6</size>
         <input_file_ref idref="fl-17b"/>
      </object_component>
      <object_component id="oc-1f2">
         <name>.text:InitADC3Transfer</name>
         <load_address>0x30448</load_address>
         <run_address>0x30448</run_address>
         <size>0xd0</size>
         <input_file_ref idref="fl-a"/>
      </object_component>
      <object_component id="oc-704">
         <name>.text:GrDefaultStringRenderer</name>
         <load_address>0x30518</load_address>
         <run_address>0x30518</run_address>
         <size>0xc4</size>
         <input_file_ref idref="fl-25"/>
      </object_component>
      <object_component id="oc-4a8">
         <name>.text</name>
         <load_address>0x305dc</load_address>
         <run_address>0x305dc</run_address>
         <size>0xc0</size>
         <input_file_ref idref="fl-186"/>
      </object_component>
      <object_component id="oc-246">
         <name>.text:FFTprocessing1</name>
         <load_address>0x3069c</load_address>
         <run_address>0x3069c</run_address>
         <size>0xb4</size>
         <input_file_ref idref="fl-2"/>
      </object_component>
      <object_component id="oc-3dc">
         <name>.text:WidgetMessageSendPostOrder</name>
         <load_address>0x30750</load_address>
         <run_address>0x30750</run_address>
         <size>0xb4</size>
         <input_file_ref idref="fl-26"/>
      </object_component>
      <object_component id="oc-3b7">
         <name>.text:arm_max_f32</name>
         <load_address>0x30804</load_address>
         <run_address>0x30804</run_address>
         <size>0xb0</size>
         <input_file_ref idref="fl-17f"/>
      </object_component>
      <object_component id="oc-6f">
         <name>.text</name>
         <load_address>0x308b4</load_address>
         <run_address>0x308b4</run_address>
         <size>0x9c</size>
         <input_file_ref idref="fl-15a"/>
      </object_component>
      <object_component id="oc-234">
         <name>.text:LowpassFilter</name>
         <load_address>0x30950</load_address>
         <run_address>0x30950</run_address>
         <size>0x8c</size>
         <input_file_ref idref="fl-b"/>
      </object_component>
      <object_component id="oc-22e">
         <name>.text:HighPassFilter</name>
         <load_address>0x309dc</load_address>
         <run_address>0x309dc</run_address>
         <size>0x88</size>
         <input_file_ref idref="fl-b"/>
      </object_component>
      <object_component id="oc-6a4">
         <name>.text:GrRectFill</name>
         <load_address>0x30a64</load_address>
         <run_address>0x30a64</run_address>
         <size>0x86</size>
         <input_file_ref idref="fl-24"/>
      </object_component>
      <object_component id="oc-c6">
         <name>.text:uDMAChannelTransferSet</name>
         <load_address>0x30aec</load_address>
         <run_address>0x30aec</run_address>
         <size>0x84</size>
         <input_file_ref idref="fl-1e"/>
      </object_component>
      <object_component id="oc-2e0">
         <name>.text:ADCSequenceStepConfigure</name>
         <load_address>0x30b70</load_address>
         <run_address>0x30b70</run_address>
         <size>0x7a</size>
         <input_file_ref idref="fl-16"/>
      </object_component>
      <object_component id="oc-88">
         <name>.text</name>
         <load_address>0x30bea</load_address>
         <run_address>0x30bea</run_address>
         <size>0x7a</size>
         <input_file_ref idref="fl-15b"/>
      </object_component>
      <object_component id="oc-9a">
         <name>.text</name>
         <load_address>0x30c64</load_address>
         <run_address>0x30c64</run_address>
         <size>0x6c</size>
         <input_file_ref idref="fl-166"/>
      </object_component>
      <object_component id="oc-6bc">
         <name>.text:GrStringWidthGet</name>
         <load_address>0x30cd0</load_address>
         <run_address>0x30cd0</run_address>
         <size>0x6a</size>
         <input_file_ref idref="fl-25"/>
      </object_component>
      <object_component id="oc-7b">
         <name>.text</name>
         <load_address>0x30d3a</load_address>
         <run_address>0x30d3a</run_address>
         <size>0x6a</size>
         <input_file_ref idref="fl-14f"/>
      </object_component>
      <object_component id="oc-698">
         <name>.text:GrContextInit</name>
         <load_address>0x30da4</load_address>
         <run_address>0x30da4</run_address>
         <size>0x68</size>
         <input_file_ref idref="fl-21"/>
      </object_component>
      <object_component id="oc-216">
         <name>.text:IntEnable</name>
         <load_address>0x30e0c</load_address>
         <run_address>0x30e0c</run_address>
         <size>0x68</size>
         <input_file_ref idref="fl-19"/>
      </object_component>
      <object_component id="oc-3bd">
         <name>.text:arm_mean_f32</name>
         <load_address>0x30e74</load_address>
         <run_address>0x30e74</run_address>
         <size>0x68</size>
         <input_file_ref idref="fl-180"/>
      </object_component>
      <object_component id="oc-6aa">
         <name>.text:GrRectDraw</name>
         <load_address>0x30edc</load_address>
         <run_address>0x30edc</run_address>
         <size>0x66</size>
         <input_file_ref idref="fl-24"/>
      </object_component>
      <object_component id="oc-24e">
         <name>.text:WidgetMessageQueueProcess</name>
         <load_address>0x30f44</load_address>
         <run_address>0x30f44</run_address>
         <size>0x64</size>
         <input_file_ref idref="fl-26"/>
      </object_component>
      <object_component id="oc-69e">
         <name>.text:GrContextClipRegionSet</name>
         <load_address>0x30fa8</load_address>
         <run_address>0x30fa8</run_address>
         <size>0x62</size>
         <input_file_ref idref="fl-21"/>
      </object_component>
      <object_component id="oc-23a">
         <name>.text:FIRprocessing</name>
         <load_address>0x3100c</load_address>
         <run_address>0x3100c</run_address>
         <size>0x60</size>
         <input_file_ref idref="fl-b"/>
      </object_component>
      <object_component id="oc-2b5">
         <name>.text:TimerConfigure</name>
         <load_address>0x3106c</load_address>
         <run_address>0x3106c</run_address>
         <size>0x60</size>
         <input_file_ref idref="fl-1c"/>
      </object_component>
      <object_component id="oc-3d6">
         <name>.text:WidgetMessageSendPreOrder</name>
         <load_address>0x310cc</load_address>
         <run_address>0x310cc</run_address>
         <size>0x5c</size>
         <input_file_ref idref="fl-26"/>
      </object_component>
      <object_component id="oc-78d">
         <name>.text:FontWideGlyphDataGet</name>
         <load_address>0x31128</load_address>
         <run_address>0x31128</run_address>
         <size>0x5a</size>
         <input_file_ref idref="fl-25"/>
      </object_component>
      <object_component id="oc-1ec">
         <name>.text:InitSamplingTimer</name>
         <load_address>0x31184</load_address>
         <run_address>0x31184</run_address>
         <size>0x58</size>
         <input_file_ref idref="fl-a"/>
      </object_component>
      <object_component id="oc-5bc">
         <name>.text:LCD_SSD2119LineDrawH</name>
         <load_address>0x311dc</load_address>
         <run_address>0x311dc</run_address>
         <size>0x58</size>
         <input_file_ref idref="fl-7"/>
      </object_component>
      <object_component id="oc-5c2">
         <name>.text:LCD_SSD2119LineDrawV</name>
         <load_address>0x31234</load_address>
         <run_address>0x31234</run_address>
         <size>0x58</size>
         <input_file_ref idref="fl-7"/>
      </object_component>
      <object_component id="oc-2bb">
         <name>.text:TimerControlTrigger</name>
         <load_address>0x3128c</load_address>
         <run_address>0x3128c</run_address>
         <size>0x58</size>
         <input_file_ref idref="fl-1c"/>
      </object_component>
      <object_component id="oc-3a5">
         <name>.text:ComplexBufFFT</name>
         <load_address>0x312e4</load_address>
         <run_address>0x312e4</run_address>
         <size>0x50</size>
         <input_file_ref idref="fl-2"/>
      </object_component>
      <object_component id="oc-204">
         <name>.text:InitConsole</name>
         <load_address>0x31334</load_address>
         <run_address>0x31334</run_address>
         <size>0x50</size>
         <input_file_ref idref="fl-8"/>
      </object_component>
      <object_component id="oc-2c8">
         <name>.text:SysCtlPeripheralReset</name>
         <load_address>0x31384</load_address>
         <run_address>0x31384</run_address>
         <size>0x50</size>
         <input_file_ref idref="fl-1b"/>
      </object_component>
      <object_component id="oc-24">
         <name>.text</name>
         <load_address>0x313d4</load_address>
         <run_address>0x313d4</run_address>
         <size>0x50</size>
         <input_file_ref idref="fl-14d"/>
      </object_component>
      <object_component id="oc-380">
         <name>.text:setAgainSampling</name>
         <load_address>0x31424</load_address>
         <run_address>0x31424</run_address>
         <size>0x50</size>
         <input_file_ref idref="fl-a"/>
      </object_component>
      <object_component id="oc-164">
         <name>.text</name>
         <load_address>0x31474</load_address>
         <run_address>0x31474</run_address>
         <size>0x4c</size>
         <input_file_ref idref="fl-167"/>
      </object_component>
      <object_component id="oc-72a">
         <name>.text:UpdateContextCharMapping</name>
         <load_address>0x314c0</load_address>
         <run_address>0x314c0</run_address>
         <size>0x4a</size>
         <input_file_ref idref="fl-25"/>
      </object_component>
      <object_component id="oc-37b">
         <name>.text</name>
         <load_address>0x3150a</load_address>
         <run_address>0x3150a</run_address>
         <size>0x4a</size>
         <input_file_ref idref="fl-156"/>
      </object_component>
      <object_component id="oc-310">
         <name>.text:GPIOPinConfigure</name>
         <load_address>0x31554</load_address>
         <run_address>0x31554</run_address>
         <size>0x48</size>
         <input_file_ref idref="fl-18"/>
      </object_component>
      <object_component id="oc-210">
         <name>.text:InitDSP1</name>
         <load_address>0x3159c</load_address>
         <run_address>0x3159c</run_address>
         <size>0x48</size>
         <input_file_ref idref="fl-2"/>
      </object_component>
      <object_component id="oc-d2">
         <name>.text:IntPendClear</name>
         <load_address>0x315e4</load_address>
         <run_address>0x315e4</run_address>
         <size>0x48</size>
         <input_file_ref idref="fl-19"/>
      </object_component>
      <object_component id="oc-2f2">
         <name>.text:uDMAChannelAttributeDisable</name>
         <load_address>0x3162c</load_address>
         <run_address>0x3162c</run_address>
         <size>0x48</size>
         <input_file_ref idref="fl-1e"/>
      </object_component>
      <object_component id="oc-714">
         <name>.text:GrLineDrawH</name>
         <load_address>0x31674</load_address>
         <run_address>0x31674</run_address>
         <size>0x46</size>
         <input_file_ref idref="fl-2b"/>
      </object_component>
      <object_component id="oc-71a">
         <name>.text:GrLineDrawV</name>
         <load_address>0x316ba</load_address>
         <run_address>0x316ba</run_address>
         <size>0x46</size>
         <input_file_ref idref="fl-2b"/>
      </object_component>
      <object_component id="oc-426">
         <name>.text:UARTConfigSetExpClk</name>
         <load_address>0x31700</load_address>
         <run_address>0x31700</run_address>
         <size>0x46</size>
         <input_file_ref idref="fl-1d"/>
      </object_component>
      <object_component id="oc-1f8">
         <name>.text:InitDebugTimer</name>
         <load_address>0x31748</load_address>
         <run_address>0x31748</run_address>
         <size>0x44</size>
         <input_file_ref idref="fl-a"/>
      </object_component>
      <object_component id="oc-329">
         <name>.text:InitDisplayTimer</name>
         <load_address>0x3178c</load_address>
         <run_address>0x3178c</run_address>
         <size>0x44</size>
         <input_file_ref idref="fl-5"/>
      </object_component>
      <object_component id="oc-322">
         <name>.text:UARTStdioConfig</name>
         <load_address>0x317d0</load_address>
         <run_address>0x317d0</run_address>
         <size>0x44</size>
         <input_file_ref idref="fl-a"/>
      </object_component>
      <object_component id="oc-443">
         <name>.text:WriteDataSPI</name>
         <load_address>0x31814</load_address>
         <run_address>0x31814</run_address>
         <size>0x44</size>
         <input_file_ref idref="fl-7"/>
      </object_component>
      <object_component id="oc-a6">
         <name>.text</name>
         <load_address>0x31858</load_address>
         <run_address>0x31858</run_address>
         <size>0x44</size>
         <input_file_ref idref="fl-151"/>
      </object_component>
      <object_component id="oc-662">
         <name>.text</name>
         <load_address>0x3189c</load_address>
         <run_address>0x3189c</run_address>
         <size>0x42</size>
         <input_file_ref idref="fl-15e"/>
      </object_component>
      <object_component id="oc-79b">
         <name>.text</name>
         <load_address>0x318e0</load_address>
         <run_address>0x318e0</run_address>
         <size>0x40</size>
         <input_file_ref idref="fl-179"/>
      </object_component>
      <object_component id="oc-2da">
         <name>.text:ADCSequenceConfigure</name>
         <load_address>0x31920</load_address>
         <run_address>0x31920</run_address>
         <size>0x3e</size>
         <input_file_ref idref="fl-16"/>
      </object_component>
      <object_component id="oc-20a">
         <name>.text:InitGUI</name>
         <load_address>0x31960</load_address>
         <run_address>0x31960</run_address>
         <size>0x3c</size>
         <input_file_ref idref="fl-5"/>
      </object_component>
      <object_component id="oc-57a">
         <name>.text:SSIConfigSetExpClk</name>
         <load_address>0x3199c</load_address>
         <run_address>0x3199c</run_address>
         <size>0x3c</size>
         <input_file_ref idref="fl-1a"/>
      </object_component>
      <object_component id="oc-43d">
         <name>.text:WriteCommandSPI</name>
         <load_address>0x319d8</load_address>
         <run_address>0x319d8</run_address>
         <size>0x3c</size>
         <input_file_ref idref="fl-7"/>
      </object_component>
      <object_component id="oc-793">
         <name>.text:FontGlyphDataGet</name>
         <load_address>0x31a14</load_address>
         <run_address>0x31a14</run_address>
         <size>0x3a</size>
         <input_file_ref idref="fl-25"/>
      </object_component>
      <object_component id="oc-5b0">
         <name>.text:LCD_SSD2119PixelDraw</name>
         <load_address>0x31a4e</load_address>
         <run_address>0x31a4e</run_address>
         <size>0x38</size>
         <input_file_ref idref="fl-7"/>
      </object_component>
      <object_component id="oc-420">
         <name>.text:SysCtlPeripheralPresent</name>
         <load_address>0x31a88</load_address>
         <run_address>0x31a88</run_address>
         <size>0x38</size>
         <input_file_ref idref="fl-1b"/>
      </object_component>
      <object_component id="oc-65c">
         <name>.text:UARTwrite</name>
         <load_address>0x31ac0</load_address>
         <run_address>0x31ac0</run_address>
         <size>0x38</size>
         <input_file_ref idref="fl-a"/>
      </object_component>
      <object_component id="oc-36c">
         <name>.text</name>
         <load_address>0x31af8</load_address>
         <run_address>0x31af8</run_address>
         <size>0x38</size>
         <input_file_ref idref="fl-157"/>
      </object_component>
      <object_component id="oc-2af">
         <name>.text:SysCtlPeripheralEnable</name>
         <load_address>0x31b30</load_address>
         <run_address>0x31b30</run_address>
         <size>0x34</size>
         <input_file_ref idref="fl-1b"/>
      </object_component>
      <object_component id="oc-48">
         <name>.text:Timer0AIntHandler</name>
         <load_address>0x31b64</load_address>
         <run_address>0x31b64</run_address>
         <size>0x34</size>
         <input_file_ref idref="fl-a"/>
      </object_component>
      <object_component id="oc-54">
         <name>.text:Timer2AIntHandler</name>
         <load_address>0x31b98</load_address>
         <run_address>0x31b98</run_address>
         <size>0x34</size>
         <input_file_ref idref="fl-a"/>
      </object_component>
      <object_component id="oc-240">
         <name>.text:cfir</name>
         <load_address>0x31bcc</load_address>
         <run_address>0x31bcc</run_address>
         <size>0x34</size>
         <input_file_ref idref="fl-b"/>
      </object_component>
      <object_component id="oc-6d3">
         <name>.text</name>
         <load_address>0x31c00</load_address>
         <run_address>0x31c00</run_address>
         <size>0x34</size>
         <input_file_ref idref="fl-177"/>
      </object_component>
      <object_component id="oc-5a">
         <name>.text:Timer3AIntHandler</name>
         <load_address>0x31c34</load_address>
         <run_address>0x31c34</run_address>
         <size>0x30</size>
         <input_file_ref idref="fl-5"/>
      </object_component>
      <object_component id="oc-5f1">
         <name>.text</name>
         <load_address>0x31c64</load_address>
         <run_address>0x31c64</run_address>
         <size>0x30</size>
         <input_file_ref idref="fl-174"/>
      </object_component>
      <object_component id="oc-733">
         <name>.text:GrStringNextCharGet</name>
         <load_address>0x31c94</load_address>
         <run_address>0x31c94</run_address>
         <size>0x2e</size>
         <input_file_ref idref="fl-25"/>
      </object_component>
      <object_component id="oc-748">
         <name>.text</name>
         <load_address>0x31cc2</load_address>
         <run_address>0x31cc2</run_address>
         <size>0x2e</size>
         <input_file_ref idref="fl-178"/>
      </object_component>
      <object_component id="oc-755">
         <name>.text:GrFontBaselineGet</name>
         <load_address>0x31cf0</load_address>
         <run_address>0x31cf0</run_address>
         <size>0x2c</size>
         <input_file_ref idref="fl-25"/>
      </object_component>
      <object_component id="oc-6c2">
         <name>.text:GrFontHeightGet</name>
         <load_address>0x31d1c</load_address>
         <run_address>0x31d1c</run_address>
         <size>0x2c</size>
         <input_file_ref idref="fl-25"/>
      </object_component>
      <object_component id="oc-410">
         <name>.text:GPIODirModeSet</name>
         <load_address>0x31d48</load_address>
         <run_address>0x31d48</run_address>
         <size>0x2a</size>
         <input_file_ref idref="fl-18"/>
      </object_component>
      <object_component id="oc-550">
         <name>.text:WidgetIsInTree</name>
         <load_address>0x31d72</load_address>
         <run_address>0x31d72</run_address>
         <size>0x2a</size>
         <input_file_ref idref="fl-26"/>
      </object_component>
      <object_component id="oc-222">
         <name>.text:GUIUpdateDisplay</name>
         <load_address>0x31d9c</load_address>
         <run_address>0x31d9c</run_address>
         <size>0x28</size>
         <input_file_ref idref="fl-5"/>
      </object_component>
      <object_component id="oc-1fe">
         <name>.text:InitGPIO</name>
         <load_address>0x31dc4</load_address>
         <run_address>0x31dc4</run_address>
         <size>0x28</size>
         <input_file_ref idref="fl-8"/>
      </object_component>
      <object_component id="oc-67e">
         <name>.text:OnButtonPress</name>
         <load_address>0x31dec</load_address>
         <run_address>0x31dec</run_address>
         <size>0x28</size>
         <input_file_ref idref="fl-5"/>
      </object_component>
      <object_component id="oc-675">
         <name>.text:RectangularButtonMsgProc</name>
         <load_address>0x31e14</load_address>
         <run_address>0x31e14</run_address>
         <size>0x28</size>
         <input_file_ref idref="fl-23"/>
      </object_component>
      <object_component id="oc-73f">
         <name>.text:GrFontInfoGet</name>
         <load_address>0x31e3c</load_address>
         <run_address>0x31e3c</run_address>
         <size>0x26</size>
         <input_file_ref idref="fl-25"/>
      </object_component>
      <object_component id="oc-347">
         <name>.text:WidgetAdd</name>
         <load_address>0x31e62</load_address>
         <run_address>0x31e62</run_address>
         <size>0x24</size>
         <input_file_ref idref="fl-26"/>
      </object_component>
      <object_component id="oc-4af">
         <name>.text</name>
         <load_address>0x31e88</load_address>
         <run_address>0x31e88</run_address>
         <size>0x24</size>
         <input_file_ref idref="fl-187"/>
      </object_component>
      <object_component id="oc-2f8">
         <name>.text:uDMAChannelControlSet</name>
         <load_address>0x31eac</load_address>
         <run_address>0x31eac</run_address>
         <size>0x24</size>
         <input_file_ref idref="fl-1e"/>
      </object_component>
      <object_component id="oc-c0">
         <name>.text:uDMAChannelSizeGet</name>
         <load_address>0x31ed0</load_address>
         <run_address>0x31ed0</run_address>
         <size>0x24</size>
         <input_file_ref idref="fl-1e"/>
      </object_component>
      <object_component id="oc-739">
         <name>.text:GrFontGlyphDataGet</name>
         <load_address>0x31ef4</load_address>
         <run_address>0x31ef4</run_address>
         <size>0x22</size>
         <input_file_ref idref="fl-25"/>
      </object_component>
      <object_component id="oc-569">
         <name>.text:UARTDisable</name>
         <load_address>0x31f18</load_address>
         <run_address>0x31f18</run_address>
         <size>0x20</size>
         <input_file_ref idref="fl-1d"/>
      </object_component>
      <object_component id="oc-783">
         <name>.text:GrFontCodepageGet</name>
         <load_address>0x31f38</load_address>
         <run_address>0x31f38</run_address>
         <size>0x1e</size>
         <input_file_ref idref="fl-25"/>
      </object_component>
      <object_component id="oc-388">
         <name>.text:arm_fir_init_f32</name>
         <load_address>0x31f56</load_address>
         <run_address>0x31f56</run_address>
         <size>0x1e</size>
         <input_file_ref idref="fl-182"/>
      </object_component>
      <object_component id="oc-39e">
         <name>.text:wrap_</name>
         <load_address>0x31f74</load_address>
         <run_address>0x31f74</run_address>
         <size>0x1e</size>
         <input_file_ref idref="fl-b"/>
      </object_component>
      <object_component id="oc-4e">
         <name>.text:Timer1AIntHandler</name>
         <load_address>0x31f94</load_address>
         <run_address>0x31f94</run_address>
         <size>0x1c</size>
         <input_file_ref idref="fl-e"/>
      </object_component>
      <object_component id="oc-34d">
         <name>.text:WidgetPointerMessage</name>
         <load_address>0x31fb0</load_address>
         <run_address>0x31fb0</run_address>
         <size>0x1c</size>
         <input_file_ref idref="fl-26"/>
      </object_component>
      <object_component id="oc-60">
         <name>.text:uDMAErrorHandler</name>
         <load_address>0x31fcc</load_address>
         <run_address>0x31fcc</run_address>
         <size>0x1c</size>
         <input_file_ref idref="fl-a"/>
      </object_component>
      <object_component id="oc-3d0">
         <name>.text:UARTprintf</name>
         <load_address>0x31fe8</load_address>
         <run_address>0x31fe8</run_address>
         <size>0x1a</size>
         <input_file_ref idref="fl-a"/>
      </object_component>
      <object_component id="oc-119">
         <name>.text:ADCProcessorTrigger</name>
         <load_address>0x32002</load_address>
         <run_address>0x32002</run_address>
         <size>0x18</size>
         <input_file_ref idref="fl-16"/>
      </object_component>
      <object_component id="oc-303">
         <name>.text:GPIOPinTypeGPIOOutput</name>
         <load_address>0x3201a</load_address>
         <run_address>0x3201a</run_address>
         <size>0x18</size>
         <input_file_ref idref="fl-18"/>
      </object_component>
      <object_component id="oc-d8">
         <name>.text:TimerDisable</name>
         <load_address>0x32034</load_address>
         <run_address>0x32034</run_address>
         <size>0x18</size>
         <input_file_ref idref="fl-1c"/>
      </object_component>
      <object_component id="oc-a0">
         <name>.text</name>
         <load_address>0x3204c</load_address>
         <run_address>0x3204c</run_address>
         <size>0x18</size>
         <input_file_ref idref="fl-164"/>
      </object_component>
      <object_component id="oc-cc">
         <name>.text:uDMAChannelEnable</name>
         <load_address>0x32064</load_address>
         <run_address>0x32064</run_address>
         <size>0x18</size>
         <input_file_ref idref="fl-1e"/>
      </object_component>
      <object_component id="oc-ba">
         <name>.text:uDMAChannelIsEnabled</name>
         <load_address>0x3207c</load_address>
         <run_address>0x3207c</run_address>
         <size>0x18</size>
         <input_file_ref idref="fl-1e"/>
      </object_component>
      <object_component id="oc-6c8">
         <name>.text:GrStringDraw</name>
         <load_address>0x32094</load_address>
         <run_address>0x32094</run_address>
         <size>0x16</size>
         <input_file_ref idref="fl-25"/>
      </object_component>
      <object_component id="oc-5ce">
         <name>.text:LCD_SSD2119ColorTranslate</name>
         <load_address>0x320aa</load_address>
         <run_address>0x320aa</run_address>
         <size>0x16</size>
         <input_file_ref idref="fl-7"/>
      </object_component>
      <object_component id="oc-473">
         <name>.text:CanvasMsgProc</name>
         <load_address>0x320c0</load_address>
         <run_address>0x320c0</run_address>
         <size>0x14</size>
         <input_file_ref idref="fl-20"/>
      </object_component>
      <object_component id="oc-42c">
         <name>.text:UARTEnable</name>
         <load_address>0x320d4</load_address>
         <run_address>0x320d4</run_address>
         <size>0x14</size>
         <input_file_ref idref="fl-1d"/>
      </object_component>
      <object_component id="oc-45b">
         <name>.text:WidgetMutexGet</name>
         <load_address>0x320e8</load_address>
         <run_address>0x320e8</run_address>
         <size>0x14</size>
         <input_file_ref idref="fl-26"/>
      </object_component>
      <object_component id="oc-268">
         <name>.text</name>
         <load_address>0x320fc</load_address>
         <run_address>0x320fc</run_address>
         <size>0x14</size>
         <input_file_ref idref="fl-162"/>
      </object_component>
      <object_component id="oc-574">
         <name>.text:GPIOPinTypeSSI</name>
         <load_address>0x32110</load_address>
         <run_address>0x32110</run_address>
         <size>0x12</size>
         <input_file_ref idref="fl-18"/>
      </object_component>
      <object_component id="oc-31c">
         <name>.text:GPIOPinTypeUART</name>
         <load_address>0x32122</load_address>
         <run_address>0x32122</run_address>
         <size>0x12</size>
         <input_file_ref idref="fl-18"/>
      </object_component>
      <object_component id="oc-586">
         <name>.text:SSIDataGetNonBlocking</name>
         <load_address>0x32134</load_address>
         <run_address>0x32134</run_address>
         <size>0x12</size>
         <input_file_ref idref="fl-1a"/>
      </object_component>
      <object_component id="oc-e4">
         <name>.text:TimerLoadSet</name>
         <load_address>0x32146</load_address>
         <run_address>0x32146</run_address>
         <size>0x12</size>
         <input_file_ref idref="fl-1c"/>
      </object_component>
      <object_component id="oc-2ec">
         <name>.text:ADCIntEnable</name>
         <load_address>0x32158</load_address>
         <run_address>0x32158</run_address>
         <size>0x10</size>
         <input_file_ref idref="fl-16"/>
      </object_component>
      <object_component id="oc-1e0">
         <name>.text:FPUEnable</name>
         <load_address>0x32168</load_address>
         <run_address>0x32168</run_address>
         <size>0x10</size>
         <input_file_ref idref="fl-17"/>
      </object_component>
      <object_component id="oc-1e6">
         <name>.text:FPULazyStackingEnable</name>
         <load_address>0x32178</load_address>
         <run_address>0x32178</run_address>
         <size>0x10</size>
         <input_file_ref idref="fl-17"/>
      </object_component>
      <object_component id="oc-21c">
         <name>.text:IntMasterEnable</name>
         <load_address>0x32188</load_address>
         <run_address>0x32188</run_address>
         <size>0x10</size>
         <input_file_ref idref="fl-19"/>
      </object_component>
      <object_component id="oc-2ce">
         <name>.text:uDMAEnable</name>
         <load_address>0x32198</load_address>
         <run_address>0x32198</run_address>
         <size>0x10</size>
         <input_file_ref idref="fl-1e"/>
      </object_component>
      <object_component id="oc-450">
         <name>.text:ADCHardwareOversampleConfigure</name>
         <load_address>0x321a8</load_address>
         <run_address>0x321a8</run_address>
         <size>0xe</size>
         <input_file_ref idref="fl-16"/>
      </object_component>
      <object_component id="oc-f0">
         <name>.text:ADCIntDisable</name>
         <load_address>0x321b6</load_address>
         <run_address>0x321b6</run_address>
         <size>0xe</size>
         <input_file_ref idref="fl-16"/>
      </object_component>
      <object_component id="oc-2e6">
         <name>.text:ADCSequenceEnable</name>
         <load_address>0x321c4</load_address>
         <run_address>0x321c4</run_address>
         <size>0xe</size>
         <input_file_ref idref="fl-16"/>
      </object_component>
      <object_component id="oc-6b0">
         <name>.text:GrImageDraw</name>
         <load_address>0x321d2</load_address>
         <run_address>0x321d2</run_address>
         <size>0xe</size>
         <input_file_ref idref="fl-22"/>
      </object_component>
      <object_component id="oc-ea">
         <name>.text:TimerEnable</name>
         <load_address>0x321e0</load_address>
         <run_address>0x321e0</run_address>
         <size>0xe</size>
         <input_file_ref idref="fl-1c"/>
      </object_component>
      <object_component id="oc-12">
         <name>.text:decompress:none</name>
         <load_address>0x321ee</load_address>
         <run_address>0x321ee</run_address>
         <size>0xe</size>
         <input_file_ref idref="fl-14e"/>
      </object_component>
      <object_component id="oc-35c">
         <name>.text:CPUcpsie</name>
         <load_address>0x321fc</load_address>
         <run_address>0x321fc</run_address>
         <size>0xc</size>
         <input_file_ref idref="fl-1f"/>
      </object_component>
      <object_component id="oc-449">
         <name>.text:LED_backlight_ON</name>
         <load_address>0x32208</load_address>
         <run_address>0x32208</run_address>
         <size>0xc</size>
         <input_file_ref idref="fl-7"/>
      </object_component>
      <object_component id="oc-33b">
         <name>.text:TouchScreenCallbackSet</name>
         <load_address>0x32214</load_address>
         <run_address>0x32214</run_address>
         <size>0xc</size>
         <input_file_ref idref="fl-e"/>
      </object_component>
      <object_component id="oc-363">
         <name>.text:UpdateGConfigs</name>
         <load_address>0x32220</load_address>
         <run_address>0x32220</run_address>
         <size>0xc</size>
         <input_file_ref idref="fl-5"/>
      </object_component>
      <object_component id="oc-1e">
         <name>.text:decompress:ZI</name>
         <load_address>0x3222c</load_address>
         <run_address>0x3222c</run_address>
         <size>0xc</size>
         <input_file_ref idref="fl-150"/>
      </object_component>
      <object_component id="oc-2d4">
         <name>.text:uDMAControlBaseSet</name>
         <load_address>0x32238</load_address>
         <run_address>0x32238</run_address>
         <size>0xc</size>
         <input_file_ref idref="fl-1e"/>
      </object_component>
      <object_component id="oc-131">
         <name>.text:uDMAErrorStatusClear</name>
         <load_address>0x32244</load_address>
         <run_address>0x32244</run_address>
         <size>0xc</size>
         <input_file_ref idref="fl-1e"/>
      </object_component>
      <object_component id="oc-12b">
         <name>.text:uDMAErrorStatusGet</name>
         <load_address>0x32250</load_address>
         <run_address>0x32250</run_address>
         <size>0xc</size>
         <input_file_ref idref="fl-1e"/>
      </object_component>
      <object_component id="oc-b4">
         <name>.text:ADCIntClear</name>
         <load_address>0x3225c</load_address>
         <run_address>0x3225c</run_address>
         <size>0xa</size>
         <input_file_ref idref="fl-16"/>
      </object_component>
      <object_component id="oc-58f">
         <name>.text:SSIDataPut</name>
         <load_address>0x32266</load_address>
         <run_address>0x32266</run_address>
         <size>0xa</size>
         <input_file_ref idref="fl-1a"/>
      </object_component>
      <object_component id="oc-580">
         <name>.text:SSIEnable</name>
         <load_address>0x32270</load_address>
         <run_address>0x32270</run_address>
         <size>0xa</size>
         <input_file_ref idref="fl-1a"/>
      </object_component>
      <object_component id="oc-6e1">
         <name>.text:UARTCharPut</name>
         <load_address>0x3227a</load_address>
         <run_address>0x3227a</run_address>
         <size>0xa</size>
         <input_file_ref idref="fl-1d"/>
      </object_component>
      <object_component id="oc-76a">
         <name>.text:GrMapISO8859_1_Unicode</name>
         <load_address>0x32284</load_address>
         <run_address>0x32284</run_address>
         <size>0x8</size>
         <input_file_ref idref="fl-29"/>
      </object_component>
      <object_component id="oc-595">
         <name>.text:SSIBusy</name>
         <load_address>0x3228c</load_address>
         <run_address>0x3228c</run_address>
         <size>0x8</size>
         <input_file_ref idref="fl-1a"/>
      </object_component>
      <object_component id="oc-2c1">
         <name>.text:TimerIntEnable</name>
         <load_address>0x32294</load_address>
         <run_address>0x32294</run_address>
         <size>0x8</size>
         <input_file_ref idref="fl-1c"/>
      </object_component>
      <object_component id="oc-309">
         <name>.text:GPIOPinWrite</name>
         <load_address>0x3229c</load_address>
         <run_address>0x3229c</run_address>
         <size>0x6</size>
         <input_file_ref idref="fl-18"/>
      </object_component>
      <object_component id="oc-6b6">
         <name>.text:GrContextFontSet</name>
         <load_address>0x322a2</load_address>
         <run_address>0x322a2</run_address>
         <size>0x6</size>
         <input_file_ref idref="fl-25"/>
      </object_component>
      <object_component id="oc-2a">
         <name>.text:ResetISR</name>
         <load_address>0x322a8</load_address>
         <run_address>0x322a8</run_address>
         <size>0x6</size>
         <input_file_ref idref="fl-d"/>
      </object_component>
      <object_component id="oc-2ab">
         <name>.text:SysCtlDelay</name>
         <load_address>0x322ae</load_address>
         <run_address>0x322ae</run_address>
         <size>0x6</size>
         <input_file_ref idref="fl-1b"/>
      </object_component>
      <object_component id="oc-316">
         <name>.text:UARTClockSourceSet</name>
         <load_address>0x322b4</load_address>
         <run_address>0x322b4</run_address>
         <size>0x6</size>
         <input_file_ref idref="fl-1d"/>
      </object_component>
      <object_component id="oc-45c">
         <name>.text:WidgetMutexPut</name>
         <load_address>0x322ba</load_address>
         <run_address>0x322ba</run_address>
         <size>0x6</size>
         <input_file_ref idref="fl-26"/>
      </object_component>
      <object_component id="oc-18">
         <name>.text:decompress:rle24</name>
         <load_address>0x322c0</load_address>
         <run_address>0x322c0</run_address>
         <size>0x6</size>
         <input_file_ref idref="fl-14f"/>
      </object_component>
      <object_component id="oc-112">
         <name>.text:TimerIntClear</name>
         <load_address>0x322c6</load_address>
         <run_address>0x322c6</run_address>
         <size>0x4</size>
         <input_file_ref idref="fl-1c"/>
      </object_component>
      <object_component id="oc-465">
         <name>.text:WidgetDefaultMsgProc</name>
         <load_address>0x322ca</load_address>
         <run_address>0x322ca</run_address>
         <size>0x4</size>
         <input_file_ref idref="fl-26"/>
      </object_component>
      <object_component id="oc-94">
         <name>.text</name>
         <load_address>0x322ce</load_address>
         <run_address>0x322ce</run_address>
         <size>0x4</size>
         <input_file_ref idref="fl-15c"/>
      </object_component>
      <object_component id="oc-4ed">
         <name>.const:twiddleCoef_4096</name>
         <load_address>0x26c</load_address>
         <run_address>0x26c</run_address>
         <size>0x8000</size>
         <input_file_ref idref="fl-184"/>
      </object_component>
      <object_component id="oc-523">
         <name>.const:twiddleCoef_4096_q31</name>
         <load_address>0x826c</load_address>
         <run_address>0x826c</run_address>
         <size>0x6000</size>
         <input_file_ref idref="fl-184"/>
      </object_component>
      <object_component id="oc-4e7">
         <name>.const:twiddleCoef_2048</name>
         <load_address>0xe26c</load_address>
         <run_address>0xe26c</run_address>
         <size>0x4000</size>
         <input_file_ref idref="fl-184"/>
      </object_component>
      <object_component id="oc-51d">
         <name>.const:twiddleCoef_2048_q31</name>
         <load_address>0x1226c</load_address>
         <run_address>0x1226c</run_address>
         <size>0x3000</size>
         <input_file_ref idref="fl-184"/>
      </object_component>
      <object_component id="oc-541">
         <name>.const:twiddleCoef_4096_q15</name>
         <load_address>0x1526c</load_address>
         <run_address>0x1526c</run_address>
         <size>0x3000</size>
         <input_file_ref idref="fl-184"/>
      </object_component>
      <object_component id="oc-4e1">
         <name>.const:twiddleCoef_1024</name>
         <load_address>0x1826c</load_address>
         <run_address>0x1826c</run_address>
         <size>0x2000</size>
         <input_file_ref idref="fl-184"/>
      </object_component>
      <object_component id="oc-4f0">
         <name>.const:armBitRevIndexTable4096</name>
         <load_address>0x1a26c</load_address>
         <run_address>0x1a26c</run_address>
         <size>0x1f80</size>
         <input_file_ref idref="fl-184"/>
      </object_component>
      <object_component id="oc-526">
         <name>.const:armBitRevIndexTable_fixed_4096</name>
         <load_address>0x1c1ec</load_address>
         <run_address>0x1c1ec</run_address>
         <size>0x1f80</size>
         <input_file_ref idref="fl-184"/>
      </object_component>
      <object_component id="oc-4ea">
         <name>.const:armBitRevIndexTable2048</name>
         <load_address>0x1e16c</load_address>
         <run_address>0x1e16c</run_address>
         <size>0x1dc0</size>
         <input_file_ref idref="fl-184"/>
      </object_component>
      <object_component id="oc-517">
         <name>.const:twiddleCoef_1024_q31</name>
         <load_address>0x1ff2c</load_address>
         <run_address>0x1ff2c</run_address>
         <size>0x1800</size>
         <input_file_ref idref="fl-184"/>
      </object_component>
      <object_component id="oc-53e">
         <name>.const:twiddleCoef_2048_q15</name>
         <load_address>0x2172c</load_address>
         <run_address>0x2172c</run_address>
         <size>0x1800</size>
         <input_file_ref idref="fl-184"/>
      </object_component>
      <object_component id="oc-4db">
         <name>.const:twiddleCoef_512</name>
         <load_address>0x22f2c</load_address>
         <run_address>0x22f2c</run_address>
         <size>0x1000</size>
         <input_file_ref idref="fl-184"/>
      </object_component>
      <object_component id="oc-520">
         <name>.const:armBitRevIndexTable_fixed_2048</name>
         <load_address>0x23f2c</load_address>
         <run_address>0x23f2c</run_address>
         <size>0xf80</size>
         <input_file_ref idref="fl-184"/>
      </object_component>
      <object_component id="oc-4e4">
         <name>.const:armBitRevIndexTable1024</name>
         <load_address>0x24eac</load_address>
         <run_address>0x24eac</run_address>
         <size>0xe10</size>
         <input_file_ref idref="fl-184"/>
      </object_component>
      <object_component id="oc-53b">
         <name>.const:twiddleCoef_1024_q15</name>
         <load_address>0x25cbc</load_address>
         <run_address>0x25cbc</run_address>
         <size>0xc00</size>
         <input_file_ref idref="fl-184"/>
      </object_component>
      <object_component id="oc-511">
         <name>.const:twiddleCoef_512_q31</name>
         <load_address>0x268bc</load_address>
         <run_address>0x268bc</run_address>
         <size>0xc00</size>
         <input_file_ref idref="fl-184"/>
      </object_component>
      <object_component id="oc-68b">
         <name>.const:.string:g_pui8Cm20Data</name>
         <load_address>0x274bc</load_address>
         <run_address>0x274bc</run_address>
         <size>0x95e</size>
         <input_file_ref idref="fl-27"/>
      </object_component>
      <object_component id="oc-6f9">
         <name>.const:.string:g_pui8Cmss22bData</name>
         <load_address>0x27e1a</load_address>
         <run_address>0x27e1a</run_address>
         <size>0x91e</size>
         <input_file_ref idref="fl-28"/>
      </object_component>
      <object_component id="oc-4d5">
         <name>.const:twiddleCoef_256</name>
         <load_address>0x28738</load_address>
         <run_address>0x28738</run_address>
         <size>0x800</size>
         <input_file_ref idref="fl-184"/>
      </object_component>
      <object_component id="oc-51a">
         <name>.const:armBitRevIndexTable_fixed_1024</name>
         <load_address>0x28f38</load_address>
         <run_address>0x28f38</run_address>
         <size>0x7c0</size>
         <input_file_ref idref="fl-184"/>
      </object_component>
      <object_component id="oc-50b">
         <name>.const:twiddleCoef_256_q31</name>
         <load_address>0x296f8</load_address>
         <run_address>0x296f8</run_address>
         <size>0x600</size>
         <input_file_ref idref="fl-184"/>
      </object_component>
      <object_component id="oc-538">
         <name>.const:twiddleCoef_512_q15</name>
         <load_address>0x29cf8</load_address>
         <run_address>0x29cf8</run_address>
         <size>0x600</size>
         <input_file_ref idref="fl-184"/>
      </object_component>
      <object_component id="oc-397">
         <name>.const:firCoeffs32</name>
         <load_address>0x2a2f8</load_address>
         <run_address>0x2a2f8</run_address>
         <size>0x4f8</size>
         <input_file_ref idref="fl-4"/>
      </object_component>
      <object_component id="oc-4cf">
         <name>.const:twiddleCoef_128</name>
         <load_address>0x2a7f0</load_address>
         <run_address>0x2a7f0</run_address>
         <size>0x400</size>
         <input_file_ref idref="fl-184"/>
      </object_component>
      <object_component id="oc-514">
         <name>.const:armBitRevIndexTable_fixed_512</name>
         <load_address>0x2abf0</load_address>
         <run_address>0x2abf0</run_address>
         <size>0x3c0</size>
         <input_file_ref idref="fl-184"/>
      </object_component>
      <object_component id="oc-4de">
         <name>.const:armBitRevIndexTable512</name>
         <load_address>0x2afb0</load_address>
         <run_address>0x2afb0</run_address>
         <size>0x380</size>
         <input_file_ref idref="fl-184"/>
      </object_component>
      <object_component id="oc-4d8">
         <name>.const:armBitRevIndexTable256</name>
         <load_address>0x2b330</load_address>
         <run_address>0x2b330</run_address>
         <size>0x370</size>
         <input_file_ref idref="fl-184"/>
      </object_component>
      <object_component id="oc-505">
         <name>.const:twiddleCoef_128_q31</name>
         <load_address>0x2b6a0</load_address>
         <run_address>0x2b6a0</run_address>
         <size>0x300</size>
         <input_file_ref idref="fl-184"/>
      </object_component>
      <object_component id="oc-535">
         <name>.const:twiddleCoef_256_q15</name>
         <load_address>0x2b9a0</load_address>
         <run_address>0x2b9a0</run_address>
         <size>0x300</size>
         <input_file_ref idref="fl-184"/>
      </object_component>
      <object_component id="oc-4c9">
         <name>.const:twiddleCoef_64</name>
         <load_address>0x2bca0</load_address>
         <run_address>0x2bca0</run_address>
         <size>0x200</size>
         <input_file_ref idref="fl-184"/>
      </object_component>
      <object_component id="oc-50e">
         <name>.const:armBitRevIndexTable_fixed_256</name>
         <load_address>0x2bea0</load_address>
         <run_address>0x2bea0</run_address>
         <size>0x1e0</size>
         <input_file_ref idref="fl-184"/>
      </object_component>
      <object_component id="oc-3c6">
         <name>.const</name>
         <load_address>0x2c080</load_address>
         <run_address>0x2c080</run_address>
         <size>0x1b0</size>
         <input_file_ref idref="fl-185"/>
      </object_component>
      <object_component id="oc-4d2">
         <name>.const:armBitRevIndexTable128</name>
         <load_address>0x2c230</load_address>
         <run_address>0x2c230</run_address>
         <size>0x1a0</size>
         <input_file_ref idref="fl-184"/>
      </object_component>
      <object_component id="oc-532">
         <name>.const:twiddleCoef_128_q15</name>
         <load_address>0x2c3d0</load_address>
         <run_address>0x2c3d0</run_address>
         <size>0x180</size>
         <input_file_ref idref="fl-184"/>
      </object_component>
      <object_component id="oc-4ff">
         <name>.const:twiddleCoef_64_q31</name>
         <load_address>0x2c550</load_address>
         <run_address>0x2c550</run_address>
         <size>0x180</size>
         <input_file_ref idref="fl-184"/>
      </object_component>
      <object_component id="oc-4c3">
         <name>.const:twiddleCoef_32</name>
         <load_address>0x2c6d0</load_address>
         <run_address>0x2c6d0</run_address>
         <size>0x100</size>
         <input_file_ref idref="fl-184"/>
      </object_component>
      <object_component id="oc-508">
         <name>.const:armBitRevIndexTable_fixed_128</name>
         <load_address>0x2c7d0</load_address>
         <run_address>0x2c7d0</run_address>
         <size>0xe0</size>
         <input_file_ref idref="fl-184"/>
      </object_component>
      <object_component id="oc-5aa">
         <name>.const:g_sFontCm20</name>
         <load_address>0x2c8b0</load_address>
         <run_address>0x2c8b0</run_address>
         <size>0xc8</size>
         <input_file_ref idref="fl-27"/>
      </object_component>
      <object_component id="oc-67b">
         <name>.const:g_sFontCmss22b</name>
         <load_address>0x2c978</load_address>
         <run_address>0x2c978</run_address>
         <size>0xc8</size>
         <input_file_ref idref="fl-28"/>
      </object_component>
      <object_component id="oc-4f9">
         <name>.const:twiddleCoef_32_q31</name>
         <load_address>0x2ca40</load_address>
         <run_address>0x2ca40</run_address>
         <size>0xc0</size>
         <input_file_ref idref="fl-184"/>
      </object_component>
      <object_component id="oc-52f">
[...]
         <object_component_ref idref="oc-177"/>
      </symbol>
      <symbol id="sm-a4b">
         <name>__TI_cleanup_ptr</name>
         <value>0x20003288</value>
         <object_component_ref idref="oc-177"/>
      </symbol>
      <symbol id="sm-a79">
         <name>__aeabi_ddiv</name>
         <value>0x2f4ad</value>
         <object_component_ref idref="oc-376"/>
      </symbol>
      <symbol id="sm-a90">
         <name>__aeabi_dmul</name>
         <value>0x2fec5</value>
         <object_component_ref idref="oc-371"/>
      </symbol>
      <symbol id="sm-aa1">
         <name>__aeabi_d2f</name>
         <value>0x3150b</value>
         <object_component_ref idref="oc-37b"/>
      </symbol>
      <symbol id="sm-aaf">
         <name>__aeabi_f2d</name>
         <value>0x31af9</value>
         <object_component_ref idref="oc-36c"/>
      </symbol>
      <symbol id="sm-ace">
         <name>memcpy</name>
         <value>0x308b5</value>
         <object_component_ref idref="oc-6f"/>
      </symbol>
      <symbol id="sm-acf">
         <name>__aeabi_memcpy</name>
         <value>0x308b5</value>
         <object_component_ref idref="oc-6f"/>
      </symbol>
      <symbol id="sm-ad0">
         <name>__aeabi_memcpy8</name>
         <value>0x308b5</value>
         <object_component_ref idref="oc-6f"/>
      </symbol>
      <symbol id="sm-ad1">
         <name>__aeabi_memcpy4</name>
         <value>0x308b5</value>
         <object_component_ref idref="oc-6f"/>
      </symbol>
      <symbol id="sm-ae0">
         <name>__aeabi_memset</name>
         <value>0x30bed</value>
         <object_component_ref idref="oc-88"/>
      </symbol>
      <symbol id="sm-ae1">
         <name>memset</name>
         <value>0x30bf3</value>
         <object_component_ref idref="oc-88"/>
      </symbol>
      <symbol id="sm-ae2">
         <name>__aeabi_memset8</name>
         <value>0x30bed</value>
         <object_component_ref idref="oc-88"/>
      </symbol>
      <symbol id="sm-ae3">
         <name>__aeabi_memset4</name>
         <value>0x30bed</value>
         <object_component_ref idref="oc-88"/>
      </symbol>
      <symbol id="sm-ae4">
         <name>__aeabi_memclr8</name>
         <value>0x30beb</value>
         <object_component_ref idref="oc-88"/>
      </symbol>
      <symbol id="sm-ae5">
         <name>__aeabi_memclr4</name>
         <value>0x30beb</value>
         <object_component_ref idref="oc-88"/>
      </symbol>
      <symbol id="sm-ae6">
         <name>__aeabi_memclr</name>
         <value>0x30beb</value>
         <object_component_ref idref="oc-88"/>
      </symbol>
      <symbol id="sm-af0">
         <name>_system_pre_init</name>
         <value>0x322cf</value>
         <object_component_ref idref="oc-94"/>
      </symbol>
      <symbol id="sm-af8">
         <name>main_func_sp</name>
         <value>0x2000329c</value>
         <object_component_ref idref="oc-ac"/>
      </symbol>
      <symbol id="sm-b0b">
         <name>__aeabi_uidivmod</name>
         <value>0x3189d</value>
         <object_component_ref idref="oc-662"/>
      </symbol>
      <symbol id="sm-b0c">
         <name>__aeabi_uidiv</name>
         <value>0x3189d</value>
         <object_component_ref idref="oc-662"/>
      </symbol>
      <symbol id="sm-b28">
         <name>_nop</name>
         <value>0x3210b</value>
         <object_component_ref idref="oc-268"/>
      </symbol>
      <symbol id="sm-b29">
         <name>_lock</name>
         <value>0x20003280</value>
         <object_component_ref idref="oc-174"/>
      </symbol>
      <symbol id="sm-b2a">
         <name>_unlock</name>
         <value>0x20003284</value>
         <object_component_ref idref="oc-174"/>
      </symbol>
      <symbol id="sm-b2b">
         <name>_register_lock</name>
         <value>0x32103</value>
         <object_component_ref idref="oc-268"/>
      </symbol>
      <symbol id="sm-b2c">
         <name>_register_unlock</name>
         <value>0x320fd</value>
         <object_component_ref idref="oc-268"/>
      </symbol>
      <symbol id="sm-b42">
         <name>_args_main</name>
         <value>0x3204d</value>
         <object_component_ref idref="oc-a0"/>
      </symbol>
      <symbol id="sm-b69">
         <name>__TI_auto_init</name>
         <value>0x30c65</value>
         <object_component_ref idref="oc-9a"/>
      </symbol>
      <symbol id="sm-b83">
         <name>copy_in</name>
         <value>0x31475</value>
         <object_component_ref idref="oc-164"/>
      </symbol>
      <symbol id="sm-bb1">
         <name>_Feraise</name>
         <value>0x31c65</value>
         <object_component_ref idref="oc-5f1"/>
      </symbol>
      <symbol id="sm-bba">
         <name>_Errno</name>
         <value>0x20003298</value>
         <object_component_ref idref="oc-6d9"/>
      </symbol>
      <symbol id="sm-bd8">
         <name>feraiseexcept</name>
         <value>0x31c01</value>
         <object_component_ref idref="oc-6d3"/>
      </symbol>
      <symbol id="sm-bd9">
         <name>_Tls_setup__Fenv</name>
         <value>0x20003294</value>
         <object_component_ref idref="oc-74e"/>
      </symbol>
      <symbol id="sm-bda">
         <name>_Fenv</name>
         <value>0x20003290</value>
         <object_component_ref idref="oc-74e"/>
      </symbol>
      <symbol id="sm-bee">
         <name>raise</name>
         <value>0x31cc3</value>
         <object_component_ref idref="oc-748"/>
      </symbol>
      <symbol id="sm-c08">
         <name>signal</name>
         <value>0x318e1</value>
         <object_component_ref idref="oc-79b"/>
      </symbol>
      <symbol id="sm-c34">
         <name>arm_cfft_radix8by4_f32</name>
         <value>0x2d841</value>
         <object_component_ref idref="oc-49c"/>
      </symbol>
      <symbol id="sm-c35">
         <name>arm_cfft_f32</name>
         <value>0x30371</value>
         <object_component_ref idref="oc-3ab"/>
      </symbol>
      <symbol id="sm-c36">
         <name>arm_cfft_radix8by2_f32</name>
         <value>0x2edc5</value>
         <object_component_ref idref="oc-4a2"/>
      </symbol>
      <symbol id="sm-c4b">
         <name>arm_radix8_butterfly_f32</name>
         <value>0x2d12d</value>
         <object_component_ref idref="oc-496"/>
      </symbol>
      <symbol id="sm-c5e">
         <name>arm_max_f32</name>
         <value>0x30805</value>
         <object_component_ref idref="oc-3b7"/>
      </symbol>
      <symbol id="sm-c71">
         <name>arm_mean_f32</name>
         <value>0x30e75</value>
         <object_component_ref idref="oc-3bd"/>
      </symbol>
      <symbol id="sm-c8d">
         <name>arm_fir_f32</name>
         <value>0x2e00d</value>
         <object_component_ref idref="oc-38e"/>
      </symbol>
      <symbol id="sm-c9a">
         <name>arm_fir_init_f32</name>
         <value>0x31f57</value>
         <object_component_ref idref="oc-388"/>
      </symbol>
      <symbol id="sm-cb2">
         <name>arm_cmplx_mag_f32</name>
         <value>0x2f375</value>
         <object_component_ref idref="oc-3b1"/>
      </symbol>
      <symbol id="sm-dc5">
         <name>armBitRevIndexTable1024</name>
         <value>0x24eac</value>
         <object_component_ref idref="oc-4e4"/>
      </symbol>
      <symbol id="sm-dc6">
         <name>armBitRevIndexTable2048</name>
         <value>0x1e16c</value>
         <object_component_ref idref="oc-4ea"/>
      </symbol>
      <symbol id="sm-dc7">
         <name>twiddleCoef_16_q31</name>
         <value>0x2ceec</value>
         <object_component_ref idref="oc-4f3"/>
      </symbol>
      <symbol id="sm-dc8">
         <name>armBitRevIndexTable_fixed_256</name>
         <value>0x2bea0</value>
         <object_component_ref idref="oc-50e"/>
      </symbol>
      <symbol id="sm-dc9">
         <name>twiddleCoef_2048</name>
         <value>0xe26c</value>
         <object_component_ref idref="oc-4e7"/>
      </symbol>
      <symbol id="sm-dca">
         <name>twiddleCoef_128_q15</name>
         <value>0x2c3d0</value>
         <object_component_ref idref="oc-532"/>
      </symbol>
      <symbol id="sm-dcb">
         <name>twiddleCoef_16_q15</name>
         <value>0x2d014</value>
         <object_component_ref idref="oc-529"/>
      </symbol>
      <symbol id="sm-dcc">
         <name>twiddleCoef_128_q31</name>
         <value>0x2b6a0</value>
         <object_component_ref idref="oc-505"/>
      </symbol>
      <symbol id="sm-dcd">
         <name>twiddleCoef_2048_q15</name>
         <value>0x2172c</value>
         <object_component_ref idref="oc-53e"/>
      </symbol>
      <symbol id="sm-dce">
         <name>armBitRevIndexTable_fixed_16</name>
         <value>0x2d0e0</value>
         <object_component_ref idref="oc-4f6"/>
      </symbol>
      <symbol id="sm-dcf">
         <name>twiddleCoef_2048_q31</name>
         <value>0x1226c</value>
         <object_component_ref idref="oc-51d"/>
      </symbol>
      <symbol id="sm-dd0">
         <name>armBitRevIndexTable_fixed_32</name>
         <value>0x2cfe4</value>
         <object_component_ref idref="oc-4fc"/>
      </symbol>
      <symbol id="sm-dd1">
         <name>twiddleCoef_256</name>
         <value>0x28738</value>
         <object_component_ref idref="oc-4d5"/>
      </symbol>
      <symbol id="sm-dd2">
         <name>twiddleCoef_64_q31</name>
         <value>0x2c550</value>
         <object_component_ref idref="oc-4ff"/>
      </symbol>
      <symbol id="sm-dd3">
         <name>armBitRevIndexTable_fixed_1024</name>
         <value>0x28f38</value>
         <object_component_ref idref="oc-51a"/>
      </symbol>
      <symbol id="sm-dd4">
         <name>armBitRevIndexTable_fixed_4096</name>
         <value>0x1c1ec</value>
         <object_component_ref idref="oc-526"/>
      </symbol>
      <symbol id="sm-dd5">
         <name>twiddleCoef_64_q15</name>
         <value>0x2cb00</value>
         <object_component_ref idref="oc-52f"/>
      </symbol>
      <symbol id="sm-dd6">
         <name>armBitRevIndexTable4096</name>
         <value>0x1a26c</value>
         <object_component_ref idref="oc-4f0"/>
      </symbol>
      <symbol id="sm-dd7">
         <name>twiddleCoef_32</name>
         <value>0x2c6d0</value>
         <object_component_ref idref="oc-4c3"/>
      </symbol>
      <symbol id="sm-dd8">
         <name>armBitRevIndexTable_fixed_64</name>
         <value>0x2cd40</value>
         <object_component_ref idref="oc-502"/>
      </symbol>
      <symbol id="sm-dd9">
         <name>armBitRevIndexTable_fixed_128</name>
         <value>0x2c7d0</value>
         <object_component_ref idref="oc-508"/>
      </symbol>
      <symbol id="sm-dda">
         <name>twiddleCoef_16</name>
         <value>0x2cc50</value>
         <object_component_ref idref="oc-4bd"/>
      </symbol>
      <symbol id="sm-ddb">
         <name>twiddleCoef_4096_q15</name>
         <value>0x1526c</value>
         <object_component_ref idref="oc-541"/>
      </symbol>
      <symbol id="sm-ddc">
         <name>twiddleCoef_1024</name>
         <value>0x1826c</value>
         <object_component_ref idref="oc-4e1"/>
      </symbol>
      <symbol id="sm-ddd">
         <name>armBitRevIndexTable_fixed_512</name>
         <value>0x2abf0</value>
         <object_component_ref idref="oc-514"/>
      </symbol>
      <symbol id="sm-dde">
         <name>twiddleCoef_128</name>
         <value>0x2a7f0</value>
         <object_component_ref idref="oc-4cf"/>
      </symbol>
      <symbol id="sm-ddf">
         <name>twiddleCoef_4096_q31</name>
         <value>0x826c</value>
         <object_component_ref idref="oc-523"/>
      </symbol>
      <symbol id="sm-de0">
         <name>twiddleCoef_32_q31</name>
         <value>0x2ca40</value>
         <object_component_ref idref="oc-4f9"/>
      </symbol>
      <symbol id="sm-de1">
         <name>twiddleCoef_64</name>
         <value>0x2bca0</value>
         <object_component_ref idref="oc-4c9"/>
      </symbol>
      <symbol id="sm-de2">
         <name>armBitRevIndexTable128</name>
         <value>0x2c230</value>
         <object_component_ref idref="oc-4d2"/>
      </symbol>
      <symbol id="sm-de3">
         <name>twiddleCoef_4096</name>
         <value>0x26c</value>
         <object_component_ref idref="oc-4ed"/>
      </symbol>
      <symbol id="sm-de4">
         <name>twiddleCoef_32_q15</name>
         <value>0x2cf4c</value>
         <object_component_ref idref="oc-52c"/>
      </symbol>
      <symbol id="sm-de5">
         <name>twiddleCoef_512</name>
         <value>0x22f2c</value>
         <object_component_ref idref="oc-4db"/>
      </symbol>
      <symbol id="sm-de6">
         <name>armBitRevIndexTable512</name>
         <value>0x2afb0</value>
         <object_component_ref idref="oc-4de"/>
      </symbol>
      <symbol id="sm-de7">
         <name>armBitRevIndexTable16</name>
         <value>0x2d072</value>
         <object_component_ref idref="oc-4c0"/>
      </symbol>
      <symbol id="sm-de8">
         <name>armBitRevIndexTable32</name>
         <value>0x2ce8c</value>
         <object_component_ref idref="oc-4c6"/>
      </symbol>
      <symbol id="sm-de9">
         <name>twiddleCoef_256_q15</name>
         <value>0x2b9a0</value>
         <object_component_ref idref="oc-535"/>
      </symbol>
      <symbol id="sm-dea">
         <name>twiddleCoef_256_q31</name>
         <value>0x296f8</value>
         <object_component_ref idref="oc-50b"/>
      </symbol>
      <symbol id="sm-deb">
         <name>twiddleCoef_1024_q15</name>
         <value>0x25cbc</value>
         <object_component_ref idref="oc-53b"/>
      </symbol>
      <symbol id="sm-dec">
         <name>armBitRevIndexTable64</name>
         <value>0x2ccd0</value>
         <object_component_ref idref="oc-4cc"/>
      </symbol>
      <symbol id="sm-ded">
         <name>twiddleCoef_1024_q31</name>
         <value>0x1ff2c</value>
         <object_component_ref idref="oc-517"/>
      </symbol>
      <symbol id="sm-dee">
         <name>armBitRevIndexTable_fixed_2048</name>
         <value>0x23f2c</value>
         <object_component_ref idref="oc-520"/>
      </symbol>
      <symbol id="sm-def">
         <name>armBitRevIndexTable256</name>
         <value>0x2b330</value>
         <object_component_ref idref="oc-4d8"/>
      </symbol>
      <symbol id="sm-df0">
         <name>twiddleCoef_512_q15</name>
         <value>0x29cf8</value>
         <object_component_ref idref="oc-538"/>
      </symbol>
      <symbol id="sm-df1">
         <name>twiddleCoef_512_q31</name>
         <value>0x268bc</value>
         <object_component_ref idref="oc-511"/>
      </symbol>
      <symbol id="sm-e16">
         <name>arm_cfft_sR_f32_len512</name>
         <value>0x2c0d0</value>
         <object_component_ref idref="oc-3c6"/>
      </symbol>
      <symbol id="sm-e17">
         <name>arm_cfft_sR_f32_len128</name>
         <value>0x2c0b0</value>
         <object_component_ref idref="oc-3c6"/>
      </symbol>
      <symbol id="sm-e18">
         <name>arm_cfft_sR_q31_len1024</name>
         <value>0x2c170</value>
         <object_component_ref idref="oc-3c6"/>
      </symbol>
      <symbol id="sm-e19">
         <name>arm_cfft_sR_q15_len4096</name>
         <value>0x2c220</value>
         <object_component_ref idref="oc-3c6"/>
      </symbol>
      <symbol id="sm-e1a">
         <name>arm_cfft_sR_q31_len2048</name>
         <value>0x2c180</value>
         <object_component_ref idref="oc-3c6"/>
      </symbol>
      <symbol id="sm-e1b">
         <name>arm_cfft_sR_q15_len512</name>
         <value>0x2c1f0</value>
         <object_component_ref idref="oc-3c6"/>
      </symbol>
      <symbol id="sm-e1c">
         <name>arm_cfft_sR_f32_len256</name>
         <value>0x2c0c0</value>
         <object_component_ref idref="oc-3c6"/>
      </symbol>
      <symbol id="sm-e1d">
         <name>arm_cfft_sR_q15_len128</name>
         <value>0x2c1d0</value>
         <object_component_ref idref="oc-3c6"/>
      </symbol>
      <symbol id="sm-e1e">
         <name>arm_cfft_sR_q31_len64</name>
         <value>0x2c130</value>
         <object_component_ref idref="oc-3c6"/>
      </symbol>
      <symbol id="sm-e1f">
         <name>arm_cfft_sR_q31_len4096</name>
         <value>0x2c190</value>
         <object_component_ref idref="oc-3c6"/>
      </symbol>
      <symbol id="sm-e20">
         <name>arm_cfft_sR_q31_len16</name>
         <value>0x2c110</value>
         <object_component_ref idref="oc-3c6"/>
      </symbol>
      <symbol id="sm-e21">
         <name>arm_cfft_sR_f32_len64</name>
         <value>0x2c0a0</value>
         <object_component_ref idref="oc-3c6"/>
      </symbol>
      <symbol id="sm-e22">
         <name>arm_cfft_sR_q31_len32</name>
         <value>0x2c120</value>
         <object_component_ref idref="oc-3c6"/>
      </symbol>
      <symbol id="sm-e23">
         <name>arm_cfft_sR_f32_len16</name>
         <value>0x2c080</value>
         <object_component_ref idref="oc-3c6"/>
      </symbol>
      <symbol id="sm-e24">
         <name>arm_cfft_sR_q15_len64</name>
         <value>0x2c1c0</value>
         <object_component_ref idref="oc-3c6"/>
      </symbol>
      <symbol id="sm-e25">
         <name>arm_cfft_sR_q15_len256</name>
         <value>0x2c1e0</value>
         <object_component_ref idref="oc-3c6"/>
      </symbol>
      <symbol id="sm-e26">
         <name>arm_cfft_sR_f32_len32</name>
         <value>0x2c090</value>
         <object_component_ref idref="oc-3c6"/>
      </symbol>
      <symbol id="sm-e27">
         <name>arm_cfft_sR_q15_len16</name>
         <value>0x2c1a0</value>
         <object_component_ref idref="oc-3c6"/>
      </symbol>
      <symbol id="sm-e28">
         <name>arm_cfft_sR_f32_len4096</name>
         <value>0x2c100</value>
         <object_component_ref idref="oc-3c6"/>
      </symbol>
      <symbol id="sm-e29">
         <name>arm_cfft_sR_q31_len512</name>
         <value>0x2c160</value>
         <object_component_ref idref="oc-3c6"/>
      </symbol>
      <symbol id="sm-e2a">
         <name>arm_cfft_sR_q31_len128</name>
         <value>0x2c140</value>
         <object_component_ref idref="oc-3c6"/>
      </symbol>
      <symbol id="sm-e2b">
         <name>arm_cfft_sR_q15_len32</name>
         <value>0x2c1b0</value>
         <object_component_ref idref="oc-3c6"/>
      </symbol>
      <symbol id="sm-e2c">
         <name>arm_cfft_sR_f32_len1024</name>
         <value>0x2c0e0</value>
         <object_component_ref idref="oc-3c6"/>
      </symbol>
      <symbol id="sm-e2d">
         <name>arm_cfft_sR_q15_len1024</name>
         <value>0x2c200</value>
         <object_component_ref idref="oc-3c6"/>
      </symbol>
      <symbol id="sm-e2e">
         <name>arm_cfft_sR_q15_len2048</name>
         <value>0x2c210</value>
         <object_component_ref idref="oc-3c6"/>
      </symbol>
      <symbol id="sm-e2f">
         <name>arm_cfft_sR_f32_len2048</name>
         <value>0x2c0f0</value>
         <object_component_ref idref="oc-3c6"/>
      </symbol>
      <symbol id="sm-e30">
         <name>arm_cfft_sR_q31_len256</name>
         <value>0x2c150</value>
         <object_component_ref idref="oc-3c6"/>
      </symbol>
      <symbol id="sm-e3b">
         <name>arm_bitreversal_32</name>
         <value>0x305dd</value>
         <object_component_ref idref="oc-4a8"/>
      </symbol>
      <symbol id="sm-e3c">
         <name>arm_bitreversal_16</name>
         <value>0x30647</value>
         <object_component_ref idref="oc-4a8"/>
      </symbol>
      <symbol id="sm-e4c">
         <name>sqrtf</name>
         <value>0x31e89</value>
         <object_component_ref idref="oc-4af"/>
      </symbol>
      <symbol id="sm-e4d">
         <name>__TI_static_base__</name>
         <value>0x0</value>
      </symbol>
      <symbol id="sm-e50">
         <name>SHT$$INIT_ARRAY$$Limit</name>
         <value>0x0</value>
      </symbol>
      <symbol id="sm-e51">
         <name>SHT$$INIT_ARRAY$$Base</name>
         <value>0x0</value>
      </symbol>
   </symbol_table>
   <title>Link successful</title>
</link_info>
