<?xml version="1.0"?>
<link_info>
   <banner>TI ARM Linker PC v5.2.2</banner>
   <copyright>Copyright (c) 1996-2015 Texas Instruments Incorporated</copyright>
   <link_time>0x56cbcd11</link_time>
   <link_errors>0x0</link_errors>
   <output_file>HB100_FP_A.out</output_file>
   <entry_point>
      <name>_c_int00</name>
      <address>0x2e319</address>
   </entry_point>
   <input_file_list>
      <input_file id="fl-2">
         <path>.\</path>
         <kind>object</kind>
         <file>FFT_signal.obj</file>
         <name>FFT_signal.obj</name>
      </input_file>
      <input_file id="fl-3">
         <path>.\</path>
         <kind>object</kind>
         <file>buffer.obj</file>
         <name>buffer.obj</name>
      </input_file>
      <input_file id="fl-4">
         <path>.\</path>
         <kind>object</kind>
         <file>filter_data.obj</file>
         <name>filter_data.obj</name>
      </input_file>
      <input_file id="fl-5">
         <path>.\</path>
         <kind>object</kind>
         <file>main.obj</file>
         <name>main.obj</name>
      </input_file>
      <input_file id="fl-6">
         <path>.\</path>
         <kind>object</kind>
         <file>math_helper.obj</file>
         <name>math_helper.obj</name>
      </input_file>
      <input_file id="fl-7">
         <path>.\</path>
         <kind>object</kind>
         <file>samping.obj</file>
         <name>samping.obj</name>
      </input_file>
      <input_file id="fl-8">
         <path>.\</path>
         <kind>object</kind>
         <file>signal_dsp.obj</file>
         <name>signal_dsp.obj</name>
      </input_file>
      <input_file id="fl-9">
         <path>.\</path>
         <kind>object</kind>
         <file>ti_hamming_window_vector.obj</file>
         <name>ti_hamming_window_vector.obj</name>
      </input_file>
      <input_file id="fl-a">
         <path>.\</path>
         <kind>object</kind>
         <file>tm4c123gh6pm_startup_ccs.obj</file>
         <name>tm4c123gh6pm_startup_ccs.obj</name>
      </input_file>
      <input_file id="fl-11">
         <path>C:\ti\TivaWare_C_Series-2.1.1.71\driverlib\ccs\Debug\</path>
         <kind>archive</kind>
         <file>driverlib.lib</file>
         <name>adc.obj</name>
      </input_file>
      <input_file id="fl-12">
         <path>C:\ti\TivaWare_C_Series-2.1.1.71\driverlib\ccs\Debug\</path>
         <kind>archive</kind>
         <file>driverlib.lib</file>
         <name>fpu.obj</name>
      </input_file>
      <input_file id="fl-13">
         <path>C:\ti\TivaWare_C_Series-2.1.1.71\driverlib\ccs\Debug\</path>
         <kind>archive</kind>
         <file>driverlib.lib</file>
         <name>gpio.obj</name>
      </input_file>
      <input_file id="fl-14">
         <path>C:\ti\TivaWare_C_Series-2.1.1.71\driverlib\ccs\Debug\</path>
         <kind>archive</kind>
         <file>driverlib.lib</file>
         <name>interrupt.obj</name>
      </input_file>
      <input_file id="fl-15">
         <path>C:\ti\TivaWare_C_Series-2.1.1.71\driverlib\ccs\Debug\</path>
         <kind>archive</kind>
         <file>driverlib.lib</file>
         <name>sysctl.obj</name>
      </input_file>
      <input_file id="fl-16">
         <path>C:\ti\TivaWare_C_Series-2.1.1.71\driverlib\ccs\Debug\</path>
         <kind>archive</kind>
         <file>driverlib.lib</file>
         <name>timer.obj</name>
      </input_file>
      <input_file id="fl-17">
         <path>C:\ti\TivaWare_C_Series-2.1.1.71\driverlib\ccs\Debug\</path>
         <kind>archive</kind>
         <file>driverlib.lib</file>
         <name>uart.obj</name>
      </input_file>
      <input_file id="fl-18">
         <path>C:\ti\TivaWare_C_Series-2.1.1.71\driverlib\ccs\Debug\</path>
         <kind>archive</kind>
         <file>driverlib.lib</file>
         <name>udma.obj</name>
      </input_file>
      <input_file id="fl-19">
         <path>C:\ti\TivaWare_C_Series-2.1.1.71\driverlib\ccs\Debug\</path>
         <kind>archive</kind>
         <file>driverlib.lib</file>
         <name>cpu.obj</name>
      </input_file>
      <input_file id="fl-13b">
         <path>C:\ti\ccsv6\tools\compiler\ti-cgt-arm_5.2.2\lib\</path>
         <kind>archive</kind>
         <file>rtsv7M4_T_le_v4SPD16_eabi.lib</file>
         <name>boot.obj</name>
      </input_file>
      <input_file id="fl-13c">
         <path>C:\ti\ccsv6\tools\compiler\ti-cgt-arm_5.2.2\lib\</path>
         <kind>archive</kind>
         <file>rtsv7M4_T_le_v4SPD16_eabi.lib</file>
         <name>copy_decompress_none.obj</name>
      </input_file>
      <input_file id="fl-13d">
         <path>C:\ti\ccsv6\tools\compiler\ti-cgt-arm_5.2.2\lib\</path>
         <kind>archive</kind>
         <file>rtsv7M4_T_le_v4SPD16_eabi.lib</file>
         <name>copy_decompress_rle.obj</name>
      </input_file>
      <input_file id="fl-13e">
         <path>C:\ti\ccsv6\tools\compiler\ti-cgt-arm_5.2.2\lib\</path>
         <kind>archive</kind>
         <file>rtsv7M4_T_le_v4SPD16_eabi.lib</file>
         <name>copy_zero_init.obj</name>
      </input_file>
      <input_file id="fl-13f">
         <path>C:\ti\ccsv6\tools\compiler\ti-cgt-arm_5.2.2\lib\</path>
         <kind>archive</kind>
         <file>rtsv7M4_T_le_v4SPD16_eabi.lib</file>
         <name>exit.obj</name>
      </input_file>
      <input_file id="fl-140">
         <path>C:\ti\ccsv6\tools\compiler\ti-cgt-arm_5.2.2\lib\</path>
         <kind>archive</kind>
         <file>rtsv7M4_T_le_v4SPD16_eabi.lib</file>
         <name>fd_add_t2.obj</name>
      </input_file>
      <input_file id="fl-141">
         <path>C:\ti\ccsv6\tools\compiler\ti-cgt-arm_5.2.2\lib\</path>
         <kind>archive</kind>
         <file>rtsv7M4_T_le_v4SPD16_eabi.lib</file>
         <name>fd_div_t2.obj</name>
      </input_file>
      <input_file id="fl-142">
         <path>C:\ti\ccsv6\tools\compiler\ti-cgt-arm_5.2.2\lib\</path>
         <kind>archive</kind>
         <file>rtsv7M4_T_le_v4SPD16_eabi.lib</file>
         <name>fd_mul_t2.obj</name>
      </input_file>
      <input_file id="fl-143">
         <path>C:\ti\ccsv6\tools\compiler\ti-cgt-arm_5.2.2\lib\</path>
         <kind>archive</kind>
         <file>rtsv7M4_T_le_v4SPD16_eabi.lib</file>
         <name>fd_toi_t2.obj</name>
      </input_file>
      <input_file id="fl-144">
         <path>C:\ti\ccsv6\tools\compiler\ti-cgt-arm_5.2.2\lib\</path>
         <kind>archive</kind>
         <file>rtsv7M4_T_le_v4SPD16_eabi.lib</file>
         <name>fd_tos_t2.obj</name>
      </input_file>
      <input_file id="fl-145">
         <path>C:\ti\ccsv6\tools\compiler\ti-cgt-arm_5.2.2\lib\</path>
         <kind>archive</kind>
         <file>rtsv7M4_T_le_v4SPD16_eabi.lib</file>
         <name>fs_tod_t2.obj</name>
      </input_file>
      <input_file id="fl-146">
         <path>C:\ti\ccsv6\tools\compiler\ti-cgt-arm_5.2.2\lib\</path>
         <kind>archive</kind>
         <file>rtsv7M4_T_le_v4SPD16_eabi.lib</file>
         <name>i_tofd_t2.obj</name>
      </input_file>
      <input_file id="fl-147">
         <path>C:\ti\ccsv6\tools\compiler\ti-cgt-arm_5.2.2\lib\</path>
         <kind>archive</kind>
         <file>rtsv7M4_T_le_v4SPD16_eabi.lib</file>
         <name>log10.obj</name>
      </input_file>
      <input_file id="fl-148">
         <path>C:\ti\ccsv6\tools\compiler\ti-cgt-arm_5.2.2\lib\</path>
         <kind>archive</kind>
         <file>rtsv7M4_T_le_v4SPD16_eabi.lib</file>
         <name>memcpy_t2.obj</name>
      </input_file>
      <input_file id="fl-149">
         <path>C:\ti\ccsv6\tools\compiler\ti-cgt-arm_5.2.2\lib\</path>
         <kind>archive</kind>
         <file>rtsv7M4_T_le_v4SPD16_eabi.lib</file>
         <name>memset_t2.obj</name>
      </input_file>
      <input_file id="fl-14a">
         <path>C:\ti\ccsv6\tools\compiler\ti-cgt-arm_5.2.2\lib\</path>
         <kind>archive</kind>
         <file>rtsv7M4_T_le_v4SPD16_eabi.lib</file>
         <name>pre_init.obj</name>
      </input_file>
      <input_file id="fl-14b">
         <path>C:\ti\ccsv6\tools\compiler\ti-cgt-arm_5.2.2\lib\</path>
         <kind>archive</kind>
         <file>rtsv7M4_T_le_v4SPD16_eabi.lib</file>
         <name>stkdepth_vars.obj</name>
      </input_file>
      <input_file id="fl-14c">
         <path>C:\ti\ccsv6\tools\compiler\ti-cgt-arm_5.2.2\lib\</path>
         <kind>archive</kind>
         <file>rtsv7M4_T_le_v4SPD16_eabi.lib</file>
         <name>u_divt2.obj</name>
      </input_file>
      <input_file id="fl-14d">
         <path>C:\ti\ccsv6\tools\compiler\ti-cgt-arm_5.2.2\lib\</path>
         <kind>archive</kind>
         <file>rtsv7M4_T_le_v4SPD16_eabi.lib</file>
         <name>vsprintf.obj</name>
      </input_file>
      <input_file id="fl-14e">
         <path>C:\ti\ccsv6\tools\compiler\ti-cgt-arm_5.2.2\lib\</path>
         <kind>archive</kind>
         <file>rtsv7M4_T_le_v4SPD16_eabi.lib</file>
         <name>xlog.obj</name>
      </input_file>
      <input_file id="fl-14f">
         <path>C:\ti\ccsv6\tools\compiler\ti-cgt-arm_5.2.2\lib\</path>
         <kind>archive</kind>
         <file>rtsv7M4_T_le_v4SPD16_eabi.lib</file>
         <name>xvalues.obj</name>
      </input_file>
      <input_file id="fl-150">
         <path>C:\ti\ccsv6\tools\compiler\ti-cgt-arm_5.2.2\lib\</path>
         <kind>archive</kind>
         <file>rtsv7M4_T_le_v4SPD16_eabi.lib</file>
         <name>_lock.obj</name>
      </input_file>
      <input_file id="fl-151">
         <path>C:\ti\ccsv6\tools\compiler\ti-cgt-arm_5.2.2\lib\</path>
         <kind>archive</kind>
         <file>rtsv7M4_T_le_v4SPD16_eabi.lib</file>
         <name>_printfi.obj</name>
      </input_file>
      <input_file id="fl-152">
         <path>C:\ti\ccsv6\tools\compiler\ti-cgt-arm_5.2.2\lib\</path>
         <kind>archive</kind>
         <file>rtsv7M4_T_le_v4SPD16_eabi.lib</file>
         <name>args_main.obj</name>
      </input_file>
      <input_file id="fl-153">
         <path>C:\ti\ccsv6\tools\compiler\ti-cgt-arm_5.2.2\lib\</path>
         <kind>archive</kind>
         <file>rtsv7M4_T_le_v4SPD16_eabi.lib</file>
         <name>atoi.obj</name>
      </input_file>
      <input_file id="fl-154">
         <path>C:\ti\ccsv6\tools\compiler\ti-cgt-arm_5.2.2\lib\</path>
         <kind>archive</kind>
         <file>rtsv7M4_T_le_v4SPD16_eabi.lib</file>
         <name>autoinit.obj</name>
      </input_file>
      <input_file id="fl-155">
         <path>C:\ti\ccsv6\tools\compiler\ti-cgt-arm_5.2.2\lib\</path>
         <kind>archive</kind>
         <file>rtsv7M4_T_le_v4SPD16_eabi.lib</file>
         <name>cpy_tbl.obj</name>
      </input_file>
      <input_file id="fl-156">
         <path>C:\ti\ccsv6\tools\compiler\ti-cgt-arm_5.2.2\lib\</path>
         <kind>archive</kind>
         <file>rtsv7M4_T_le_v4SPD16_eabi.lib</file>
         <name>ctype.obj</name>
      </input_file>
      <input_file id="fl-157">
         <path>C:\ti\ccsv6\tools\compiler\ti-cgt-arm_5.2.2\lib\</path>
         <kind>archive</kind>
         <file>rtsv7M4_T_le_v4SPD16_eabi.lib</file>
         <name>fd_cmp_t2.obj</name>
      </input_file>
      <input_file id="fl-158">
         <path>C:\ti\ccsv6\tools\compiler\ti-cgt-arm_5.2.2\lib\</path>
         <kind>archive</kind>
         <file>rtsv7M4_T_le_v4SPD16_eabi.lib</file>
         <name>frexp.obj</name>
      </input_file>
      <input_file id="fl-159">
         <path>C:\ti\ccsv6\tools\compiler\ti-cgt-arm_5.2.2\lib\</path>
         <kind>archive</kind>
         <file>rtsv7M4_T_le_v4SPD16_eabi.lib</file>
         <name>ldexp.obj</name>
      </input_file>
      <input_file id="fl-15a">
         <path>C:\ti\ccsv6\tools\compiler\ti-cgt-arm_5.2.2\lib\</path>
         <kind>archive</kind>
         <file>rtsv7M4_T_le_v4SPD16_eabi.lib</file>
         <name>ltoa.obj</name>
      </input_file>
      <input_file id="fl-15b">
         <path>C:\ti\ccsv6\tools\compiler\ti-cgt-arm_5.2.2\lib\</path>
         <kind>archive</kind>
         <file>rtsv7M4_T_le_v4SPD16_eabi.lib</file>
         <name>memccpy.obj</name>
      </input_file>
      <input_file id="fl-15c">
         <path>C:\ti\ccsv6\tools\compiler\ti-cgt-arm_5.2.2\lib\</path>
         <kind>archive</kind>
         <file>rtsv7M4_T_le_v4SPD16_eabi.lib</file>
         <name>strchr.obj</name>
      </input_file>
      <input_file id="fl-15d">
         <path>C:\ti\ccsv6\tools\compiler\ti-cgt-arm_5.2.2\lib\</path>
         <kind>archive</kind>
         <file>rtsv7M4_T_le_v4SPD16_eabi.lib</file>
         <name>strlen.obj</name>
      </input_file>
      <input_file id="fl-15e">
         <path>C:\ti\ccsv6\tools\compiler\ti-cgt-arm_5.2.2\lib\</path>
         <kind>archive</kind>
         <file>rtsv7M4_T_le_v4SPD16_eabi.lib</file>
         <name>ull_div_t2.obj</name>
      </input_file>
      <input_file id="fl-15f">
         <path>C:\ti\ccsv6\tools\compiler\ti-cgt-arm_5.2.2\lib\</path>
         <kind>archive</kind>
         <file>rtsv7M4_T_le_v4SPD16_eabi.lib</file>
         <name>xdclass.obj</name>
      </input_file>
      <input_file id="fl-160">
         <path>C:\ti\ccsv6\tools\compiler\ti-cgt-arm_5.2.2\lib\</path>
         <kind>archive</kind>
         <file>rtsv7M4_T_le_v4SPD16_eabi.lib</file>
         <name>xdscale.obj</name>
      </input_file>
      <input_file id="fl-161">
         <path>C:\ti\ccsv6\tools\compiler\ti-cgt-arm_5.2.2\lib\</path>
         <kind>archive</kind>
         <file>rtsv7M4_T_le_v4SPD16_eabi.lib</file>
         <name>xdunscal.obj</name>
      </input_file>
      <input_file id="fl-162">
         <path>C:\ti\ccsv6\tools\compiler\ti-cgt-arm_5.2.2\lib\</path>
         <kind>archive</kind>
         <file>rtsv7M4_T_le_v4SPD16_eabi.lib</file>
         <name>xferaise.obj</name>
      </input_file>
      <input_file id="fl-163">
         <path>C:\ti\ccsv6\tools\compiler\ti-cgt-arm_5.2.2\lib\</path>
         <kind>archive</kind>
         <file>rtsv7M4_T_le_v4SPD16_eabi.lib</file>
         <name>xfvalues.obj</name>
      </input_file>
      <input_file id="fl-164">
         <path>C:\ti\ccsv6\tools\compiler\ti-cgt-arm_5.2.2\lib\</path>
         <kind>archive</kind>
         <file>rtsv7M4_T_le_v4SPD16_eabi.lib</file>
         <name>errno.obj</name>
      </input_file>
      <input_file id="fl-165">
         <path>C:\ti\ccsv6\tools\compiler\ti-cgt-arm_5.2.2\lib\</path>
         <kind>archive</kind>
         <file>rtsv7M4_T_le_v4SPD16_eabi.lib</file>
         <name>feraiseexcept.obj</name>
      </input_file>
      <input_file id="fl-166">
         <path>C:\ti\ccsv6\tools\compiler\ti-cgt-arm_5.2.2\lib\</path>
         <kind>archive</kind>
         <file>rtsv7M4_T_le_v4SPD16_eabi.lib</file>
         <name>raise.obj</name>
      </input_file>
      <input_file id="fl-167">
         <path>C:\ti\ccsv6\tools\compiler\ti-cgt-arm_5.2.2\lib\</path>
         <kind>archive</kind>
         <file>rtsv7M4_T_le_v4SPD16_eabi.lib</file>
         <name>signal.obj</name>
      </input_file>
      <input_file id="fl-168">
         <path>C:\ti\ccsv6\tools\compiler\ti-cgt-arm_5.2.2\lib\</path>
         <kind>archive</kind>
         <file>rtsv7M4_T_le_v4SPD16_eabi.lib</file>
         <name>xdnorm.obj</name>
      </input_file>
      <input_file id="fl-169">
         <path>C:\Users\Thuy Vy\workspace_v6_1\dsplib-cm4f\Debug\</path>
         <kind>archive</kind>
         <file>dsplib-cm4f.lib</file>
         <name>arm_cfft_f32.obj</name>
      </input_file>
      <input_file id="fl-16a">
         <path>C:\Users\Thuy Vy\workspace_v6_1\dsplib-cm4f\Debug\</path>
         <kind>archive</kind>
         <file>dsplib-cm4f.lib</file>
         <name>arm_cfft_radix8_f32.obj</name>
      </input_file>
      <input_file id="fl-16b">
         <path>C:\Users\Thuy Vy\workspace_v6_1\dsplib-cm4f\Debug\</path>
         <kind>archive</kind>
         <file>dsplib-cm4f.lib</file>
         <name>arm_rfft_fast_f32.obj</name>
      </input_file>
      <input_file id="fl-16c">
         <path>C:\Users\Thuy Vy\workspace_v6_1\dsplib-cm4f\Debug\</path>
         <kind>archive</kind>
         <file>dsplib-cm4f.lib</file>
         <name>arm_rfft_fast_init_f32.obj</name>
      </input_file>
      <input_file id="fl-16d">
         <path>C:\Users\Thuy Vy\workspace_v6_1\dsplib-cm4f\Debug\</path>
         <kind>archive</kind>
         <file>dsplib-cm4f.lib</file>
         <name>arm_max_f32.obj</name>
      </input_file>
      <input_file id="fl-16e">
         <path>C:\Users\Thuy Vy\workspace_v6_1\dsplib-cm4f\Debug\</path>
         <kind>archive</kind>
         <file>dsplib-cm4f.lib</file>
         <name>arm_mean_f32.obj</name>
      </input_file>
      <input_file id="fl-16f">
         <path>C:\Users\Thuy Vy\workspace_v6_1\dsplib-cm4f\Debug\</path>
         <kind>archive</kind>
         <file>dsplib-cm4f.lib</file>
         <name>arm_fir_f32.obj</name>
      </input_file>
      <input_file id="fl-170">
         <path>C:\Users\Thuy Vy\workspace_v6_1\dsplib-cm4f\Debug\</path>
         <kind>archive</kind>
         <file>dsplib-cm4f.lib</file>
         <name>arm_fir_init_f32.obj</name>
      </input_file>
      <input_file id="fl-171">
         <path>C:\Users\Thuy Vy\workspace_v6_1\dsplib-cm4f\Debug\</path>
         <kind>archive</kind>
         <file>dsplib-cm4f.lib</file>
         <name>arm_cmplx_mag_f32.obj</name>
      </input_file>
      <input_file id="fl-172">
         <path>C:\Users\Thuy Vy\workspace_v6_1\dsplib-cm4f\Debug\</path>
         <kind>archive</kind>
         <file>dsplib-cm4f.lib</file>
         <name>arm_common_tables.obj</name>
      </input_file>
      <input_file id="fl-173">
         <path>C:\Users\Thuy Vy\workspace_v6_1\dsplib-cm4f\Debug\</path>
         <kind>archive</kind>
         <file>dsplib-cm4f.lib</file>
         <name>arm_const_structs.obj</name>
      </input_file>
      <input_file id="fl-174">
         <path>C:\Users\Thuy Vy\workspace_v6_1\dsplib-cm4f\Debug\</path>
         <kind>archive</kind>
         <file>dsplib-cm4f.lib</file>
         <name>arm_bitreversal2.obj</name>
      </input_file>
      <input_file id="fl-175">
         <path>C:\ti\ccsv6\tools\compiler\ti-cgt-arm_5.2.2\lib\</path>
         <kind>archive</kind>
         <file>rtsv7M4_T_le_v4SPD16_eabi.lib</file>
         <name>sqrtf.obj</name>
      </input_file>
   </input_file_list>
   <object_component_list>
      <object_component id="oc-f">
         <name>.intvecs</name>
         <load_address>0x0</load_address>
         <run_address>0x0</run_address>
         <size>0x26c</size>
         <input_file_ref idref="fl-a"/>
      </object_component>
      <object_component id="oc-3a1">
         <name>.text:arm_radix8_butterfly_f32</name>
         <load_address>0x2bc80</load_address>
         <run_address>0x2bc80</run_address>
         <size>0x714</size>
         <input_file_ref idref="fl-16a"/>
      </object_component>
      <object_component id="oc-3a7">
         <name>.text:arm_cfft_radix8by4_f32</name>
         <load_address>0x2c394</load_address>
         <run_address>0x2c394</run_address>
         <size>0x45a</size>
         <input_file_ref idref="fl-169"/>
      </object_component>
      <object_component id="oc-36">
         <name>.text:FaultISR</name>
         <load_address>0x2c7ee</load_address>
         <run_address>0x2c7ee</run_address>
         <size>0x2</size>
         <input_file_ref idref="fl-a"/>
      </object_component>
      <object_component id="oc-2f3">
         <name>.text:arm_fir_f32</name>
         <load_address>0x2c7f0</load_address>
         <run_address>0x2c7f0</run_address>
         <size>0x344</size>
         <input_file_ref idref="fl-16f"/>
      </object_component>
      <object_component id="oc-453">
         <name>.text:UARTvprintf</name>
         <load_address>0x2cb34</load_address>
         <run_address>0x2cb34</run_address>
         <size>0x1ea</size>
         <input_file_ref idref="fl-7"/>
      </object_component>
      <object_component id="oc-3ad">
         <name>.text:arm_cfft_radix8by2_f32</name>
         <load_address>0x2cd1e</load_address>
         <run_address>0x2cd1e</run_address>
         <size>0x186</size>
         <input_file_ref idref="fl-169"/>
      </object_component>
      <object_component id="oc-318">
         <name>.text:arm_cmplx_mag_f32</name>
         <load_address>0x2cea4</load_address>
         <run_address>0x2cea4</run_address>
         <size>0x138</size>
         <input_file_ref idref="fl-171"/>
      </object_component>
      <object_component id="oc-2db">
         <name>.text</name>
         <load_address>0x2cfdc</load_address>
         <run_address>0x2cfdc</run_address>
         <size>0x136</size>
         <input_file_ref idref="fl-141"/>
      </object_component>
      <object_component id="oc-360">
         <name>.text:GPIOPadConfigSet</name>
         <load_address>0x2d112</load_address>
         <run_address>0x2d112</run_address>
         <size>0x132</size>
         <input_file_ref idref="fl-13"/>
      </object_component>
      <object_component id="oc-139">
         <name>.text:main</name>
         <load_address>0x2d244</load_address>
         <run_address>0x2d244</run_address>
         <size>0x11c</size>
         <input_file_ref idref="fl-5"/>
      </object_component>
      <object_component id="oc-c6">
         <name>.text:SysCtlClockGet</name>
         <load_address>0x2d360</load_address>
         <run_address>0x2d360</run_address>
         <size>0x110</size>
         <input_file_ref idref="fl-15"/>
      </object_component>
      <object_component id="oc-2d6">
         <name>.text</name>
         <load_address>0x2d470</load_address>
         <run_address>0x2d470</run_address>
         <size>0xfc</size>
         <input_file_ref idref="fl-142"/>
      </object_component>
      <object_component id="oc-1f2">
         <name>.text:DisplayData</name>
         <load_address>0x2d56c</load_address>
         <run_address>0x2d56c</run_address>
         <size>0xf4</size>
         <input_file_ref idref="fl-5"/>
      </object_component>
      <object_component id="oc-186">
         <name>.text:SysCtlClockSet</name>
         <load_address>0x2d660</load_address>
         <run_address>0x2d660</run_address>
         <size>0xf4</size>
         <input_file_ref idref="fl-15"/>
      </object_component>
      <object_component id="oc-42">
         <name>.text:ADC3IntHandler</name>
         <load_address>0x2d754</load_address>
         <run_address>0x2d754</run_address>
         <size>0xe0</size>
         <input_file_ref idref="fl-7"/>
      </object_component>
      <object_component id="oc-312">
         <name>.text:arm_cfft_f32</name>
         <load_address>0x2d834</load_address>
         <run_address>0x2d834</run_address>
         <size>0xd6</size>
         <input_file_ref idref="fl-169"/>
      </object_component>
      <object_component id="oc-3c">
         <name>.text:IntDefaultHandler</name>
         <load_address>0x2d90a</load_address>
         <run_address>0x2d90a</run_address>
         <size>0x2</size>
         <input_file_ref idref="fl-a"/>
      </object_component>
      <object_component id="oc-19e">
         <name>.text:InitADC3Transfer</name>
         <load_address>0x2d90c</load_address>
         <run_address>0x2d90c</run_address>
         <size>0xc8</size>
         <input_file_ref idref="fl-7"/>
      </object_component>
      <object_component id="oc-3b3">
         <name>.text</name>
         <load_address>0x2d9d4</load_address>
         <run_address>0x2d9d4</run_address>
         <size>0xc0</size>
         <input_file_ref idref="fl-174"/>
      </object_component>
      <object_component id="oc-31e">
         <name>.text:arm_max_f32</name>
         <load_address>0x2da94</load_address>
         <run_address>0x2da94</run_address>
         <size>0xb0</size>
         <input_file_ref idref="fl-16d"/>
      </object_component>
      <object_component id="oc-1ec">
         <name>.text:FFTprocessing1</name>
         <load_address>0x2db44</load_address>
         <run_address>0x2db44</run_address>
         <size>0xa4</size>
         <input_file_ref idref="fl-2"/>
      </object_component>
      <object_component id="oc-5d">
         <name>.text</name>
         <load_address>0x2dbe8</load_address>
         <run_address>0x2dbe8</run_address>
         <size>0x9c</size>
         <input_file_ref idref="fl-148"/>
      </object_component>
      <object_component id="oc-1d4">
         <name>.text:LowpassFilter</name>
         <load_address>0x2dc84</load_address>
         <run_address>0x2dc84</run_address>
         <size>0x8c</size>
         <input_file_ref idref="fl-8"/>
      </object_component>
      <object_component id="oc-1ce">
         <name>.text:HighPassFilter</name>
         <load_address>0x2dd10</load_address>
         <run_address>0x2dd10</run_address>
         <size>0x88</size>
         <input_file_ref idref="fl-8"/>
      </object_component>
      <object_component id="oc-ba">
         <name>.text:uDMAChannelTransferSet</name>
         <load_address>0x2dd98</load_address>
         <run_address>0x2dd98</run_address>
         <size>0x84</size>
         <input_file_ref idref="fl-18"/>
      </object_component>
      <object_component id="oc-283">
         <name>.text:ADCSequenceStepConfigure</name>
         <load_address>0x2de1c</load_address>
         <run_address>0x2de1c</run_address>
         <size>0x7a</size>
         <input_file_ref idref="fl-11"/>
      </object_component>
      <object_component id="oc-76">
         <name>.text</name>
         <load_address>0x2de96</load_address>
         <run_address>0x2de96</run_address>
         <size>0x7a</size>
         <input_file_ref idref="fl-149"/>
      </object_component>
      <object_component id="oc-88">
         <name>.text</name>
         <load_address>0x2df10</load_address>
         <run_address>0x2df10</run_address>
         <size>0x6c</size>
         <input_file_ref idref="fl-154"/>
      </object_component>
      <object_component id="oc-69">
         <name>.text</name>
         <load_address>0x2df7c</load_address>
         <run_address>0x2df7c</run_address>
         <size>0x6a</size>
         <input_file_ref idref="fl-13d"/>
      </object_component>
      <object_component id="oc-331">
         <name>.text:MenuGetDisplayMode</name>
         <load_address>0x2dfe6</load_address>
         <run_address>0x2dfe6</run_address>
         <size>0x2</size>
         <input_file_ref idref="fl-5"/>
      </object_component>
      <object_component id="oc-1bc">
         <name>.text:IntEnable</name>
         <load_address>0x2dfe8</load_address>
         <run_address>0x2dfe8</run_address>
         <size>0x68</size>
         <input_file_ref idref="fl-14"/>
      </object_component>
      <object_component id="oc-324">
         <name>.text:arm_mean_f32</name>
         <load_address>0x2e050</load_address>
         <run_address>0x2e050</run_address>
         <size>0x68</size>
         <input_file_ref idref="fl-16e"/>
      </object_component>
      <object_component id="oc-1da">
         <name>.text:FIRprocessing</name>
         <load_address>0x2e0b8</load_address>
         <run_address>0x2e0b8</run_address>
         <size>0x60</size>
         <input_file_ref idref="fl-8"/>
      </object_component>
      <object_component id="oc-258">
         <name>.text:TimerConfigure</name>
         <load_address>0x2e118</load_address>
         <run_address>0x2e118</run_address>
         <size>0x60</size>
         <input_file_ref idref="fl-16"/>
      </object_component>
      <object_component id="oc-198">
         <name>.text:InitSamplingTimer</name>
         <load_address>0x2e178</load_address>
         <run_address>0x2e178</run_address>
         <size>0x58</size>
         <input_file_ref idref="fl-7"/>
      </object_component>
      <object_component id="oc-25e">
         <name>.text:TimerControlTrigger</name>
         <load_address>0x2e1d0</load_address>
         <run_address>0x2e1d0</run_address>
         <size>0x58</size>
         <input_file_ref idref="fl-16"/>
      </object_component>
      <object_component id="oc-30c">
         <name>.text:ComplexBufFFT</name>
         <load_address>0x2e228</load_address>
         <run_address>0x2e228</run_address>
         <size>0x50</size>
         <input_file_ref idref="fl-2"/>
      </object_component>
      <object_component id="oc-1b0">
         <name>.text:InitConsole</name>
         <load_address>0x2e278</load_address>
         <run_address>0x2e278</run_address>
         <size>0x50</size>
         <input_file_ref idref="fl-5"/>
      </object_component>
      <object_component id="oc-26b">
         <name>.text:SysCtlPeripheralReset</name>
         <load_address>0x2e2c8</load_address>
         <run_address>0x2e2c8</run_address>
         <size>0x50</size>
         <input_file_ref idref="fl-15"/>
      </object_component>
      <object_component id="oc-24">
         <name>.text</name>
         <load_address>0x2e318</load_address>
         <run_address>0x2e318</run_address>
         <size>0x50</size>
         <input_file_ref idref="fl-13b"/>
      </object_component>
      <object_component id="oc-2e5">
         <name>.text:setAgainSampling</name>
         <load_address>0x2e368</load_address>
         <run_address>0x2e368</run_address>
         <size>0x50</size>
         <input_file_ref idref="fl-7"/>
      </object_component>
      <object_component id="oc-131">
         <name>.text</name>
         <load_address>0x2e3b8</load_address>
         <run_address>0x2e3b8</run_address>
         <size>0x4c</size>
         <input_file_ref idref="fl-155"/>
      </object_component>
      <object_component id="oc-2e0">
         <name>.text</name>
         <load_address>0x2e404</load_address>
         <run_address>0x2e404</run_address>
         <size>0x4a</size>
         <input_file_ref idref="fl-144"/>
      </object_component>
      <object_component id="oc-30">
         <name>.text:NmiSR</name>
         <load_address>0x2e44e</load_address>
         <run_address>0x2e44e</run_address>
         <size>0x2</size>
         <input_file_ref idref="fl-a"/>
      </object_component>
      <object_component id="oc-2ad">
         <name>.text:GPIOPinConfigure</name>
         <load_address>0x2e450</load_address>
         <run_address>0x2e450</run_address>
         <size>0x48</size>
         <input_file_ref idref="fl-13"/>
      </object_component>
      <object_component id="oc-de">
         <name>.text:IntPendClear</name>
         <load_address>0x2e498</load_address>
         <run_address>0x2e498</run_address>
         <size>0x48</size>
         <input_file_ref idref="fl-14"/>
      </object_component>
      <object_component id="oc-295">
         <name>.text:uDMAChannelAttributeDisable</name>
         <load_address>0x2e4e0</load_address>
         <run_address>0x2e4e0</run_address>
         <size>0x48</size>
         <input_file_ref idref="fl-18"/>
      </object_component>
      <object_component id="oc-37a">
         <name>.text:UARTConfigSetExpClk</name>
         <load_address>0x2e528</load_address>
         <run_address>0x2e528</run_address>
         <size>0x46</size>
         <input_file_ref idref="fl-17"/>
      </object_component>
      <object_component id="oc-1c8">
         <name>.text:choiceTypeProcessing</name>
         <load_address>0x2e56e</load_address>
         <run_address>0x2e56e</run_address>
         <size>0x2</size>
         <input_file_ref idref="fl-8"/>
      </object_component>
      <object_component id="oc-1a4">
         <name>.text:InitDebugTimer</name>
         <load_address>0x2e570</load_address>
         <run_address>0x2e570</run_address>
         <size>0x44</size>
         <input_file_ref idref="fl-7"/>
      </object_component>
      <object_component id="oc-2bf">
         <name>.text:UARTStdioConfig</name>
         <load_address>0x2e5b4</load_address>
         <run_address>0x2e5b4</run_address>
         <size>0x44</size>
         <input_file_ref idref="fl-7"/>
      </object_component>
      <object_component id="oc-94">
         <name>.text</name>
         <load_address>0x2e5f8</load_address>
         <run_address>0x2e5f8</run_address>
         <size>0x44</size>
         <input_file_ref idref="fl-13f"/>
      </object_component>
      <object_component id="oc-4ea">
         <name>.text</name>
         <load_address>0x2e63c</load_address>
         <run_address>0x2e63c</run_address>
         <size>0x42</size>
         <input_file_ref idref="fl-14c"/>
      </object_component>
      <object_component id="oc-516">
         <name>.text</name>
         <load_address>0x2e680</load_address>
         <run_address>0x2e680</run_address>
         <size>0x40</size>
         <input_file_ref idref="fl-167"/>
      </object_component>
      <object_component id="oc-27d">
         <name>.text:ADCSequenceConfigure</name>
         <load_address>0x2e6c0</load_address>
         <run_address>0x2e6c0</run_address>
         <size>0x3e</size>
         <input_file_ref idref="fl-11"/>
      </object_component>
      <object_component id="oc-374">
         <name>.text:SysCtlPeripheralPresent</name>
         <load_address>0x2e700</load_address>
         <run_address>0x2e700</run_address>
         <size>0x38</size>
         <input_file_ref idref="fl-15"/>
      </object_component>
      <object_component id="oc-4e4">
         <name>.text:UARTwrite</name>
         <load_address>0x2e738</load_address>
         <run_address>0x2e738</run_address>
         <size>0x38</size>
         <input_file_ref idref="fl-7"/>
      </object_component>
      <object_component id="oc-2d1">
         <name>.text</name>
         <load_address>0x2e770</load_address>
         <run_address>0x2e770</run_address>
         <size>0x38</size>
         <input_file_ref idref="fl-145"/>
      </object_component>
      <object_component id="oc-252">
         <name>.text:SysCtlPeripheralEnable</name>
         <load_address>0x2e7a8</load_address>
         <run_address>0x2e7a8</run_address>
         <size>0x34</size>
         <input_file_ref idref="fl-15"/>
      </object_component>
      <object_component id="oc-4e">
         <name>.text:Timer2AIntHandler</name>
         <load_address>0x2e7dc</load_address>
         <run_address>0x2e7dc</run_address>
         <size>0x34</size>
         <input_file_ref idref="fl-7"/>
      </object_component>
      <object_component id="oc-1e0">
         <name>.text:cfir</name>
         <load_address>0x2e810</load_address>
         <run_address>0x2e810</run_address>
         <size>0x34</size>
         <input_file_ref idref="fl-8"/>
      </object_component>
      <object_component id="oc-4f3">
         <name>.text</name>
         <load_address>0x2e844</load_address>
         <run_address>0x2e844</run_address>
         <size>0x34</size>
         <input_file_ref idref="fl-165"/>
      </object_component>
      <object_component id="oc-479">
         <name>.text</name>
         <load_address>0x2e878</load_address>
         <run_address>0x2e878</run_address>
         <size>0x30</size>
         <input_file_ref idref="fl-162"/>
      </object_component>
      <object_component id="oc-509">
         <name>.text</name>
         <load_address>0x2e8a8</load_address>
         <run_address>0x2e8a8</run_address>
         <size>0x2e</size>
         <input_file_ref idref="fl-166"/>
      </object_component>
      <object_component id="oc-1b6">
         <name>.text:InitDSP1</name>
         <load_address>0x2e8d8</load_address>
         <run_address>0x2e8d8</run_address>
         <size>0x2c</size>
         <input_file_ref idref="fl-2"/>
      </object_component>
      <object_component id="oc-366">
         <name>.text:GPIODirModeSet</name>
         <load_address>0x2e904</load_address>
         <run_address>0x2e904</run_address>
         <size>0x2a</size>
         <input_file_ref idref="fl-13"/>
      </object_component>
      <object_component id="oc-1aa">
         <name>.text:InitGPIO</name>
         <load_address>0x2e930</load_address>
         <run_address>0x2e930</run_address>
         <size>0x28</size>
         <input_file_ref idref="fl-5"/>
      </object_component>
      <object_component id="oc-48">
         <name>.text:Timer0AIntHandler</name>
         <load_address>0x2e958</load_address>
         <run_address>0x2e958</run_address>
         <size>0x28</size>
         <input_file_ref idref="fl-7"/>
      </object_component>
      <object_component id="oc-3ba">
         <name>.text</name>
         <load_address>0x2e980</load_address>
         <run_address>0x2e980</run_address>
         <size>0x24</size>
         <input_file_ref idref="fl-175"/>
      </object_component>
      <object_component id="oc-29b">
         <name>.text:uDMAChannelControlSet</name>
         <load_address>0x2e9a4</load_address>
         <run_address>0x2e9a4</run_address>
         <size>0x24</size>
         <input_file_ref idref="fl-18"/>
      </object_component>
      <object_component id="oc-ae">
         <name>.text:uDMAChannelSizeGet</name>
         <load_address>0x2e9c8</load_address>
         <run_address>0x2e9c8</run_address>
         <size>0x24</size>
         <input_file_ref idref="fl-18"/>
      </object_component>
      <object_component id="oc-461">
         <name>.text:UARTDisable</name>
         <load_address>0x2e9ec</load_address>
         <run_address>0x2e9ec</run_address>
         <size>0x20</size>
         <input_file_ref idref="fl-17"/>
      </object_component>
      <object_component id="oc-2ed">
         <name>.text:arm_fir_init_f32</name>
         <load_address>0x2ea0c</load_address>
         <run_address>0x2ea0c</run_address>
         <size>0x1e</size>
         <input_file_ref idref="fl-170"/>
      </object_component>
      <object_component id="oc-303">
         <name>.text:wrap_</name>
         <load_address>0x2ea2a</load_address>
         <run_address>0x2ea2a</run_address>
         <size>0x1e</size>
         <input_file_ref idref="fl-8"/>
      </object_component>
      <object_component id="oc-54">
         <name>.text:uDMAErrorHandler</name>
         <load_address>0x2ea48</load_address>
         <run_address>0x2ea48</run_address>
         <size>0x1c</size>
         <input_file_ref idref="fl-7"/>
      </object_component>
      <object_component id="oc-337">
         <name>.text:UARTprintf</name>
         <load_address>0x2ea64</load_address>
         <run_address>0x2ea64</run_address>
         <size>0x1a</size>
         <input_file_ref idref="fl-7"/>
      </object_component>
      <object_component id="oc-2a6">
         <name>.text:GPIOPinTypeGPIOOutput</name>
         <load_address>0x2ea7e</load_address>
         <run_address>0x2ea7e</run_address>
         <size>0x18</size>
         <input_file_ref idref="fl-13"/>
      </object_component>
      <object_component id="oc-b4">
         <name>.text:TimerDisable</name>
         <load_address>0x2ea98</load_address>
         <run_address>0x2ea98</run_address>
         <size>0x18</size>
         <input_file_ref idref="fl-16"/>
      </object_component>
      <object_component id="oc-8e">
         <name>.text</name>
         <load_address>0x2eab0</load_address>
         <run_address>0x2eab0</run_address>
         <size>0x18</size>
         <input_file_ref idref="fl-152"/>
      </object_component>
      <object_component id="oc-c0">
         <name>.text:uDMAChannelEnable</name>
         <load_address>0x2eac8</load_address>
         <run_address>0x2eac8</run_address>
         <size>0x18</size>
         <input_file_ref idref="fl-18"/>
      </object_component>
      <object_component id="oc-a8">
         <name>.text:uDMAChannelIsEnabled</name>
         <load_address>0x2eae0</load_address>
         <run_address>0x2eae0</run_address>
         <size>0x18</size>
         <input_file_ref idref="fl-18"/>
      </object_component>
      <object_component id="oc-380">
         <name>.text:UARTEnable</name>
         <load_address>0x2eaf8</load_address>
         <run_address>0x2eaf8</run_address>
         <size>0x14</size>
         <input_file_ref idref="fl-17"/>
      </object_component>
      <object_component id="oc-208">
         <name>.text</name>
         <load_address>0x2eb0c</load_address>
         <run_address>0x2eb0c</run_address>
         <size>0x14</size>
         <input_file_ref idref="fl-150"/>
      </object_component>
      <object_component id="oc-2b9">
         <name>.text:GPIOPinTypeUART</name>
         <load_address>0x2eb20</load_address>
         <run_address>0x2eb20</run_address>
         <size>0x12</size>
         <input_file_ref idref="fl-13"/>
      </object_component>
      <object_component id="oc-cc">
         <name>.text:TimerLoadSet</name>
         <load_address>0x2eb32</load_address>
         <run_address>0x2eb32</run_address>
         <size>0x12</size>
         <input_file_ref idref="fl-16"/>
      </object_component>
      <object_component id="oc-28f">
         <name>.text:ADCIntEnable</name>
         <load_address>0x2eb44</load_address>
         <run_address>0x2eb44</run_address>
         <size>0x10</size>
         <input_file_ref idref="fl-11"/>
      </object_component>
      <object_component id="oc-18c">
         <name>.text:FPUEnable</name>
         <load_address>0x2eb54</load_address>
         <run_address>0x2eb54</run_address>
         <size>0x10</size>
         <input_file_ref idref="fl-12"/>
      </object_component>
      <object_component id="oc-192">
         <name>.text:FPULazyStackingEnable</name>
         <load_address>0x2eb64</load_address>
         <run_address>0x2eb64</run_address>
         <size>0x10</size>
         <input_file_ref idref="fl-12"/>
      </object_component>
      <object_component id="oc-1c2">
         <name>.text:IntMasterEnable</name>
         <load_address>0x2eb74</load_address>
         <run_address>0x2eb74</run_address>
         <size>0x10</size>
         <input_file_ref idref="fl-14"/>
      </object_component>
      <object_component id="oc-271">
         <name>.text:uDMAEnable</name>
         <load_address>0x2eb84</load_address>
         <run_address>0x2eb84</run_address>
         <size>0x10</size>
         <input_file_ref idref="fl-18"/>
      </object_component>
      <object_component id="oc-d8">
         <name>.text:ADCIntDisable</name>
         <load_address>0x2eb94</load_address>
         <run_address>0x2eb94</run_address>
         <size>0xe</size>
         <input_file_ref idref="fl-11"/>
      </object_component>
      <object_component id="oc-289">
         <name>.text:ADCSequenceEnable</name>
         <load_address>0x2eba2</load_address>
         <run_address>0x2eba2</run_address>
         <size>0xe</size>
         <input_file_ref idref="fl-11"/>
      </object_component>
      <object_component id="oc-d2">
         <name>.text:TimerEnable</name>
         <load_address>0x2ebb0</load_address>
         <run_address>0x2ebb0</run_address>
         <size>0xe</size>
         <input_file_ref idref="fl-16"/>
      </object_component>
      <object_component id="oc-12">
         <name>.text:decompress:none</name>
         <load_address>0x2ebbe</load_address>
         <run_address>0x2ebbe</run_address>
         <size>0xe</size>
         <input_file_ref idref="fl-13c"/>
      </object_component>
      <object_component id="oc-2c8">
         <name>.text:CPUcpsie</name>
         <load_address>0x2ebcc</load_address>
         <run_address>0x2ebcc</run_address>
         <size>0xc</size>
         <input_file_ref idref="fl-19"/>
      </object_component>
      <object_component id="oc-1e">
         <name>.text:decompress:ZI</name>
         <load_address>0x2ebd8</load_address>
         <run_address>0x2ebd8</run_address>
         <size>0xc</size>
         <input_file_ref idref="fl-13e"/>
      </object_component>
      <object_component id="oc-277">
         <name>.text:uDMAControlBaseSet</name>
         <load_address>0x2ebe4</load_address>
         <run_address>0x2ebe4</run_address>
         <size>0xc</size>
         <input_file_ref idref="fl-18"/>
      </object_component>
      <object_component id="oc-10a">
         <name>.text:uDMAErrorStatusClear</name>
         <load_address>0x2ebf0</load_address>
         <run_address>0x2ebf0</run_address>
         <size>0xc</size>
         <input_file_ref idref="fl-18"/>
      </object_component>
      <object_component id="oc-104">
         <name>.text:uDMAErrorStatusGet</name>
         <load_address>0x2ebfc</load_address>
         <run_address>0x2ebfc</run_address>
         <size>0xc</size>
         <input_file_ref idref="fl-18"/>
      </object_component>
      <object_component id="oc-a2">
         <name>.text:ADCIntClear</name>
         <load_address>0x2ec08</load_address>
         <run_address>0x2ec08</run_address>
         <size>0xa</size>
         <input_file_ref idref="fl-11"/>
      </object_component>
      <object_component id="oc-501">
         <name>.text:UARTCharPut</name>
         <load_address>0x2ec12</load_address>
         <run_address>0x2ec12</run_address>
         <size>0xa</size>
         <input_file_ref idref="fl-17"/>
      </object_component>
      <object_component id="oc-264">
         <name>.text:TimerIntEnable</name>
         <load_address>0x2ec1c</load_address>
         <run_address>0x2ec1c</run_address>
         <size>0x8</size>
         <input_file_ref idref="fl-16"/>
      </object_component>
      <object_component id="oc-1e6">
         <name>.text:GPIOPinWrite</name>
         <load_address>0x2ec24</load_address>
         <run_address>0x2ec24</run_address>
         <size>0x6</size>
         <input_file_ref idref="fl-13"/>
      </object_component>
      <object_component id="oc-2a">
         <name>.text:ResetISR</name>
         <load_address>0x2ec2a</load_address>
         <run_address>0x2ec2a</run_address>
         <size>0x6</size>
         <input_file_ref idref="fl-a"/>
      </object_component>
      <object_component id="oc-24e">
         <name>.text:SysCtlDelay</name>
         <load_address>0x2ec30</load_address>
         <run_address>0x2ec30</run_address>
         <size>0x6</size>
         <input_file_ref idref="fl-15"/>
      </object_component>
      <object_component id="oc-2b3">
         <name>.text:UARTClockSourceSet</name>
         <load_address>0x2ec36</load_address>
         <run_address>0x2ec36</run_address>
         <size>0x6</size>
         <input_file_ref idref="fl-17"/>
      </object_component>
      <object_component id="oc-18">
         <name>.text:decompress:rle24</name>
         <load_address>0x2ec3c</load_address>
         <run_address>0x2ec3c</run_address>
         <size>0x6</size>
         <input_file_ref idref="fl-13d"/>
      </object_component>
      <object_component id="oc-f6">
         <name>.text:TimerIntClear</name>
         <load_address>0x2ec42</load_address>
         <run_address>0x2ec42</run_address>
         <size>0x4</size>
         <input_file_ref idref="fl-16"/>
      </object_component>
      <object_component id="oc-82">
         <name>.text</name>
         <load_address>0x2ec46</load_address>
         <run_address>0x2ec46</run_address>
         <size>0x4</size>
         <input_file_ref idref="fl-14a"/>
      </object_component>
      <object_component id="oc-3f8">
         <name>.const:twiddleCoef_4096</name>
         <load_address>0x26c</load_address>
         <run_address>0x26c</run_address>
         <size>0x8000</size>
         <input_file_ref idref="fl-172"/>
      </object_component>
      <object_component id="oc-42e">
         <name>.const:twiddleCoef_4096_q31</name>
         <load_address>0x826c</load_address>
         <run_address>0x826c</run_address>
         <size>0x6000</size>
         <input_file_ref idref="fl-172"/>
      </object_component>
      <object_component id="oc-3f2">
         <name>.const:twiddleCoef_2048</name>
         <load_address>0xe26c</load_address>
         <run_address>0xe26c</run_address>
         <size>0x4000</size>
         <input_file_ref idref="fl-172"/>
      </object_component>
      <object_component id="oc-428">
         <name>.const:twiddleCoef_2048_q31</name>
         <load_address>0x1226c</load_address>
         <run_address>0x1226c</run_address>
         <size>0x3000</size>
         <input_file_ref idref="fl-172"/>
      </object_component>
      <object_component id="oc-44c">
         <name>.const:twiddleCoef_4096_q15</name>
         <load_address>0x1526c</load_address>
         <run_address>0x1526c</run_address>
         <size>0x3000</size>
         <input_file_ref idref="fl-172"/>
      </object_component>
      <object_component id="oc-3ec">
         <name>.const:twiddleCoef_1024</name>
         <load_address>0x1826c</load_address>
         <run_address>0x1826c</run_address>
         <size>0x2000</size>
         <input_file_ref idref="fl-172"/>
      </object_component>
      <object_component id="oc-3fb">
         <name>.const:armBitRevIndexTable4096</name>
         <load_address>0x1a26c</load_address>
         <run_address>0x1a26c</run_address>
         <size>0x1f80</size>
         <input_file_ref idref="fl-172"/>
      </object_component>
      <object_component id="oc-431">
         <name>.const:armBitRevIndexTable_fixed_4096</name>
         <load_address>0x1c1ec</load_address>
         <run_address>0x1c1ec</run_address>
         <size>0x1f80</size>
         <input_file_ref idref="fl-172"/>
      </object_component>
      <object_component id="oc-3f5">
         <name>.const:armBitRevIndexTable2048</name>
         <load_address>0x1e16c</load_address>
         <run_address>0x1e16c</run_address>
         <size>0x1dc0</size>
         <input_file_ref idref="fl-172"/>
      </object_component>
      <object_component id="oc-422">
         <name>.const:twiddleCoef_1024_q31</name>
         <load_address>0x1ff2c</load_address>
         <run_address>0x1ff2c</run_address>
         <size>0x1800</size>
         <input_file_ref idref="fl-172"/>
      </object_component>
      <object_component id="oc-449">
         <name>.const:twiddleCoef_2048_q15</name>
         <load_address>0x2172c</load_address>
         <run_address>0x2172c</run_address>
         <size>0x1800</size>
         <input_file_ref idref="fl-172"/>
      </object_component>
      <object_component id="oc-3e6">
         <name>.const:twiddleCoef_512</name>
         <load_address>0x22f2c</load_address>
         <run_address>0x22f2c</run_address>
         <size>0x1000</size>
         <input_file_ref idref="fl-172"/>
      </object_component>
      <object_component id="oc-42b">
         <name>.const:armBitRevIndexTable_fixed_2048</name>
         <load_address>0x23f2c</load_address>
         <run_address>0x23f2c</run_address>
         <size>0xf80</size>
         <input_file_ref idref="fl-172"/>
      </object_component>
      <object_component id="oc-3ef">
         <name>.const:armBitRevIndexTable1024</name>
         <load_address>0x24eac</load_address>
         <run_address>0x24eac</run_address>
         <size>0xe10</size>
         <input_file_ref idref="fl-172"/>
      </object_component>
      <object_component id="oc-446">
         <name>.const:twiddleCoef_1024_q15</name>
         <load_address>0x25cbc</load_address>
         <run_address>0x25cbc</run_address>
         <size>0xc00</size>
         <input_file_ref idref="fl-172"/>
      </object_component>
      <object_component id="oc-41c">
         <name>.const:twiddleCoef_512_q31</name>
         <load_address>0x268bc</load_address>
         <run_address>0x268bc</run_address>
         <size>0xc00</size>
         <input_file_ref idref="fl-172"/>
      </object_component>
      <object_component id="oc-3e0">
         <name>.const:twiddleCoef_256</name>
         <load_address>0x274bc</load_address>
         <run_address>0x274bc</run_address>
         <size>0x800</size>
         <input_file_ref idref="fl-172"/>
      </object_component>
      <object_component id="oc-425">
         <name>.const:armBitRevIndexTable_fixed_1024</name>
         <load_address>0x27cbc</load_address>
         <run_address>0x27cbc</run_address>
         <size>0x7c0</size>
         <input_file_ref idref="fl-172"/>
      </object_component>
      <object_component id="oc-416">
         <name>.const:twiddleCoef_256_q31</name>
         <load_address>0x2847c</load_address>
         <run_address>0x2847c</run_address>
         <size>0x600</size>
         <input_file_ref idref="fl-172"/>
      </object_component>
      <object_component id="oc-443">
         <name>.const:twiddleCoef_512_q15</name>
         <load_address>0x28a7c</load_address>
         <run_address>0x28a7c</run_address>
         <size>0x600</size>
         <input_file_ref idref="fl-172"/>
      </object_component>
      <object_component id="oc-2fc">
         <name>.const:firCoeffs32</name>
         <load_address>0x2907c</load_address>
         <run_address>0x2907c</run_address>
         <size>0x4f8</size>
         <input_file_ref idref="fl-4"/>
      </object_component>
      <object_component id="oc-3da">
         <name>.const:twiddleCoef_128</name>
         <load_address>0x29574</load_address>
         <run_address>0x29574</run_address>
         <size>0x400</size>
         <input_file_ref idref="fl-172"/>
      </object_component>
      <object_component id="oc-41f">
         <name>.const:armBitRevIndexTable_fixed_512</name>
         <load_address>0x29974</load_address>
         <run_address>0x29974</run_address>
         <size>0x3c0</size>
         <input_file_ref idref="fl-172"/>
      </object_component>
      <object_component id="oc-3e9">
         <name>.const:armBitRevIndexTable512</name>
         <load_address>0x29d34</load_address>
         <run_address>0x29d34</run_address>
         <size>0x380</size>
         <input_file_ref idref="fl-172"/>
      </object_component>
      <object_component id="oc-3e3">
         <name>.const:armBitRevIndexTable256</name>
         <load_address>0x2a0b4</load_address>
         <run_address>0x2a0b4</run_address>
         <size>0x370</size>
         <input_file_ref idref="fl-172"/>
      </object_component>
      <object_component id="oc-410">
         <name>.const:twiddleCoef_128_q31</name>
         <load_address>0x2a424</load_address>
         <run_address>0x2a424</run_address>
         <size>0x300</size>
         <input_file_ref idref="fl-172"/>
      </object_component>
      <object_component id="oc-440">
         <name>.const:twiddleCoef_256_q15</name>
         <load_address>0x2a724</load_address>
         <run_address>0x2a724</run_address>
         <size>0x300</size>
         <input_file_ref idref="fl-172"/>
      </object_component>
      <object_component id="oc-3d4">
         <name>.const:twiddleCoef_64</name>
         <load_address>0x2aa24</load_address>
         <run_address>0x2aa24</run_address>
         <size>0x200</size>
         <input_file_ref idref="fl-172"/>
      </object_component>
      <object_component id="oc-419">
         <name>.const:armBitRevIndexTable_fixed_256</name>
         <load_address>0x2ac24</load_address>
         <run_address>0x2ac24</run_address>
         <size>0x1e0</size>
         <input_file_ref idref="fl-172"/>
      </object_component>
      <object_component id="oc-32d">
         <name>.const</name>
         <load_address>0x2ae04</load_address>
         <run_address>0x2ae04</run_address>
         <size>0x1b0</size>
         <input_file_ref idref="fl-173"/>
      </object_component>
      <object_component id="oc-3dd">
         <name>.const:armBitRevIndexTable128</name>
         <load_address>0x2afb4</load_address>
         <run_address>0x2afb4</run_address>
         <size>0x1a0</size>
         <input_file_ref idref="fl-172"/>
      </object_component>
      <object_component id="oc-43d">
         <name>.const:twiddleCoef_128_q15</name>
         <load_address>0x2b154</load_address>
         <run_address>0x2b154</run_address>
         <size>0x180</size>
         <input_file_ref idref="fl-172"/>
      </object_component>
      <object_component id="oc-40a">
         <name>.const:twiddleCoef_64_q31</name>
         <load_address>0x2b2d4</load_address>
         <run_address>0x2b2d4</run_address>
         <size>0x180</size>
         <input_file_ref idref="fl-172"/>
      </object_component>
      <object_component id="oc-3ce">
         <name>.const:twiddleCoef_32</name>
         <load_address>0x2b454</load_address>
         <run_address>0x2b454</run_address>
         <size>0x100</size>
         <input_file_ref idref="fl-172"/>
      </object_component>
      <object_component id="oc-413">
         <name>.const:armBitRevIndexTable_fixed_128</name>
         <load_address>0x2b554</load_address>
         <run_address>0x2b554</run_address>
         <size>0xe0</size>
         <input_file_ref idref="fl-172"/>
      </object_component>
      <object_component id="oc-404">
         <name>.const:twiddleCoef_32_q31</name>
         <load_address>0x2b634</load_address>
         <run_address>0x2b634</run_address>
         <size>0xc0</size>
         <input_file_ref idref="fl-172"/>
      </object_component>
      <object_component id="oc-43a">
         <name>.const:twiddleCoef_64_q15</name>
         <load_address>0x2b6f4</load_address>
         <run_address>0x2b6f4</run_address>
         <size>0xc0</size>
         <input_file_ref idref="fl-172"/>
      </object_component>
      <object_component id="oc-36d">
         <name>.const:g_pui32GPIOBaseAddrs</name>
         <load_address>0x2b7b4</load_address>
         <run_address>0x2b7b4</run_address>
         <size>0x90</size>
         <input_file_ref idref="fl-13"/>
      </object_component>
      <object_component id="oc-3c8">
         <name>.const:twiddleCoef_16</name>
         <load_address>0x2b844</load_address>
         <run_address>0x2b844</run_address>
         <size>0x80</size>
         <input_file_ref idref="fl-172"/>
      </object_component>
      <object_component id="oc-3d7">
         <name>.const:armBitRevIndexTable64</name>
         <load_address>0x2b8c4</load_address>
         <run_address>0x2b8c4</run_address>
         <size>0x70</size>
         <input_file_ref idref="fl-172"/>
      </object_component>
      <object_component id="oc-40d">
         <name>.const:armBitRevIndexTable_fixed_64</name>
         <load_address>0x2b934</load_address>
         <run_address>0x2b934</run_address>
         <size>0x70</size>
         <input_file_ref idref="fl-172"/>
      </object_component>
      <object_component id="oc-15d">
         <name>.const</name>
         <load_address>0x2b9a4</load_address>
         <run_address>0x2b9a4</run_address>
         <size>0x70</size>
         <input_file_ref idref="fl-14"/>
      </object_component>
      <object_component id="oc-156">
         <name>.const:g_pui32Xtals</name>
         <load_address>0x2ba14</load_address>
         <run_address>0x2ba14</run_address>
         <size>0x6c</size>
         <input_file_ref idref="fl-15"/>
      </object_component>
      <object_component id="oc-3d1">
         <name>.const:armBitRevIndexTable32</name>
         <load_address>0x2ba80</load_address>
         <run_address>0x2ba80</run_address>
         <size>0x60</size>
         <input_file_ref idref="fl-172"/>
      </object_component>
      <object_component id="oc-3fe">
         <name>.const:twiddleCoef_16_q31</name>
         <load_address>0x2bae0</load_address>
         <run_address>0x2bae0</run_address>
         <size>0x60</size>
         <input_file_ref idref="fl-172"/>
      </object_component>
      <object_component id="oc-437">
         <name>.const:twiddleCoef_32_q15</name>
         <load_address>0x2bb40</load_address>
         <run_address>0x2bb40</run_address>
         <size>0x60</size>
         <input_file_ref idref="fl-172"/>
      </object_component>
      <object_component id="oc-407">
         <name>.const:armBitRevIndexTable_fixed_32</name>
         <load_address>0x2bba0</load_address>
         <run_address>0x2bba0</run_address>
         <size>0x30</size>
         <input_file_ref idref="fl-172"/>
      </object_component>
      <object_component id="oc-434">
         <name>.const:twiddleCoef_16_q15</name>
         <load_address>0x2bbd0</load_address>
         <run_address>0x2bbd0</run_address>
         <size>0x30</size>
         <input_file_ref idref="fl-172"/>
      </object_component>
      <object_component id="oc-3cb">
         <name>.const:armBitRevIndexTable16</name>
         <load_address>0x2bc00</load_address>
         <run_address>0x2bc00</run_address>
         <size>0x28</size>
         <input_file_ref idref="fl-172"/>
      </object_component>
      <object_component id="oc-386">
         <name>.const</name>
         <load_address>0x2bc28</load_address>
         <run_address>0x2bc28</run_address>
         <size>0x1c</size>
         <input_file_ref idref="fl-7"/>
      </object_component>
      <object_component id="oc-401">
         <name>.const</name>
         <load_address>0x2bc44</load_address>
         <run_address>0x2bc44</run_address>
         <size>0x18</size>
         <input_file_ref idref="fl-172"/>
      </object_component>
      <object_component id="oc-469">
         <name>.const:.string</name>
         <load_address>0x2bc5c</load_address>
         <run_address>0x2bc5c</run_address>
         <size>0x12</size>
         <input_file_ref idref="fl-7"/>
      </object_component>
      <object_component id="oc-2f9">
         <name>.const</name>
         <load_address>0x2bc70</load_address>
         <run_address>0x2bc70</run_address>
         <size>0x10</size>
         <input_file_ref idref="fl-8"/>
      </object_component>
      <object_component id="oc-55c">
         <name>.cinit..data.load</name>
         <load_address>0x2ec50</load_address>
         <run_address>0x2ec50</run_address>
         <size>0x33</size>
      </object_component>
      <object_component id="oc-55a">
         <name>__TI_handler_table</name>
         <load_address>0x2ec84</load_address>
         <run_address>0x2ec84</run_address>
         <size>0xc</size>
      </object_component>
      <object_component id="oc-55d">
         <name>.cinit..bss.load</name>
         <load_address>0x2ec90</load_address>
         <run_address>0x2ec90</run_address>
         <size>0x8</size>
      </object_component>
      <object_component id="oc-55b">
         <name>__TI_cinit_table</name>
         <load_address>0x2ec98</load_address>
         <run_address>0x2ec98</run_address>
         <size>0x10</size>
      </object_component>
      <object_component id="oc-29">
         <name>.stack</name>
         <uninitialized>true</uninitialized>
         <run_address>0x20004a00</run_address>
         <size>0x0</size>
         <input_file_ref idref="fl-13b"/>
      </object_component>
      <object_component id="oc-55e">
         <name>.stack</name>
         <uninitialized>true</uninitialized>
         <run_address>0x20004a00</run_address>
         <size>0x0</size>
      </object_component>
      <object_component id="oc-2a1">
         <name>.bss:ucControlTable</name>
         <uninitialized>true</uninitialized>
         <run_address>0x20004800</run_address>
         <size>0x200</size>
         <input_file_ref idref="fl-7"/>
      </object_component>
      <object_component id="oc-2ff">
         <name>.bss:firStateF32</name>
         <uninitialized>true</uninitialized>
         <run_address>0x20003200</run_address>
         <size>0x14f4</size>
         <input_file_ref idref="fl-8"/>
      </object_component>
      <object_component id="oc-1fd">
         <name>.data:fftNode</name>
         <load_address>0x200030e0</load_address>
         <run_address>0x200030e0</run_address>
         <size>0x28</size>
         <input_file_ref idref="fl-2"/>
      </object_component>
      <object_component id="oc-32a">
         <name>.data</name>
         <load_address>0x20003124</load_address>
         <run_address>0x20003124</run_address>
         <size>0x8</size>
         <input_file_ref idref="fl-2"/>
      </object_component>
      <object_component id="oc-1f4">
         <name>.data:output3</name>
         <load_address>0x20002000</load_address>
         <run_address>0x20002000</run_address>
         <size>0x1000</size>
         <input_file_ref idref="fl-5"/>
      </object_component>
      <object_component id="oc-fd">
         <name>.data</name>
         <load_address>0x2000312c</load_address>
         <run_address>0x2000312c</run_address>
         <size>0x8</size>
         <input_file_ref idref="fl-5"/>
      </object_component>
      <object_component id="oc-1fa">
         <name>.data:g_fFFTResult</name>
         <load_address>0x20000000</load_address>
         <run_address>0x20000000</run_address>
         <size>0x1000</size>
         <input_file_ref idref="fl-5"/>
      </object_component>
      <object_component id="oc-e4">
         <name>.data</name>
         <load_address>0x20003108</load_address>
         <run_address>0x20003108</run_address>
         <size>0x1c</size>
         <input_file_ref idref="fl-7"/>
      </object_component>
      <object_component id="oc-ed">
         <name>.data:g_ulADCValues</name>
         <load_address>0x20001000</load_address>
         <run_address>0x20001000</run_address>
         <size>0x1000</size>
         <input_file_ref idref="fl-7"/>
      </object_component>
      <object_component id="oc-ea">
         <name>.data:adcNode</name>
         <load_address>0x200030b0</load_address>
         <run_address>0x200030b0</run_address>
         <size>0x30</size>
         <input_file_ref idref="fl-7"/>
      </object_component>
      <object_component id="oc-1f7">
         <name>.data</name>
         <load_address>0x20003154</load_address>
         <run_address>0x20003154</run_address>
         <size>0x4</size>
         <input_file_ref idref="fl-8"/>
      </object_component>
      <object_component id="oc-144">
         <name>.data</name>
         <load_address>0x2000313c</load_address>
         <run_address>0x2000313c</run_address>
         <size>0x8</size>
         <input_file_ref idref="fl-13f"/>
      </object_component>
      <object_component id="oc-9a">
         <name>.data</name>
         <load_address>0x20003150</load_address>
         <run_address>0x20003150</run_address>
         <size>0x4</size>
         <input_file_ref idref="fl-14b"/>
      </object_component>
      <object_component id="oc-141">
         <name>.data</name>
         <load_address>0x20003134</load_address>
         <run_address>0x20003134</run_address>
         <size>0x8</size>
         <input_file_ref idref="fl-150"/>
      </object_component>
      <object_component id="oc-4f9">
         <name>.data</name>
         <load_address>0x2000314c</load_address>
         <run_address>0x2000314c</run_address>
         <size>0x4</size>
         <input_file_ref idref="fl-164"/>
      </object_component>
      <object_component id="oc-50f">
         <name>.data</name>
         <load_address>0x20003144</load_address>
         <run_address>0x20003144</run_address>
         <size>0x8</size>
         <input_file_ref idref="fl-165"/>
      </object_component>
      <object_component id="oc-527">
         <name>.data:sigtable</name>
         <load_address>0x20003000</load_address>
         <run_address>0x20003000</run_address>
         <size>0xb0</size>
         <input_file_ref idref="fl-167"/>
      </object_component>
      <object_component id="oc-245">
         <name>.debug_info</name>
         <load_address>0x0</load_address>
         <run_address>0x0</run_address>
         <size>0x4f3</size>
         <input_file_ref idref="fl-2"/>
      </object_component>
      <object_component id="oc-1fe">
         <name>.debug_info</name>
         <load_address>0x4f3</load_address>
         <run_address>0x4f3</run_address>
         <size>0xe3</size>
         <input_file_ref idref="fl-2"/>
      </object_component>
      <object_component id="oc-32b">
         <name>.debug_info</name>
         <load_address>0x5d6</load_address>
         <run_address>0x5d6</run_address>
         <size>0x10e</size>
         <input_file_ref idref="fl-2"/>
      </object_component>
      <object_component id="oc-1b7">
         <name>.debug_info</name>
         <load_address>0x6e4</load_address>
         <run_address>0x6e4</run_address>
         <size>0x11b</size>
         <input_file_ref idref="fl-2"/>
      </object_component>
      <object_component id="oc-30d">
         <name>.debug_info</name>
         <load_address>0x7ff</load_address>
         <run_address>0x7ff</run_address>
         <size>0x1b5</size>
         <input_file_ref idref="fl-2"/>
      </object_component>
      <object_component id="oc-1ed">
         <name>.debug_info</name>
         <load_address>0x9b4</load_address>
         <run_address>0x9b4</run_address>
         <size>0x217</size>
         <input_file_ref idref="fl-2"/>
      </object_component>
      <object_component id="oc-171">
         <name>.debug_info</name>
         <load_address>0xbcb</load_address>
         <run_address>0xbcb</run_address>
         <size>0x1ea6</size>
         <input_file_ref idref="fl-2"/>
      </object_component>
      <object_component id="oc-21a">
         <name>.debug_info</name>
         <load_address>0x2a71</load_address>
         <run_address>0x2a71</run_address>
         <size>0x86</size>
         <input_file_ref idref="fl-2"/>
      </object_component>
      <object_component id="oc-23b">
         <name>.debug_info</name>
         <load_address>0x2af7</load_address>
         <run_address>0x2af7</run_address>
         <size>0x103</size>
         <input_file_ref idref="fl-2"/>
      </object_component>
      <object_component id="oc-113">
         <name>.debug_info</name>
         <load_address>0x2bfa</load_address>
         <run_address>0x2bfa</run_address>
         <size>0x84</size>
         <input_file_ref idref="fl-2"/>
      </object_component>
      <object_component id="oc-118">
         <name>.debug_info</name>
         <load_address>0x2c7e</load_address>
         <run_address>0x2c7e</run_address>
         <size>0x18b</size>
         <input_file_ref idref="fl-2"/>
      </object_component>
      <object_component id="oc-128">
         <name>.debug_info</name>
         <load_address>0x2e09</load_address>
         <run_address>0x2e09</run_address>
         <size>0x2c</size>
         <input_file_ref idref="fl-2"/>
      </object_component>
      <object_component id="oc-240">
         <name>.debug_info</name>
         <load_address>0x2e35</load_address>
         <run_address>0x2e35</run_address>
         <size>0x4e</size>
         <input_file_ref idref="fl-2"/>
      </object_component>
      <object_component id="oc-231">
         <name>.debug_info</name>
         <load_address>0x2e83</load_address>
         <run_address>0x2e83</run_address>
         <size>0x9e</size>
         <input_file_ref idref="fl-2"/>
      </object_component>
      <object_component id="oc-22a">
         <name>.debug_info</name>
         <load_address>0x2f21</load_address>
         <run_address>0x2f21</run_address>
         <size>0xb2</size>
         <input_file_ref idref="fl-2"/>
      </object_component>
      <object_component id="oc-39a">
         <name>.debug_info</name>
         <load_address>0x2fd3</load_address>
         <run_address>0x2fd3</run_address>
         <size>0x232</size>
         <input_file_ref idref="fl-4"/>
      </object_component>
      <object_component id="oc-2fd">
         <name>.debug_info</name>
         <load_address>0x3205</load_address>
         <run_address>0x3205</run_address>
         <size>0xec</size>
         <input_file_ref idref="fl-4"/>
      </object_component>
      <object_component id="oc-16e">
         <name>.debug_info</name>
         <load_address>0x32f1</load_address>
         <run_address>0x32f1</run_address>
         <size>0x80c</size>
         <input_file_ref idref="fl-5"/>
      </object_component>
      <object_component id="oc-1f5">
         <name>.debug_info</name>
         <load_address>0x3afd</load_address>
         <run_address>0x3afd</run_address>
         <size>0xdd</size>
         <input_file_ref idref="fl-5"/>
      </object_component>
      <object_component id="oc-fe">
         <name>.debug_info</name>
         <load_address>0x3bda</load_address>
         <run_address>0x3bda</run_address>
         <size>0xe9</size>
         <input_file_ref idref="fl-5"/>
      </object_component>
      <object_component id="oc-1fb">
         <name>.debug_info</name>
         <load_address>0x3cc3</load_address>
         <run_address>0x3cc3</run_address>
         <size>0xe7</size>
         <input_file_ref idref="fl-5"/>
      </object_component>
      <object_component id="oc-1ab">
         <name>.debug_info</name>
         <load_address>0x3daa</load_address>
         <run_address>0x3daa</run_address>
         <size>0x155</size>
         <input_file_ref idref="fl-5"/>
      </object_component>
      <object_component id="oc-1b1">
         <name>.debug_info</name>
         <load_address>0x3eff</load_address>
         <run_address>0x3eff</run_address>
         <size>0x1bc</size>
         <input_file_ref idref="fl-5"/>
      </object_component>
      <object_component id="oc-332">
         <name>.debug_info</name>
         <load_address>0x40bb</load_address>
         <run_address>0x40bb</run_address>
         <size>0x142</size>
         <input_file_ref idref="fl-5"/>
      </object_component>
      <object_component id="oc-100">
         <name>.debug_info</name>
         <load_address>0x41fd</load_address>
         <run_address>0x41fd</run_address>
         <size>0x1b8</size>
         <input_file_ref idref="fl-5"/>
      </object_component>
      <object_component id="oc-13a">
         <name>.debug_info</name>
         <load_address>0x43b5</load_address>
         <run_address>0x43b5</run_address>
         <size>0x299</size>
         <input_file_ref idref="fl-5"/>
      </object_component>
      <object_component id="oc-236">
         <name>.debug_info</name>
         <load_address>0x464e</load_address>
         <run_address>0x464e</run_address>
         <size>0x83</size>
         <input_file_ref idref="fl-5"/>
      </object_component>
      <object_component id="oc-f1">
         <name>.debug_info</name>
         <load_address>0x46d1</load_address>
         <run_address>0x46d1</run_address>
         <size>0x8b</size>
         <input_file_ref idref="fl-5"/>
      </object_component>
      <object_component id="oc-164">
         <name>.debug_info</name>
         <load_address>0x475c</load_address>
         <run_address>0x475c</run_address>
         <size>0x9d9</size>
         <input_file_ref idref="fl-7"/>
      </object_component>
      <object_component id="oc-e5">
         <name>.debug_info</name>
         <load_address>0x5135</load_address>
         <run_address>0x5135</run_address>
         <size>0x19b</size>
         <input_file_ref idref="fl-7"/>
      </object_component>
      <object_component id="oc-387">
         <name>.debug_info</name>
         <load_address>0x52d0</load_address>
         <run_address>0x52d0</run_address>
         <size>0x13b</size>
         <input_file_ref idref="fl-7"/>
      </object_component>
      <object_component id="oc-2a2">
         <name>.debug_info</name>
         <load_address>0x540b</load_address>
         <run_address>0x540b</run_address>
         <size>0xee</size>
         <input_file_ref idref="fl-7"/>
      </object_component>
      <object_component id="oc-ee">
         <name>.debug_info</name>
         <load_address>0x54f9</load_address>
         <run_address>0x54f9</run_address>
         <size>0xec</size>
         <input_file_ref idref="fl-7"/>
      </object_component>
      <object_component id="oc-eb">
         <name>.debug_info</name>
         <load_address>0x55e5</load_address>
         <run_address>0x55e5</run_address>
         <size>0xe0</size>
         <input_file_ref idref="fl-7"/>
      </object_component>
      <object_component id="oc-55">
         <name>.debug_info</name>
         <load_address>0x56c5</load_address>
         <run_address>0x56c5</run_address>
         <size>0x156</size>
         <input_file_ref idref="fl-7"/>
      </object_component>
      <object_component id="oc-2e6">
         <name>.debug_info</name>
         <load_address>0x581b</load_address>
         <run_address>0x581b</run_address>
         <size>0x192</size>
         <input_file_ref idref="fl-7"/>
      </object_component>
      <object_component id="oc-4e5">
         <name>.debug_info</name>
         <load_address>0x59ad</load_address>
         <run_address>0x59ad</run_address>
         <size>0x1f0</size>
         <input_file_ref idref="fl-7"/>
      </object_component>
      <object_component id="oc-454">
         <name>.debug_info</name>
         <load_address>0x5b9d</load_address>
         <run_address>0x5b9d</run_address>
         <size>0x30c</size>
         <input_file_ref idref="fl-7"/>
      </object_component>
      <object_component id="oc-338">
         <name>.debug_info</name>
         <load_address>0x5ea9</load_address>
         <run_address>0x5ea9</run_address>
         <size>0x1a7</size>
         <input_file_ref idref="fl-7"/>
      </object_component>
      <object_component id="oc-e7">
         <name>.debug_info</name>
         <load_address>0x6050</load_address>
         <run_address>0x6050</run_address>
         <size>0x24e</size>
         <input_file_ref idref="fl-7"/>
      </object_component>
      <object_component id="oc-2c0">
         <name>.debug_info</name>
         <load_address>0x629e</load_address>
         <run_address>0x629e</run_address>
         <size>0x287</size>
         <input_file_ref idref="fl-7"/>
      </object_component>
      <object_component id="oc-4f">
         <name>.debug_info</name>
         <load_address>0x6525</load_address>
         <run_address>0x6525</run_address>
         <size>0x172</size>
         <input_file_ref idref="fl-7"/>
      </object_component>
      <object_component id="oc-49">
         <name>.debug_info</name>
         <load_address>0x6697</load_address>
         <run_address>0x6697</run_address>
         <size>0x138</size>
         <input_file_ref idref="fl-7"/>
      </object_component>
      <object_component id="oc-199">
         <name>.debug_info</name>
         <load_address>0x67cf</load_address>
         <run_address>0x67cf</run_address>
         <size>0x1cf</size>
         <input_file_ref idref="fl-7"/>
      </object_component>
      <object_component id="oc-1a5">
         <name>.debug_info</name>
         <load_address>0x699e</load_address>
         <run_address>0x699e</run_address>
         <size>0x1b2</size>
         <input_file_ref idref="fl-7"/>
      </object_component>
      <object_component id="oc-19f">
         <name>.debug_info</name>
         <load_address>0x6b50</load_address>
         <run_address>0x6b50</run_address>
         <size>0x2a9</size>
         <input_file_ref idref="fl-7"/>
      </object_component>
      <object_component id="oc-43">
         <name>.debug_info</name>
         <load_address>0x6df9</load_address>
         <run_address>0x6df9</run_address>
         <size>0x2bd</size>
         <input_file_ref idref="fl-7"/>
      </object_component>
      <object_component id="oc-2d0">
         <name>.debug_info</name>
         <load_address>0x70b6</load_address>
         <run_address>0x70b6</run_address>
         <size>0x3b9</size>
         <input_file_ref idref="fl-8"/>
      </object_component>
      <object_component id="oc-1f8">
         <name>.debug_info</name>
         <load_address>0x746f</load_address>
         <run_address>0x746f</run_address>
         <size>0xed</size>
         <input_file_ref idref="fl-8"/>
      </object_component>
      <object_component id="oc-300">
         <name>.debug_info</name>
         <load_address>0x755c</load_address>
         <run_address>0x755c</run_address>
         <size>0xea</size>
         <input_file_ref idref="fl-8"/>
      </object_component>
      <object_component id="oc-2fa">
         <name>.debug_info</name>
         <load_address>0x7646</load_address>
         <run_address>0x7646</run_address>
         <size>0xe8</size>
         <input_file_ref idref="fl-8"/>
      </object_component>
      <object_component id="oc-304">
         <name>.debug_info</name>
         <load_address>0x772e</load_address>
         <run_address>0x772e</run_address>
         <size>0x157</size>
         <input_file_ref idref="fl-8"/>
[...]
         <object_component_ref idref="oc-144"/>
      </symbol>
      <symbol id="sm-585">
         <name>__TI_cleanup_ptr</name>
         <value>0x2000313c</value>
         <object_component_ref idref="oc-144"/>
      </symbol>
      <symbol id="sm-5b3">
         <name>__aeabi_ddiv</name>
         <value>0x2cfdd</value>
         <object_component_ref idref="oc-2db"/>
      </symbol>
      <symbol id="sm-5ca">
         <name>__aeabi_dmul</name>
         <value>0x2d471</value>
         <object_component_ref idref="oc-2d6"/>
      </symbol>
      <symbol id="sm-5db">
         <name>__aeabi_d2f</name>
         <value>0x2e405</value>
         <object_component_ref idref="oc-2e0"/>
      </symbol>
      <symbol id="sm-5e9">
         <name>__aeabi_f2d</name>
         <value>0x2e771</value>
         <object_component_ref idref="oc-2d1"/>
      </symbol>
      <symbol id="sm-608">
         <name>memcpy</name>
         <value>0x2dbe9</value>
         <object_component_ref idref="oc-5d"/>
      </symbol>
      <symbol id="sm-609">
         <name>__aeabi_memcpy</name>
         <value>0x2dbe9</value>
         <object_component_ref idref="oc-5d"/>
      </symbol>
      <symbol id="sm-60a">
         <name>__aeabi_memcpy8</name>
         <value>0x2dbe9</value>
         <object_component_ref idref="oc-5d"/>
      </symbol>
      <symbol id="sm-60b">
         <name>__aeabi_memcpy4</name>
         <value>0x2dbe9</value>
         <object_component_ref idref="oc-5d"/>
      </symbol>
      <symbol id="sm-61a">
         <name>__aeabi_memset</name>
         <value>0x2de99</value>
         <object_component_ref idref="oc-76"/>
      </symbol>
      <symbol id="sm-61b">
         <name>memset</name>
         <value>0x2de9f</value>
         <object_component_ref idref="oc-76"/>
      </symbol>
      <symbol id="sm-61c">
         <name>__aeabi_memset8</name>
         <value>0x2de99</value>
         <object_component_ref idref="oc-76"/>
      </symbol>
      <symbol id="sm-61d">
         <name>__aeabi_memset4</name>
         <value>0x2de99</value>
         <object_component_ref idref="oc-76"/>
      </symbol>
      <symbol id="sm-61e">
         <name>__aeabi_memclr8</name>
         <value>0x2de97</value>
         <object_component_ref idref="oc-76"/>
      </symbol>
      <symbol id="sm-61f">
         <name>__aeabi_memclr4</name>
         <value>0x2de97</value>
         <object_component_ref idref="oc-76"/>
      </symbol>
      <symbol id="sm-620">
         <name>__aeabi_memclr</name>
         <value>0x2de97</value>
         <object_component_ref idref="oc-76"/>
      </symbol>
      <symbol id="sm-62a">
         <name>_system_pre_init</name>
         <value>0x2ec47</value>
         <object_component_ref idref="oc-82"/>
      </symbol>
      <symbol id="sm-632">
         <name>main_func_sp</name>
         <value>0x20003150</value>
         <object_component_ref idref="oc-9a"/>
      </symbol>
      <symbol id="sm-645">
         <name>__aeabi_uidivmod</name>
         <value>0x2e63d</value>
         <object_component_ref idref="oc-4ea"/>
      </symbol>
      <symbol id="sm-646">
         <name>__aeabi_uidiv</name>
         <value>0x2e63d</value>
         <object_component_ref idref="oc-4ea"/>
      </symbol>
      <symbol id="sm-662">
         <name>_nop</name>
         <value>0x2eb1b</value>
         <object_component_ref idref="oc-208"/>
      </symbol>
      <symbol id="sm-663">
         <name>_lock</name>
         <value>0x20003134</value>
         <object_component_ref idref="oc-141"/>
      </symbol>
      <symbol id="sm-664">
         <name>_unlock</name>
         <value>0x20003138</value>
         <object_component_ref idref="oc-141"/>
      </symbol>
      <symbol id="sm-665">
         <name>_register_lock</name>
         <value>0x2eb13</value>
         <object_component_ref idref="oc-208"/>
      </symbol>
      <symbol id="sm-666">
         <name>_register_unlock</name>
         <value>0x2eb0d</value>
         <object_component_ref idref="oc-208"/>
      </symbol>
      <symbol id="sm-67c">
         <name>_args_main</name>
         <value>0x2eab1</value>
         <object_component_ref idref="oc-8e"/>
      </symbol>
      <symbol id="sm-6a3">
         <name>__TI_auto_init</name>
         <value>0x2df11</value>
         <object_component_ref idref="oc-88"/>
      </symbol>
      <symbol id="sm-6bd">
         <name>copy_in</name>
         <value>0x2e3b9</value>
         <object_component_ref idref="oc-131"/>
      </symbol>
      <symbol id="sm-6eb">
         <name>_Feraise</name>
         <value>0x2e879</value>
         <object_component_ref idref="oc-479"/>
      </symbol>
      <symbol id="sm-6f4">
         <name>_Errno</name>
         <value>0x2000314c</value>
         <object_component_ref idref="oc-4f9"/>
      </symbol>
      <symbol id="sm-712">
         <name>feraiseexcept</name>
         <value>0x2e845</value>
         <object_component_ref idref="oc-4f3"/>
      </symbol>
      <symbol id="sm-713">
         <name>_Tls_setup__Fenv</name>
         <value>0x20003148</value>
         <object_component_ref idref="oc-50f"/>
      </symbol>
      <symbol id="sm-714">
         <name>_Fenv</name>
         <value>0x20003144</value>
         <object_component_ref idref="oc-50f"/>
      </symbol>
      <symbol id="sm-728">
         <name>raise</name>
         <value>0x2e8a9</value>
         <object_component_ref idref="oc-509"/>
      </symbol>
      <symbol id="sm-742">
         <name>signal</name>
         <value>0x2e681</value>
         <object_component_ref idref="oc-516"/>
      </symbol>
      <symbol id="sm-76e">
         <name>arm_cfft_radix8by4_f32</name>
         <value>0x2c395</value>
         <object_component_ref idref="oc-3a7"/>
      </symbol>
      <symbol id="sm-76f">
         <name>arm_cfft_f32</name>
         <value>0x2d835</value>
         <object_component_ref idref="oc-312"/>
      </symbol>
      <symbol id="sm-770">
         <name>arm_cfft_radix8by2_f32</name>
         <value>0x2cd1f</value>
         <object_component_ref idref="oc-3ad"/>
      </symbol>
      <symbol id="sm-785">
         <name>arm_radix8_butterfly_f32</name>
         <value>0x2bc81</value>
         <object_component_ref idref="oc-3a1"/>
      </symbol>
      <symbol id="sm-798">
         <name>arm_max_f32</name>
         <value>0x2da95</value>
         <object_component_ref idref="oc-31e"/>
      </symbol>
      <symbol id="sm-7ab">
         <name>arm_mean_f32</name>
         <value>0x2e051</value>
         <object_component_ref idref="oc-324"/>
      </symbol>
      <symbol id="sm-7c7">
         <name>arm_fir_f32</name>
         <value>0x2c7f1</value>
         <object_component_ref idref="oc-2f3"/>
      </symbol>
      <symbol id="sm-7d4">
         <name>arm_fir_init_f32</name>
         <value>0x2ea0d</value>
         <object_component_ref idref="oc-2ed"/>
      </symbol>
      <symbol id="sm-7ec">
         <name>arm_cmplx_mag_f32</name>
         <value>0x2cea5</value>
         <object_component_ref idref="oc-318"/>
      </symbol>
      <symbol id="sm-8ff">
         <name>armBitRevIndexTable1024</name>
         <value>0x24eac</value>
         <object_component_ref idref="oc-3ef"/>
      </symbol>
      <symbol id="sm-900">
         <name>armBitRevIndexTable2048</name>
         <value>0x1e16c</value>
         <object_component_ref idref="oc-3f5"/>
      </symbol>
      <symbol id="sm-901">
         <name>twiddleCoef_16_q31</name>
         <value>0x2bae0</value>
         <object_component_ref idref="oc-3fe"/>
      </symbol>
      <symbol id="sm-902">
         <name>armBitRevIndexTable_fixed_256</name>
         <value>0x2ac24</value>
         <object_component_ref idref="oc-419"/>
      </symbol>
      <symbol id="sm-903">
         <name>twiddleCoef_2048</name>
         <value>0xe26c</value>
         <object_component_ref idref="oc-3f2"/>
      </symbol>
      <symbol id="sm-904">
         <name>twiddleCoef_128_q15</name>
         <value>0x2b154</value>
         <object_component_ref idref="oc-43d"/>
      </symbol>
      <symbol id="sm-905">
         <name>twiddleCoef_16_q15</name>
         <value>0x2bbd0</value>
         <object_component_ref idref="oc-434"/>
      </symbol>
      <symbol id="sm-906">
         <name>twiddleCoef_128_q31</name>
         <value>0x2a424</value>
         <object_component_ref idref="oc-410"/>
      </symbol>
      <symbol id="sm-907">
         <name>twiddleCoef_2048_q15</name>
         <value>0x2172c</value>
         <object_component_ref idref="oc-449"/>
      </symbol>
      <symbol id="sm-908">
         <name>armBitRevIndexTable_fixed_16</name>
         <value>0x2bc44</value>
         <object_component_ref idref="oc-401"/>
      </symbol>
      <symbol id="sm-909">
         <name>twiddleCoef_2048_q31</name>
         <value>0x1226c</value>
         <object_component_ref idref="oc-428"/>
      </symbol>
      <symbol id="sm-90a">
         <name>armBitRevIndexTable_fixed_32</name>
         <value>0x2bba0</value>
         <object_component_ref idref="oc-407"/>
      </symbol>
      <symbol id="sm-90b">
         <name>twiddleCoef_256</name>
         <value>0x274bc</value>
         <object_component_ref idref="oc-3e0"/>
      </symbol>
      <symbol id="sm-90c">
         <name>twiddleCoef_64_q31</name>
         <value>0x2b2d4</value>
         <object_component_ref idref="oc-40a"/>
      </symbol>
      <symbol id="sm-90d">
         <name>armBitRevIndexTable_fixed_1024</name>
         <value>0x27cbc</value>
         <object_component_ref idref="oc-425"/>
      </symbol>
      <symbol id="sm-90e">
         <name>armBitRevIndexTable_fixed_4096</name>
         <value>0x1c1ec</value>
         <object_component_ref idref="oc-431"/>
      </symbol>
      <symbol id="sm-90f">
         <name>twiddleCoef_64_q15</name>
         <value>0x2b6f4</value>
         <object_component_ref idref="oc-43a"/>
      </symbol>
      <symbol id="sm-910">
         <name>armBitRevIndexTable4096</name>
         <value>0x1a26c</value>
         <object_component_ref idref="oc-3fb"/>
      </symbol>
      <symbol id="sm-911">
         <name>twiddleCoef_32</name>
         <value>0x2b454</value>
         <object_component_ref idref="oc-3ce"/>
      </symbol>
      <symbol id="sm-912">
         <name>armBitRevIndexTable_fixed_64</name>
         <value>0x2b934</value>
         <object_component_ref idref="oc-40d"/>
      </symbol>
      <symbol id="sm-913">
         <name>armBitRevIndexTable_fixed_128</name>
         <value>0x2b554</value>
         <object_component_ref idref="oc-413"/>
      </symbol>
      <symbol id="sm-914">
         <name>twiddleCoef_16</name>
         <value>0x2b844</value>
         <object_component_ref idref="oc-3c8"/>
      </symbol>
      <symbol id="sm-915">
         <name>twiddleCoef_4096_q15</name>
         <value>0x1526c</value>
         <object_component_ref idref="oc-44c"/>
      </symbol>
      <symbol id="sm-916">
         <name>twiddleCoef_1024</name>
         <value>0x1826c</value>
         <object_component_ref idref="oc-3ec"/>
      </symbol>
      <symbol id="sm-917">
         <name>armBitRevIndexTable_fixed_512</name>
         <value>0x29974</value>
         <object_component_ref idref="oc-41f"/>
      </symbol>
      <symbol id="sm-918">
         <name>twiddleCoef_128</name>
         <value>0x29574</value>
         <object_component_ref idref="oc-3da"/>
      </symbol>
      <symbol id="sm-919">
         <name>twiddleCoef_4096_q31</name>
         <value>0x826c</value>
         <object_component_ref idref="oc-42e"/>
      </symbol>
      <symbol id="sm-91a">
         <name>twiddleCoef_32_q31</name>
         <value>0x2b634</value>
         <object_component_ref idref="oc-404"/>
      </symbol>
      <symbol id="sm-91b">
         <name>twiddleCoef_64</name>
         <value>0x2aa24</value>
         <object_component_ref idref="oc-3d4"/>
      </symbol>
      <symbol id="sm-91c">
         <name>armBitRevIndexTable128</name>
         <value>0x2afb4</value>
         <object_component_ref idref="oc-3dd"/>
      </symbol>
      <symbol id="sm-91d">
         <name>twiddleCoef_4096</name>
         <value>0x26c</value>
         <object_component_ref idref="oc-3f8"/>
      </symbol>
      <symbol id="sm-91e">
         <name>twiddleCoef_32_q15</name>
         <value>0x2bb40</value>
         <object_component_ref idref="oc-437"/>
      </symbol>
      <symbol id="sm-91f">
         <name>twiddleCoef_512</name>
         <value>0x22f2c</value>
         <object_component_ref idref="oc-3e6"/>
      </symbol>
      <symbol id="sm-920">
         <name>armBitRevIndexTable512</name>
         <value>0x29d34</value>
         <object_component_ref idref="oc-3e9"/>
      </symbol>
      <symbol id="sm-921">
         <name>armBitRevIndexTable16</name>
         <value>0x2bc00</value>
         <object_component_ref idref="oc-3cb"/>
      </symbol>
      <symbol id="sm-922">
         <name>armBitRevIndexTable32</name>
         <value>0x2ba80</value>
         <object_component_ref idref="oc-3d1"/>
      </symbol>
      <symbol id="sm-923">
         <name>twiddleCoef_256_q15</name>
         <value>0x2a724</value>
         <object_component_ref idref="oc-440"/>
      </symbol>
      <symbol id="sm-924">
         <name>twiddleCoef_256_q31</name>
         <value>0x2847c</value>
         <object_component_ref idref="oc-416"/>
      </symbol>
      <symbol id="sm-925">
         <name>twiddleCoef_1024_q15</name>
         <value>0x25cbc</value>
         <object_component_ref idref="oc-446"/>
      </symbol>
      <symbol id="sm-926">
         <name>armBitRevIndexTable64</name>
         <value>0x2b8c4</value>
         <object_component_ref idref="oc-3d7"/>
      </symbol>
      <symbol id="sm-927">
         <name>twiddleCoef_1024_q31</name>
         <value>0x1ff2c</value>
         <object_component_ref idref="oc-422"/>
      </symbol>
      <symbol id="sm-928">
         <name>armBitRevIndexTable_fixed_2048</name>
         <value>0x23f2c</value>
         <object_component_ref idref="oc-42b"/>
      </symbol>
      <symbol id="sm-929">
         <name>armBitRevIndexTable256</name>
         <value>0x2a0b4</value>
         <object_component_ref idref="oc-3e3"/>
      </symbol>
      <symbol id="sm-92a">
         <name>twiddleCoef_512_q15</name>
         <value>0x28a7c</value>
         <object_component_ref idref="oc-443"/>
      </symbol>
      <symbol id="sm-92b">
         <name>twiddleCoef_512_q31</name>
         <value>0x268bc</value>
         <object_component_ref idref="oc-41c"/>
      </symbol>
      <symbol id="sm-950">
         <name>arm_cfft_sR_f32_len512</name>
         <value>0x2ae54</value>
         <object_component_ref idref="oc-32d"/>
      </symbol>
      <symbol id="sm-951">
         <name>arm_cfft_sR_f32_len128</name>
         <value>0x2ae34</value>
         <object_component_ref idref="oc-32d"/>
      </symbol>
      <symbol id="sm-952">
         <name>arm_cfft_sR_q31_len1024</name>
         <value>0x2aef4</value>
         <object_component_ref idref="oc-32d"/>
      </symbol>
      <symbol id="sm-953">
         <name>arm_cfft_sR_q15_len4096</name>
         <value>0x2afa4</value>
         <object_component_ref idref="oc-32d"/>
      </symbol>
      <symbol id="sm-954">
         <name>arm_cfft_sR_q31_len2048</name>
         <value>0x2af04</value>
         <object_component_ref idref="oc-32d"/>
      </symbol>
      <symbol id="sm-955">
         <name>arm_cfft_sR_q15_len512</name>
         <value>0x2af74</value>
         <object_component_ref idref="oc-32d"/>
      </symbol>
      <symbol id="sm-956">
         <name>arm_cfft_sR_f32_len256</name>
         <value>0x2ae44</value>
         <object_component_ref idref="oc-32d"/>
      </symbol>
      <symbol id="sm-957">
         <name>arm_cfft_sR_q15_len128</name>
         <value>0x2af54</value>
         <object_component_ref idref="oc-32d"/>
      </symbol>
      <symbol id="sm-958">
         <name>arm_cfft_sR_q31_len64</name>
         <value>0x2aeb4</value>
         <object_component_ref idref="oc-32d"/>
      </symbol>
      <symbol id="sm-959">
         <name>arm_cfft_sR_q31_len4096</name>
         <value>0x2af14</value>
         <object_component_ref idref="oc-32d"/>
      </symbol>
      <symbol id="sm-95a">
         <name>arm_cfft_sR_q31_len16</name>
         <value>0x2ae94</value>
         <object_component_ref idref="oc-32d"/>
      </symbol>
      <symbol id="sm-95b">
         <name>arm_cfft_sR_f32_len64</name>
         <value>0x2ae24</value>
         <object_component_ref idref="oc-32d"/>
      </symbol>
      <symbol id="sm-95c">
         <name>arm_cfft_sR_q31_len32</name>
         <value>0x2aea4</value>
         <object_component_ref idref="oc-32d"/>
      </symbol>
      <symbol id="sm-95d">
         <name>arm_cfft_sR_f32_len16</name>
         <value>0x2ae04</value>
         <object_component_ref idref="oc-32d"/>
      </symbol>
      <symbol id="sm-95e">
         <name>arm_cfft_sR_q15_len64</name>
         <value>0x2af44</value>
         <object_component_ref idref="oc-32d"/>
      </symbol>
      <symbol id="sm-95f">
         <name>arm_cfft_sR_q15_len256</name>
         <value>0x2af64</value>
         <object_component_ref idref="oc-32d"/>
      </symbol>
      <symbol id="sm-960">
         <name>arm_cfft_sR_f32_len32</name>
         <value>0x2ae14</value>
         <object_component_ref idref="oc-32d"/>
      </symbol>
      <symbol id="sm-961">
         <name>arm_cfft_sR_q15_len16</name>
         <value>0x2af24</value>
         <object_component_ref idref="oc-32d"/>
      </symbol>
      <symbol id="sm-962">
         <name>arm_cfft_sR_f32_len4096</name>
         <value>0x2ae84</value>
         <object_component_ref idref="oc-32d"/>
      </symbol>
      <symbol id="sm-963">
         <name>arm_cfft_sR_q31_len512</name>
         <value>0x2aee4</value>
         <object_component_ref idref="oc-32d"/>
      </symbol>
      <symbol id="sm-964">
         <name>arm_cfft_sR_q31_len128</name>
         <value>0x2aec4</value>
         <object_component_ref idref="oc-32d"/>
      </symbol>
      <symbol id="sm-965">
         <name>arm_cfft_sR_q15_len32</name>
         <value>0x2af34</value>
         <object_component_ref idref="oc-32d"/>
      </symbol>
      <symbol id="sm-966">
         <name>arm_cfft_sR_f32_len1024</name>
         <value>0x2ae64</value>
         <object_component_ref idref="oc-32d"/>
      </symbol>
      <symbol id="sm-967">
         <name>arm_cfft_sR_q15_len1024</name>
         <value>0x2af84</value>
         <object_component_ref idref="oc-32d"/>
      </symbol>
      <symbol id="sm-968">
         <name>arm_cfft_sR_q15_len2048</name>
         <value>0x2af94</value>
         <object_component_ref idref="oc-32d"/>
      </symbol>
      <symbol id="sm-969">
         <name>arm_cfft_sR_f32_len2048</name>
         <value>0x2ae74</value>
         <object_component_ref idref="oc-32d"/>
      </symbol>
      <symbol id="sm-96a">
         <name>arm_cfft_sR_q31_len256</name>
         <value>0x2aed4</value>
         <object_component_ref idref="oc-32d"/>
      </symbol>
      <symbol id="sm-975">
         <name>arm_bitreversal_32</name>
         <value>0x2d9d5</value>
         <object_component_ref idref="oc-3b3"/>
      </symbol>
      <symbol id="sm-976">
         <name>arm_bitreversal_16</name>
         <value>0x2da3f</value>
         <object_component_ref idref="oc-3b3"/>
      </symbol>
      <symbol id="sm-986">
         <name>sqrtf</name>
         <value>0x2e981</value>
         <object_component_ref idref="oc-3ba"/>
      </symbol>
      <symbol id="sm-987">
         <name>__TI_static_base__</name>
         <value>0x0</value>
      </symbol>
      <symbol id="sm-98a">
         <name>SHT$$INIT_ARRAY$$Limit</name>
         <value>0x0</value>
      </symbol>
      <symbol id="sm-98b">
         <name>SHT$$INIT_ARRAY$$Base</name>
         <value>0x0</value>
      </symbol>
   </symbol_table>
   <title>Link successful</title>
</link_info>
