******************************************************************************
                  TI ARM Linker PC v5.2.2                      
******************************************************************************
>> Linked Tue Feb 23 10:08:01 2016

OUTPUT FILE NAME:   <HB100_FP_A.out>
ENTRY POINT SYMBOL: "_c_int00"  address: 0002e319


MEMORY CONFIGURATION

         name            origin    length      used     unused   attr    fill
----------------------  --------  ---------  --------  --------  ----  --------
  FLASH                 00000000   00040000  0002eca2  0001135e  R  X
  SRAM                  20000000   00008000  00004b58  000034a8  RW X


SEGMENT ALLOCATION MAP

run origin  load origin   length   init length attrs members
----------  ----------- ---------- ----------- ----- -------
00000000    00000000    0002eca8   0002eca8    r-x
  00000000    00000000    0000026c   0000026c    r-- .intvecs
  0000026c    0000026c    0002ba14   0002ba14    r-- .const
  0002bc80    0002bc80    00002fca   00002fca    r-x .text
  0002ec50    0002ec50    00000058   00000058    r-- .cinit
20000000    20000000    00003158   00000000    rw-
  20000000    20000000    00003158   00000000    rw- .data
20003200    20003200    00001a00   00000000    rw-
  20003200    20003200    00001800   00000000    rw- .bss
  20004a00    20004a00    00000200   00000000    rw- .stack


SECTION ALLOCATION MAP

 output                                  attributes/
section   page    origin      length       input sections
--------  ----  ----------  ----------   ----------------
.intvecs   0    00000000    0000026c     
                  00000000    0000026c     tm4c123gh6pm_startup_ccs.obj (.intvecs)

.const     0    0000026c    0002ba14     
                  0000026c    00008000     dsplib-cm4f.lib : arm_common_tables.obj (.const:twiddleCoef_4096)
                  0000826c    00006000                     : arm_common_tables.obj (.const:twiddleCoef_4096_q31)
                  0000e26c    00004000                     : arm_common_tables.obj (.const:twiddleCoef_2048)
                  0001226c    00003000                     : arm_common_tables.obj (.const:twiddleCoef_2048_q31)
                  0001526c    00003000                     : arm_common_tables.obj (.const:twiddleCoef_4096_q15)
                  0001826c    00002000                     : arm_common_tables.obj (.const:twiddleCoef_1024)
                  0001a26c    00001f80                     : arm_common_tables.obj (.const:armBitRevIndexTable4096)
                  0001c1ec    00001f80                     : arm_common_tables.obj (.const:armBitRevIndexTable_fixed_4096)
                  0001e16c    00001dc0                     : arm_common_tables.obj (.const:armBitRevIndexTable2048)
                  0001ff2c    00001800                     : arm_common_tables.obj (.const:twiddleCoef_1024_q31)
                  0002172c    00001800                     : arm_common_tables.obj (.const:twiddleCoef_2048_q15)
                  00022f2c    00001000                     : arm_common_tables.obj (.const:twiddleCoef_512)
                  00023f2c    00000f80                     : arm_common_tables.obj (.const:armBitRevIndexTable_fixed_2048)
                  00024eac    00000e10                     : arm_common_tables.obj (.const:armBitRevIndexTable1024)
                  00025cbc    00000c00                     : arm_common_tables.obj (.const:twiddleCoef_1024_q15)
                  000268bc    00000c00                     : arm_common_tables.obj (.const:twiddleCoef_512_q31)
                  000274bc    00000800                     : arm_common_tables.obj (.const:twiddleCoef_256)
                  00027cbc    000007c0                     : arm_common_tables.obj (.const:armBitRevIndexTable_fixed_1024)
                  0002847c    00000600                     : arm_common_tables.obj (.const:twiddleCoef_256_q31)
                  00028a7c    00000600                     : arm_common_tables.obj (.const:twiddleCoef_512_q15)
                  0002907c    000004f8     filter_data.obj (.const:firCoeffs32)
                  00029574    00000400     dsplib-cm4f.lib : arm_common_tables.obj (.const:twiddleCoef_128)
                  00029974    000003c0                     : arm_common_tables.obj (.const:armBitRevIndexTable_fixed_512)
                  00029d34    00000380                     : arm_common_tables.obj (.const:armBitRevIndexTable512)
                  0002a0b4    00000370                     : arm_common_tables.obj (.const:armBitRevIndexTable256)
                  0002a424    00000300                     : arm_common_tables.obj (.const:twiddleCoef_128_q31)
                  0002a724    00000300                     : arm_common_tables.obj (.const:twiddleCoef_256_q15)
                  0002aa24    00000200                     : arm_common_tables.obj (.const:twiddleCoef_64)
                  0002ac24    000001e0                     : arm_common_tables.obj (.const:armBitRevIndexTable_fixed_256)
                  0002ae04    000001b0                     : arm_const_structs.obj (.const)
                  0002afb4    000001a0                     : arm_common_tables.obj (.const:armBitRevIndexTable128)
                  0002b154    00000180                     : arm_common_tables.obj (.const:twiddleCoef_128_q15)
                  0002b2d4    00000180                     : arm_common_tables.obj (.const:twiddleCoef_64_q31)
                  0002b454    00000100                     : arm_common_tables.obj (.const:twiddleCoef_32)
                  0002b554    000000e0                     : arm_common_tables.obj (.const:armBitRevIndexTable_fixed_128)
                  0002b634    000000c0                     : arm_common_tables.obj (.const:twiddleCoef_32_q31)
                  0002b6f4    000000c0                     : arm_common_tables.obj (.const:twiddleCoef_64_q15)
                  0002b7b4    00000090     driverlib.lib : gpio.obj (.const:g_pui32GPIOBaseAddrs)
                  0002b844    00000080     dsplib-cm4f.lib : arm_common_tables.obj (.const:twiddleCoef_16)
                  0002b8c4    00000070                     : arm_common_tables.obj (.const:armBitRevIndexTable64)
                  0002b934    00000070                     : arm_common_tables.obj (.const:armBitRevIndexTable_fixed_64)
                  0002b9a4    00000070     driverlib.lib : interrupt.obj (.const)
                  0002ba14    0000006c                   : sysctl.obj (.const:g_pui32Xtals)
                  0002ba80    00000060     dsplib-cm4f.lib : arm_common_tables.obj (.const:armBitRevIndexTable32)
                  0002bae0    00000060                     : arm_common_tables.obj (.const:twiddleCoef_16_q31)
                  0002bb40    00000060                     : arm_common_tables.obj (.const:twiddleCoef_32_q15)
                  0002bba0    00000030                     : arm_common_tables.obj (.const:armBitRevIndexTable_fixed_32)
                  0002bbd0    00000030                     : arm_common_tables.obj (.const:twiddleCoef_16_q15)
                  0002bc00    00000028                     : arm_common_tables.obj (.const:armBitRevIndexTable16)
                  0002bc28    0000001c     samping.obj (.const)
                  0002bc44    00000018     dsplib-cm4f.lib : arm_common_tables.obj (.const)
                  0002bc5c    00000012     samping.obj (.const:.string)
                  0002bc6e    00000002     --HOLE-- [fill = 0]
                  0002bc70    00000010     signal_dsp.obj (.const)

.text      0    0002bc80    00002fca     
                  0002bc80    00000714     dsplib-cm4f.lib : arm_cfft_radix8_f32.obj (.text:arm_radix8_butterfly_f32)
                  0002c394    0000045a                     : arm_cfft_f32.obj (.text:arm_cfft_radix8by4_f32)
                  0002c7ee    00000002     tm4c123gh6pm_startup_ccs.obj (.text:FaultISR)
                  0002c7f0    00000344     dsplib-cm4f.lib : arm_fir_f32.obj (.text:arm_fir_f32)
                  0002cb34    000001ea     samping.obj (.text:UARTvprintf)
                  0002cd1e    00000186     dsplib-cm4f.lib : arm_cfft_f32.obj (.text:arm_cfft_radix8by2_f32)
                  0002cea4    00000138                     : arm_cmplx_mag_f32.obj (.text:arm_cmplx_mag_f32)
                  0002cfdc    00000136     rtsv7M4_T_le_v4SPD16_eabi.lib : fd_div_t2.obj (.text)
                  0002d112    00000132     driverlib.lib : gpio.obj (.text:GPIOPadConfigSet)
                  0002d244    0000011c     main.obj (.text:main)
                  0002d360    00000110     driverlib.lib : sysctl.obj (.text:SysCtlClockGet)
                  0002d470    000000fc     rtsv7M4_T_le_v4SPD16_eabi.lib : fd_mul_t2.obj (.text)
                  0002d56c    000000f4     main.obj (.text:DisplayData)
                  0002d660    000000f4     driverlib.lib : sysctl.obj (.text:SysCtlClockSet)
                  0002d754    000000e0     samping.obj (.text:ADC3IntHandler)
                  0002d834    000000d6     dsplib-cm4f.lib : arm_cfft_f32.obj (.text:arm_cfft_f32)
                  0002d90a    00000002     tm4c123gh6pm_startup_ccs.obj (.text:IntDefaultHandler)
                  0002d90c    000000c8     samping.obj (.text:InitADC3Transfer)
                  0002d9d4    000000c0     dsplib-cm4f.lib : arm_bitreversal2.obj (.text)
                  0002da94    000000b0                     : arm_max_f32.obj (.text:arm_max_f32)
                  0002db44    000000a4     FFT_signal.obj (.text:FFTprocessing1)
                  0002dbe8    0000009c     rtsv7M4_T_le_v4SPD16_eabi.lib : memcpy_t2.obj (.text)
                  0002dc84    0000008c     signal_dsp.obj (.text:LowpassFilter)
                  0002dd10    00000088     signal_dsp.obj (.text:HighPassFilter)
                  0002dd98    00000084     driverlib.lib : udma.obj (.text:uDMAChannelTransferSet)
                  0002de1c    0000007a                   : adc.obj (.text:ADCSequenceStepConfigure)
                  0002de96    0000007a     rtsv7M4_T_le_v4SPD16_eabi.lib : memset_t2.obj (.text)
                  0002df10    0000006c                                   : autoinit.obj (.text)
                  0002df7c    0000006a                                   : copy_decompress_rle.obj (.text)
                  0002dfe6    00000002     main.obj (.text:MenuGetDisplayMode)
                  0002dfe8    00000068     driverlib.lib : interrupt.obj (.text:IntEnable)
                  0002e050    00000068     dsplib-cm4f.lib : arm_mean_f32.obj (.text:arm_mean_f32)
                  0002e0b8    00000060     signal_dsp.obj (.text:FIRprocessing)
                  0002e118    00000060     driverlib.lib : timer.obj (.text:TimerConfigure)
                  0002e178    00000058     samping.obj (.text:InitSamplingTimer)
                  0002e1d0    00000058     driverlib.lib : timer.obj (.text:TimerControlTrigger)
                  0002e228    00000050     FFT_signal.obj (.text:ComplexBufFFT)
                  0002e278    00000050     main.obj (.text:InitConsole)
                  0002e2c8    00000050     driverlib.lib : sysctl.obj (.text:SysCtlPeripheralReset)
                  0002e318    00000050     rtsv7M4_T_le_v4SPD16_eabi.lib : boot.obj (.text)
                  0002e368    00000050     samping.obj (.text:setAgainSampling)
                  0002e3b8    0000004c     rtsv7M4_T_le_v4SPD16_eabi.lib : cpy_tbl.obj (.text)
                  0002e404    0000004a                                   : fd_tos_t2.obj (.text)
                  0002e44e    00000002     tm4c123gh6pm_startup_ccs.obj (.text:NmiSR)
                  0002e450    00000048     driverlib.lib : gpio.obj (.text:GPIOPinConfigure)
                  0002e498    00000048                   : interrupt.obj (.text:IntPendClear)
                  0002e4e0    00000048                   : udma.obj (.text:uDMAChannelAttributeDisable)
                  0002e528    00000046                   : uart.obj (.text:UARTConfigSetExpClk)
                  0002e56e    00000002     signal_dsp.obj (.text:choiceTypeProcessing)
                  0002e570    00000044     samping.obj (.text:InitDebugTimer)
                  0002e5b4    00000044     samping.obj (.text:UARTStdioConfig)
                  0002e5f8    00000044     rtsv7M4_T_le_v4SPD16_eabi.lib : exit.obj (.text)
                  0002e63c    00000042                                   : u_divt2.obj (.text)
                  0002e67e    00000002     --HOLE-- [fill = 0]
                  0002e680    00000040                                   : signal.obj (.text)
                  0002e6c0    0000003e     driverlib.lib : adc.obj (.text:ADCSequenceConfigure)
                  0002e6fe    00000002     --HOLE-- [fill = 0]
                  0002e700    00000038                   : sysctl.obj (.text:SysCtlPeripheralPresent)
                  0002e738    00000038     samping.obj (.text:UARTwrite)
                  0002e770    00000038     rtsv7M4_T_le_v4SPD16_eabi.lib : fs_tod_t2.obj (.text)
                  0002e7a8    00000034     driverlib.lib : sysctl.obj (.text:SysCtlPeripheralEnable)
                  0002e7dc    00000034     samping.obj (.text:Timer2AIntHandler)
                  0002e810    00000034     signal_dsp.obj (.text:cfir)
                  0002e844    00000034     rtsv7M4_T_le_v4SPD16_eabi.lib : feraiseexcept.obj (.text)
                  0002e878    00000030                                   : xferaise.obj (.text)
                  0002e8a8    0000002e                                   : raise.obj (.text)
                  0002e8d6    00000002     --HOLE-- [fill = 0]
                  0002e8d8    0000002c     FFT_signal.obj (.text:InitDSP1)
                  0002e904    0000002a     driverlib.lib : gpio.obj (.text:GPIODirModeSet)
                  0002e92e    00000002     --HOLE-- [fill = 0]
                  0002e930    00000028     main.obj (.text:InitGPIO)
                  0002e958    00000028     samping.obj (.text:Timer0AIntHandler)
                  0002e980    00000024     rtsv7M4_T_le_v4SPD16_eabi.lib : sqrtf.obj (.text)
                  0002e9a4    00000024     driverlib.lib : udma.obj (.text:uDMAChannelControlSet)
                  0002e9c8    00000024                   : udma.obj (.text:uDMAChannelSizeGet)
                  0002e9ec    00000020                   : uart.obj (.text:UARTDisable)
                  0002ea0c    0000001e     dsplib-cm4f.lib : arm_fir_init_f32.obj (.text:arm_fir_init_f32)
                  0002ea2a    0000001e     signal_dsp.obj (.text:wrap_)
                  0002ea48    0000001c     samping.obj (.text:uDMAErrorHandler)
                  0002ea64    0000001a     samping.obj (.text:UARTprintf)
                  0002ea7e    00000018     driverlib.lib : gpio.obj (.text:GPIOPinTypeGPIOOutput)
                  0002ea96    00000002     --HOLE-- [fill = 0]
                  0002ea98    00000018                   : timer.obj (.text:TimerDisable)
                  0002eab0    00000018     rtsv7M4_T_le_v4SPD16_eabi.lib : args_main.obj (.text)
                  0002eac8    00000018     driverlib.lib : udma.obj (.text:uDMAChannelEnable)
                  0002eae0    00000018                   : udma.obj (.text:uDMAChannelIsEnabled)
                  0002eaf8    00000014                   : uart.obj (.text:UARTEnable)
                  0002eb0c    00000014     rtsv7M4_T_le_v4SPD16_eabi.lib : _lock.obj (.text)
                  0002eb20    00000012     driverlib.lib : gpio.obj (.text:GPIOPinTypeUART)
                  0002eb32    00000012                   : timer.obj (.text:TimerLoadSet)
                  0002eb44    00000010                   : adc.obj (.text:ADCIntEnable)
                  0002eb54    00000010                   : fpu.obj (.text:FPUEnable)
                  0002eb64    00000010                   : fpu.obj (.text:FPULazyStackingEnable)
                  0002eb74    00000010                   : interrupt.obj (.text:IntMasterEnable)
                  0002eb84    00000010                   : udma.obj (.text:uDMAEnable)
                  0002eb94    0000000e                   : adc.obj (.text:ADCIntDisable)
                  0002eba2    0000000e                   : adc.obj (.text:ADCSequenceEnable)
                  0002ebb0    0000000e                   : timer.obj (.text:TimerEnable)
                  0002ebbe    0000000e     rtsv7M4_T_le_v4SPD16_eabi.lib : copy_decompress_none.obj (.text:decompress:none)
                  0002ebcc    0000000c     driverlib.lib : cpu.obj (.text:CPUcpsie)
                  0002ebd8    0000000c     rtsv7M4_T_le_v4SPD16_eabi.lib : copy_zero_init.obj (.text:decompress:ZI)
                  0002ebe4    0000000c     driverlib.lib : udma.obj (.text:uDMAControlBaseSet)
                  0002ebf0    0000000c                   : udma.obj (.text:uDMAErrorStatusClear)
                  0002ebfc    0000000c                   : udma.obj (.text:uDMAErrorStatusGet)
                  0002ec08    0000000a                   : adc.obj (.text:ADCIntClear)
                  0002ec12    0000000a                   : uart.obj (.text:UARTCharPut)
                  0002ec1c    00000008                   : timer.obj (.text:TimerIntEnable)
                  0002ec24    00000006                   : gpio.obj (.text:GPIOPinWrite)
                  0002ec2a    00000006     tm4c123gh6pm_startup_ccs.obj (.text:ResetISR)
                  0002ec30    00000006     driverlib.lib : sysctl.obj (.text:SysCtlDelay)
                  0002ec36    00000006                   : uart.obj (.text:UARTClockSourceSet)
                  0002ec3c    00000006     rtsv7M4_T_le_v4SPD16_eabi.lib : copy_decompress_rle.obj (.text:decompress:rle24)
                  0002ec42    00000004     driverlib.lib : timer.obj (.text:TimerIntClear)
                  0002ec46    00000004     rtsv7M4_T_le_v4SPD16_eabi.lib : pre_init.obj (.text)

.cinit     0    0002ec50    00000058     
                  0002ec50    00000033     (.cinit..data.load) [load image, compression = rle]
                  0002ec83    00000001     --HOLE-- [fill = 0]
                  0002ec84    0000000c     (__TI_handler_table)
                  0002ec90    00000008     (.cinit..bss.load) [load image, compression = zero_init]
                  0002ec98    00000010     (__TI_cinit_table)

.init_array 
*          0    00000000    00000000     UNINITIALIZED

.data      0    20000000    00003158     UNINITIALIZED
                  20000000    00001000     main.obj (.data:g_fFFTResult)
                  20001000    00001000     samping.obj (.data:g_ulADCValues)
                  20002000    00001000     main.obj (.data:output3)
                  20003000    000000b0     rtsv7M4_T_le_v4SPD16_eabi.lib : signal.obj (.data:sigtable)
                  200030b0    00000030     samping.obj (.data:adcNode)
                  200030e0    00000028     FFT_signal.obj (.data:fftNode)
                  20003108    0000001c     samping.obj (.data)
                  20003124    00000008     FFT_signal.obj (.data)
                  2000312c    00000008     main.obj (.data)
                  20003134    00000008     rtsv7M4_T_le_v4SPD16_eabi.lib : _lock.obj (.data)
                  2000313c    00000008                                   : exit.obj (.data)
                  20003144    00000008                                   : feraiseexcept.obj (.data)
                  2000314c    00000004                                   : errno.obj (.data)
                  20003150    00000004                                   : stkdepth_vars.obj (.data)
                  20003154    00000004     signal_dsp.obj (.data)

.bss       0    20003200    00001800     UNINITIALIZED
                  20003200    000014f4     signal_dsp.obj (.bss:firStateF32)
                  200046f4    0000010c     --HOLE--
                  20004800    00000200     samping.obj (.bss:ucControlTable)

.TI.persistent 
*          0    20000000    00000000     UNINITIALIZED

.TI.noinit 
*          0    20003200    00000000     UNINITIALIZED

.stack     0    20004a00    00000200     UNINITIALIZED
                  20004a00    00000200     --HOLE--


LINKER GENERATED COPY TABLES

__TI_cinit_table @ 0002ec98 records: 2, size/record: 8, table size: 16
	.data: load addr=0002ec50, load size=00000033 bytes, run addr=20000000, run size=00003158 bytes, compression=rle
	.bss: load addr=0002ec90, load size=00000008 bytes, run addr=20003200, run size=00001800 bytes, compression=zero_init


LINKER GENERATED HANDLER TABLE

__TI_handler_table @ 0002ec84 records: 3, size/record: 4, table size: 12
	index: 0, handler: __TI_decompress_rle24
	index: 1, handler: __TI_decompress_none
	index: 2, handler: __TI_zero_init


GLOBAL SYMBOLS: SORTED ALPHABETICALLY BY Name 

address   name                          
-------   ----                          
0002d755  ADC3IntHandler                
0002ec09  ADCIntClear                   
0002eb95  ADCIntDisable                 
0002eb45  ADCIntEnable                  
0002e6c1  ADCSequenceConfigure          
0002eba3  ADCSequenceEnable             
0002de1d  ADCSequenceStepConfigure      
0002e5f9  C$$EXIT                       
0002ebcd  CPUcpsie                      
0002d56d  DisplayData                   
0002db45  FFTprocessing1                
0002e0b9  FIRprocessing                 
0002eb55  FPUEnable                     
0002eb65  FPULazyStackingEnable         
0002e905  GPIODirModeSet                
0002d113  GPIOPadConfigSet              
0002e451  GPIOPinConfigure              
0002ea7f  GPIOPinTypeGPIOOutput         
0002eb21  GPIOPinTypeUART               
0002ec25  GPIOPinWrite                  
0002dd11  HighPassFilter                
0002d90d  InitADC3Transfer              
0002e279  InitConsole                   
0002e8d9  InitDSP1                      
0002e571  InitDebugTimer                
0002e931  InitGPIO                      
0002e179  InitSamplingTimer             
0002dfe9  IntEnable                     
0002eb75  IntMasterEnable               
0002e499  IntPendClear                  
0002dc85  LowpassFilter                 
0002ec2b  ResetISR                      
UNDEFED   SHT$$INIT_ARRAY$$Base         
UNDEFED   SHT$$INIT_ARRAY$$Limit        
0002d361  SysCtlClockGet                
0002d661  SysCtlClockSet                
0002ec31  SysCtlDelay                   
0002e7a9  SysCtlPeripheralEnable        
0002e701  SysCtlPeripheralPresent       
0002e2c9  SysCtlPeripheralReset         
0002e959  Timer0AIntHandler             
0002e7dd  Timer2AIntHandler             
0002e119  TimerConfigure                
0002e1d1  TimerControlTrigger           
0002ea99  TimerDisable                  
0002ebb1  TimerEnable                   
0002ec43  TimerIntClear                 
0002ec1d  TimerIntEnable                
0002eb33  TimerLoadSet                  
0002ec13  UARTCharPut                   
0002ec37  UARTClockSourceSet            
0002e529  UARTConfigSetExpClk           
0002e9ed  UARTDisable                   
0002eaf9  UARTEnable                    
0002e5b5  UARTStdioConfig               
0002ea65  UARTprintf                    
0002cb35  UARTvprintf                   
0002e739  UARTwrite                     
2000314c  _Errno                        
20003144  _Fenv                         
0002e879  _Feraise                      
20003148  _Tls_setup__Fenv              
20004c00  __STACK_END                   
00000200  __STACK_SIZE                  
20004c00  __STACK_TOP                   
0002ec98  __TI_CINIT_Base               
0002eca8  __TI_CINIT_Limit              
0002ec84  __TI_Handler_Table_Base       
0002ec90  __TI_Handler_Table_Limit      
0002df11  __TI_auto_init                
2000313c  __TI_cleanup_ptr              
0002ebbf  __TI_decompress_none          
0002ec3d  __TI_decompress_rle24         
20003140  __TI_dtors_ptr                
00000000  __TI_static_base__            
0002ebd9  __TI_zero_init                
0002e405  __aeabi_d2f                   
0002cfdd  __aeabi_ddiv                  
0002d471  __aeabi_dmul                  
0002e771  __aeabi_f2d                   
0002de97  __aeabi_memclr                
0002de97  __aeabi_memclr4               
0002de97  __aeabi_memclr8               
0002dbe9  __aeabi_memcpy                
0002dbe9  __aeabi_memcpy4               
0002dbe9  __aeabi_memcpy8               
0002de99  __aeabi_memset                
0002de99  __aeabi_memset4               
0002de99  __aeabi_memset8               
0002e63d  __aeabi_uidiv                 
0002e63d  __aeabi_uidivmod              
ffffffff  __binit__                     
ffffffff  __c_args__                    
20004a00  __stack                       
0002eab1  _args_main                    
0002e319  _c_int00                      
20003134  _lock                         
0002eb1b  _nop                          
0002eb13  _register_lock                
0002eb0d  _register_unlock              
0002ec47  _system_pre_init              
20003138  _unlock                       
0002e5fd  abort                         
200030b0  adcNode                       
00024eac  armBitRevIndexTable1024       
0002afb4  armBitRevIndexTable128        
0002bc00  armBitRevIndexTable16         
0001e16c  armBitRevIndexTable2048       
0002a0b4  armBitRevIndexTable256        
0002ba80  armBitRevIndexTable32         
0001a26c  armBitRevIndexTable4096       
00029d34  armBitRevIndexTable512        
0002b8c4  armBitRevIndexTable64         
00027cbc  armBitRevIndexTable_fixed_1024
0002b554  armBitRevIndexTable_fixed_128 
0002bc44  armBitRevIndexTable_fixed_16  
00023f2c  armBitRevIndexTable_fixed_2048
0002ac24  armBitRevIndexTable_fixed_256 
0002bba0  armBitRevIndexTable_fixed_32  
0001c1ec  armBitRevIndexTable_fixed_4096
00029974  armBitRevIndexTable_fixed_512 
0002b934  armBitRevIndexTable_fixed_64  
0002da3f  arm_bitreversal_16            
0002d9d5  arm_bitreversal_32            
0002d835  arm_cfft_f32                  
0002cd1f  arm_cfft_radix8by2_f32        
0002c395  arm_cfft_radix8by4_f32        
0002ae64  arm_cfft_sR_f32_len1024       
0002ae34  arm_cfft_sR_f32_len128        
0002ae04  arm_cfft_sR_f32_len16         
0002ae74  arm_cfft_sR_f32_len2048       
0002ae44  arm_cfft_sR_f32_len256        
0002ae14  arm_cfft_sR_f32_len32         
0002ae84  arm_cfft_sR_f32_len4096       
0002ae54  arm_cfft_sR_f32_len512        
0002ae24  arm_cfft_sR_f32_len64         
0002af84  arm_cfft_sR_q15_len1024       
0002af54  arm_cfft_sR_q15_len128        
0002af24  arm_cfft_sR_q15_len16         
0002af94  arm_cfft_sR_q15_len2048       
0002af64  arm_cfft_sR_q15_len256        
0002af34  arm_cfft_sR_q15_len32         
0002afa4  arm_cfft_sR_q15_len4096       
0002af74  arm_cfft_sR_q15_len512        
0002af44  arm_cfft_sR_q15_len64         
0002aef4  arm_cfft_sR_q31_len1024       
0002aec4  arm_cfft_sR_q31_len128        
0002ae94  arm_cfft_sR_q31_len16         
0002af04  arm_cfft_sR_q31_len2048       
0002aed4  arm_cfft_sR_q31_len256        
0002aea4  arm_cfft_sR_q31_len32         
0002af14  arm_cfft_sR_q31_len4096       
0002aee4  arm_cfft_sR_q31_len512        
0002aeb4  arm_cfft_sR_q31_len64         
0002cea5  arm_cmplx_mag_f32             
0002c7f1  arm_fir_f32                   
0002ea0d  arm_fir_init_f32              
0002da95  arm_max_f32                   
0002e051  arm_mean_f32                  
0002bc81  arm_radix8_butterfly_f32      
ffffffff  binit                         
0002e811  cfir                          
0002e56f  choiceTypeProcessing          
0002e3b9  copy_in                       
2000310e  countFullData                 
20003110  countTimerISRLoopSample       
20003128  doBitReverse                  
0002e605  exit                          
0002e845  feraiseexcept                 
200030e0  fftNode                       
0002907c  firCoeffs32                   
2000310c  flagTransBuffDone             
20000000  g_fFFTResult                  
20003154  g_fFIRResult                  
00000000  g_pfnVectors                  
2000312c  g_uiDSPPerSec                 
20001000  g_ulADCValues                 
20003124  ifftFlag                      
0002d245  main                          
20003150  main_func_sp                  
0002dbe9  memcpy                        
0002de9f  memset                        
20002000  output3                       
0002e8a9  raise                         
0002e369  setAgainSampling              
0002e681  signal                        
0002e981  sqrtf                         
0001826c  twiddleCoef_1024              
00025cbc  twiddleCoef_1024_q15          
0001ff2c  twiddleCoef_1024_q31          
00029574  twiddleCoef_128               
0002b154  twiddleCoef_128_q15           
0002a424  twiddleCoef_128_q31           
0002b844  twiddleCoef_16                
0002bbd0  twiddleCoef_16_q15            
0002bae0  twiddleCoef_16_q31            
0000e26c  twiddleCoef_2048              
0002172c  twiddleCoef_2048_q15          
0001226c  twiddleCoef_2048_q31          
000274bc  twiddleCoef_256               
0002a724  twiddleCoef_256_q15           
0002847c  twiddleCoef_256_q31           
0002b454  twiddleCoef_32                
0002bb40  twiddleCoef_32_q15            
0002b634  twiddleCoef_32_q31            
0000026c  twiddleCoef_4096              
0001526c  twiddleCoef_4096_q15          
0000826c  twiddleCoef_4096_q31          
00022f2c  twiddleCoef_512               
00028a7c  twiddleCoef_512_q15           
000268bc  twiddleCoef_512_q31           
0002aa24  twiddleCoef_64                
0002b6f4  twiddleCoef_64_q15            
0002b2d4  twiddleCoef_64_q31            
0002e4e1  uDMAChannelAttributeDisable   
0002e9a5  uDMAChannelControlSet         
0002eac9  uDMAChannelEnable             
0002eae1  uDMAChannelIsEnabled          
0002e9c9  uDMAChannelSizeGet            
0002dd99  uDMAChannelTransferSet        
0002ebe5  uDMAControlBaseSet            
0002eb85  uDMAEnable                    
0002ea49  uDMAErrorHandler              
0002ebf1  uDMAErrorStatusClear          
0002ebfd  uDMAErrorStatusGet            
20003114  uIdx                          
20004800  ucControlTable                
0002ea2b  wrap_                         


GLOBAL SYMBOLS: SORTED BY Symbol Address 

address   name                          
-------   ----                          
00000000  __TI_static_base__            
00000000  g_pfnVectors                  
00000200  __STACK_SIZE                  
0000026c  twiddleCoef_4096              
0000826c  twiddleCoef_4096_q31          
0000e26c  twiddleCoef_2048              
0001226c  twiddleCoef_2048_q31          
0001526c  twiddleCoef_4096_q15          
0001826c  twiddleCoef_1024              
0001a26c  armBitRevIndexTable4096       
0001c1ec  armBitRevIndexTable_fixed_4096
0001e16c  armBitRevIndexTable2048       
0001ff2c  twiddleCoef_1024_q31          
0002172c  twiddleCoef_2048_q15          
00022f2c  twiddleCoef_512               
00023f2c  armBitRevIndexTable_fixed_2048
00024eac  armBitRevIndexTable1024       
00025cbc  twiddleCoef_1024_q15          
000268bc  twiddleCoef_512_q31           
000274bc  twiddleCoef_256               
00027cbc  armBitRevIndexTable_fixed_1024
0002847c  twiddleCoef_256_q31           
00028a7c  twiddleCoef_512_q15           
0002907c  firCoeffs32                   
00029574  twiddleCoef_128               
00029974  armBitRevIndexTable_fixed_512 
00029d34  armBitRevIndexTable512        
0002a0b4  armBitRevIndexTable256        
0002a424  twiddleCoef_128_q31           
0002a724  twiddleCoef_256_q15           
0002aa24  twiddleCoef_64                
0002ac24  armBitRevIndexTable_fixed_256 
0002ae04  arm_cfft_sR_f32_len16         
0002ae14  arm_cfft_sR_f32_len32         
0002ae24  arm_cfft_sR_f32_len64         
0002ae34  arm_cfft_sR_f32_len128        
0002ae44  arm_cfft_sR_f32_len256        
0002ae54  arm_cfft_sR_f32_len512        
0002ae64  arm_cfft_sR_f32_len1024       
0002ae74  arm_cfft_sR_f32_len2048       
0002ae84  arm_cfft_sR_f32_len4096       
0002ae94  arm_cfft_sR_q31_len16         
0002aea4  arm_cfft_sR_q31_len32         
0002aeb4  arm_cfft_sR_q31_len64         
0002aec4  arm_cfft_sR_q31_len128        
0002aed4  arm_cfft_sR_q31_len256        
0002aee4  arm_cfft_sR_q31_len512        
0002aef4  arm_cfft_sR_q31_len1024       
0002af04  arm_cfft_sR_q31_len2048       
0002af14  arm_cfft_sR_q31_len4096       
0002af24  arm_cfft_sR_q15_len16         
0002af34  arm_cfft_sR_q15_len32         
0002af44  arm_cfft_sR_q15_len64         
0002af54  arm_cfft_sR_q15_len128        
0002af64  arm_cfft_sR_q15_len256        
0002af74  arm_cfft_sR_q15_len512        
0002af84  arm_cfft_sR_q15_len1024       
0002af94  arm_cfft_sR_q15_len2048       
0002afa4  arm_cfft_sR_q15_len4096       
0002afb4  armBitRevIndexTable128        
0002b154  twiddleCoef_128_q15           
0002b2d4  twiddleCoef_64_q31            
0002b454  twiddleCoef_32                
0002b554  armBitRevIndexTable_fixed_128 
0002b634  twiddleCoef_32_q31            
0002b6f4  twiddleCoef_64_q15            
0002b844  twiddleCoef_16                
0002b8c4  armBitRevIndexTable64         
0002b934  armBitRevIndexTable_fixed_64  
0002ba80  armBitRevIndexTable32         
0002bae0  twiddleCoef_16_q31            
0002bb40  twiddleCoef_32_q15            
0002bba0  armBitRevIndexTable_fixed_32  
0002bbd0  twiddleCoef_16_q15            
0002bc00  armBitRevIndexTable16         
0002bc44  armBitRevIndexTable_fixed_16  
0002bc81  arm_radix8_butterfly_f32      
0002c395  arm_cfft_radix8by4_f32        
0002c7f1  arm_fir_f32                   
0002cb35  UARTvprintf                   
0002cd1f  arm_cfft_radix8by2_f32        
0002cea5  arm_cmplx_mag_f32             
0002cfdd  __aeabi_ddiv                  
0002d113  GPIOPadConfigSet              
0002d245  main                          
0002d361  SysCtlClockGet                
0002d471  __aeabi_dmul                  
0002d56d  DisplayData                   
0002d661  SysCtlClockSet                
0002d755  ADC3IntHandler                
0002d835  arm_cfft_f32                  
0002d90d  InitADC3Transfer              
0002d9d5  arm_bitreversal_32            
0002da3f  arm_bitreversal_16            
0002da95  arm_max_f32                   
0002db45  FFTprocessing1                
0002dbe9  __aeabi_memcpy                
0002dbe9  __aeabi_memcpy4               
0002dbe9  __aeabi_memcpy8               
0002dbe9  memcpy                        
0002dc85  LowpassFilter                 
0002dd11  HighPassFilter                
0002dd99  uDMAChannelTransferSet        
0002de1d  ADCSequenceStepConfigure      
0002de97  __aeabi_memclr                
0002de97  __aeabi_memclr4               
0002de97  __aeabi_memclr8               
0002de99  __aeabi_memset                
0002de99  __aeabi_memset4               
0002de99  __aeabi_memset8               
0002de9f  memset                        
0002df11  __TI_auto_init                
0002dfe9  IntEnable                     
0002e051  arm_mean_f32                  
0002e0b9  FIRprocessing                 
0002e119  TimerConfigure                
0002e179  InitSamplingTimer             
0002e1d1  TimerControlTrigger           
0002e279  InitConsole                   
0002e2c9  SysCtlPeripheralReset         
0002e319  _c_int00                      
0002e369  setAgainSampling              
0002e3b9  copy_in                       
0002e405  __aeabi_d2f                   
0002e451  GPIOPinConfigure              
0002e499  IntPendClear                  
0002e4e1  uDMAChannelAttributeDisable   
0002e529  UARTConfigSetExpClk           
0002e56f  choiceTypeProcessing          
0002e571  InitDebugTimer                
0002e5b5  UARTStdioConfig               
0002e5f9  C$$EXIT                       
0002e5fd  abort                         
0002e605  exit                          
0002e63d  __aeabi_uidiv                 
0002e63d  __aeabi_uidivmod              
0002e681  signal                        
0002e6c1  ADCSequenceConfigure          
0002e701  SysCtlPeripheralPresent       
0002e739  UARTwrite                     
0002e771  __aeabi_f2d                   
0002e7a9  SysCtlPeripheralEnable        
0002e7dd  Timer2AIntHandler             
0002e811  cfir                          
0002e845  feraiseexcept                 
0002e879  _Feraise                      
0002e8a9  raise                         
0002e8d9  InitDSP1                      
0002e905  GPIODirModeSet                
0002e931  InitGPIO                      
0002e959  Timer0AIntHandler             
0002e981  sqrtf                         
0002e9a5  uDMAChannelControlSet         
0002e9c9  uDMAChannelSizeGet            
0002e9ed  UARTDisable                   
0002ea0d  arm_fir_init_f32              
0002ea2b  wrap_                         
0002ea49  uDMAErrorHandler              
0002ea65  UARTprintf                    
0002ea7f  GPIOPinTypeGPIOOutput         
0002ea99  TimerDisable                  
0002eab1  _args_main                    
0002eac9  uDMAChannelEnable             
0002eae1  uDMAChannelIsEnabled          
0002eaf9  UARTEnable                    
0002eb0d  _register_unlock              
0002eb13  _register_lock                
0002eb1b  _nop                          
0002eb21  GPIOPinTypeUART               
0002eb33  TimerLoadSet                  
0002eb45  ADCIntEnable                  
0002eb55  FPUEnable                     
0002eb65  FPULazyStackingEnable         
0002eb75  IntMasterEnable               
0002eb85  uDMAEnable                    
0002eb95  ADCIntDisable                 
0002eba3  ADCSequenceEnable             
0002ebb1  TimerEnable                   
0002ebbf  __TI_decompress_none          
0002ebcd  CPUcpsie                      
0002ebd9  __TI_zero_init                
0002ebe5  uDMAControlBaseSet            
0002ebf1  uDMAErrorStatusClear          
0002ebfd  uDMAErrorStatusGet            
0002ec09  ADCIntClear                   
0002ec13  UARTCharPut                   
0002ec1d  TimerIntEnable                
0002ec25  GPIOPinWrite                  
0002ec2b  ResetISR                      
0002ec31  SysCtlDelay                   
0002ec37  UARTClockSourceSet            
0002ec3d  __TI_decompress_rle24         
0002ec43  TimerIntClear                 
0002ec47  _system_pre_init              
0002ec84  __TI_Handler_Table_Base       
0002ec90  __TI_Handler_Table_Limit      
0002ec98  __TI_CINIT_Base               
0002eca8  __TI_CINIT_Limit              
20000000  g_fFFTResult                  
20001000  g_ulADCValues                 
20002000  output3                       
200030b0  adcNode                       
200030e0  fftNode                       
2000310c  flagTransBuffDone             
2000310e  countFullData                 
20003110  countTimerISRLoopSample       
20003114  uIdx                          
20003124  ifftFlag                      
20003128  doBitReverse                  
2000312c  g_uiDSPPerSec                 
20003134  _lock                         
20003138  _unlock                       
2000313c  __TI_cleanup_ptr              
20003140  __TI_dtors_ptr                
20003144  _Fenv                         
20003148  _Tls_setup__Fenv              
2000314c  _Errno                        
20003150  main_func_sp                  
20003154  g_fFIRResult                  
20004800  ucControlTable                
20004a00  __stack                       
20004c00  __STACK_END                   
20004c00  __STACK_TOP                   
ffffffff  __binit__                     
ffffffff  __c_args__                    
ffffffff  binit                         
UNDEFED   SHT$$INIT_ARRAY$$Base         
UNDEFED   SHT$$INIT_ARRAY$$Limit        

[228 symbols]
