******************************************************************************
                  TI ARM Linker PC v5.2.2                      
******************************************************************************
>> Linked Thu Mar 03 12:40:26 2016

OUTPUT FILE NAME:   <HB100_FP_A.out>
ENTRY POINT SYMBOL: "_c_int00"  address: 0003134d


MEMORY CONFIGURATION

         name            origin    length      used     unused   attr    fill
----------------------  --------  ---------  --------  --------  ----  --------
  FLASH                 00000000   00040000  00032286  0000dd7a  R  X
  SRAM                  20000000   00008000  00004de0  00003220  RW X


SEGMENT ALLOCATION MAP

run origin  load origin   length   init length attrs members
----------  ----------- ---------- ----------- ----- -------
00000000    00000000    00032288   00032288    r-x
  00000000    00000000    0000026c   0000026c    r-- .intvecs
  0000026c    0000026c    0002cec0   0002cec0    r-- .const
  0002d12c    0002d12c    00005022   00005022    r-x .text
  00032150    00032150    00000138   00000138    r-- .cinit
20000000    20000000    000032a0   00000000    rw-
  20000000    20000000    000032a0   00000000    rw- .data
20003400    20003400    00001b40   00000000    rw-
  20003400    20003400    00001940   00000000    rw- .bss
  20004d40    20004d40    00000200   00000000    rw- .stack


SECTION ALLOCATION MAP

 output                                  attributes/
section   page    origin      length       input sections
--------  ----  ----------  ----------   ----------------
.intvecs   0    00000000    0000026c     
                  00000000    0000026c     tm4c123gh6pm_startup_ccs.obj (.intvecs)

.const     0    0000026c    0002cec0     
                  0000026c    00008000     dsplib-cm4f.lib : arm_common_tables.obj (.const:twiddleCoef_4096)
                  0000826c    00006000                     : arm_common_tables.obj (.const:twiddleCoef_4096_q31)
                  0000e26c    00004000                     : arm_common_tables.obj (.const:twiddleCoef_2048)
                  0001226c    00003000                     : arm_common_tables.obj (.const:twiddleCoef_2048_q31)
                  0001526c    00003000                     : arm_common_tables.obj (.const:twiddleCoef_4096_q15)
                  0001826c    00002000                     : arm_common_tables.obj (.const:twiddleCoef_1024)
                  0001a26c    00001f80                     : arm_common_tables.obj (.const:armBitRevIndexTable4096)
                  0001c1ec    00001f80                     : arm_common_tables.obj (.const:armBitRevIndexTable_fixed_4096)
                  0001e16c    00001dc0                     : arm_common_tables.obj (.const:armBitRevIndexTable2048)
                  0001ff2c    00001800                     : arm_common_tables.obj (.const:twiddleCoef_1024_q31)
                  0002172c    00001800                     : arm_common_tables.obj (.const:twiddleCoef_2048_q15)
                  00022f2c    00001000                     : arm_common_tables.obj (.const:twiddleCoef_512)
                  00023f2c    00000f80                     : arm_common_tables.obj (.const:armBitRevIndexTable_fixed_2048)
                  00024eac    00000e10                     : arm_common_tables.obj (.const:armBitRevIndexTable1024)
                  00025cbc    00000c00                     : arm_common_tables.obj (.const:twiddleCoef_1024_q15)
                  000268bc    00000c00                     : arm_common_tables.obj (.const:twiddleCoef_512_q31)
                  000274bc    0000095e     grlib.lib : fontcm20.obj (.const:.string:g_pui8Cm20Data)
                  00027e1a    0000091e               : fontcmss22b.obj (.const:.string:g_pui8Cmss22bData)
                  00028738    00000800     dsplib-cm4f.lib : arm_common_tables.obj (.const:twiddleCoef_256)
                  00028f38    000007c0                     : arm_common_tables.obj (.const:armBitRevIndexTable_fixed_1024)
                  000296f8    00000600                     : arm_common_tables.obj (.const:twiddleCoef_256_q31)
                  00029cf8    00000600                     : arm_common_tables.obj (.const:twiddleCoef_512_q15)
                  0002a2f8    000004f8     filter_data.obj (.const:firCoeffs32)
                  0002a7f0    00000400     dsplib-cm4f.lib : arm_common_tables.obj (.const:twiddleCoef_128)
                  0002abf0    000003c0                     : arm_common_tables.obj (.const:armBitRevIndexTable_fixed_512)
                  0002afb0    00000380                     : arm_common_tables.obj (.const:armBitRevIndexTable512)
                  0002b330    00000370                     : arm_common_tables.obj (.const:armBitRevIndexTable256)
                  0002b6a0    00000300                     : arm_common_tables.obj (.const:twiddleCoef_128_q31)
                  0002b9a0    00000300                     : arm_common_tables.obj (.const:twiddleCoef_256_q15)
                  0002bca0    00000200                     : arm_common_tables.obj (.const:twiddleCoef_64)
                  0002bea0    000001e0                     : arm_common_tables.obj (.const:armBitRevIndexTable_fixed_256)
                  0002c080    000001b0                     : arm_const_structs.obj (.const)
                  0002c230    000001a0                     : arm_common_tables.obj (.const:armBitRevIndexTable128)
                  0002c3d0    00000180                     : arm_common_tables.obj (.const:twiddleCoef_128_q15)
                  0002c550    00000180                     : arm_common_tables.obj (.const:twiddleCoef_64_q31)
                  0002c6d0    00000100                     : arm_common_tables.obj (.const:twiddleCoef_32)
                  0002c7d0    000000e0                     : arm_common_tables.obj (.const:armBitRevIndexTable_fixed_128)
                  0002c8b0    000000c8     grlib.lib : fontcm20.obj (.const:g_sFontCm20)
                  0002c978    000000c8               : fontcmss22b.obj (.const:g_sFontCmss22b)
                  0002ca40    000000c0     dsplib-cm4f.lib : arm_common_tables.obj (.const:twiddleCoef_32_q31)
                  0002cb00    000000c0                     : arm_common_tables.obj (.const:twiddleCoef_64_q15)
                  0002cbc0    00000090     driverlib.lib : gpio.obj (.const:g_pui32GPIOBaseAddrs)
                  0002cc50    00000080     dsplib-cm4f.lib : arm_common_tables.obj (.const:twiddleCoef_16)
                  0002ccd0    00000070                     : arm_common_tables.obj (.const:armBitRevIndexTable64)
                  0002cd40    00000070                     : arm_common_tables.obj (.const:armBitRevIndexTable_fixed_64)
                  0002cdb0    00000070     driverlib.lib : interrupt.obj (.const)
                  0002ce20    0000006c                   : sysctl.obj (.const:g_pui32Xtals)
                  0002ce8c    00000060     dsplib-cm4f.lib : arm_common_tables.obj (.const:armBitRevIndexTable32)
                  0002ceec    00000060                     : arm_common_tables.obj (.const:twiddleCoef_16_q31)
                  0002cf4c    00000060                     : arm_common_tables.obj (.const:twiddleCoef_32_q15)
                  0002cfac    00000038     touch.obj (.const:g_lTouchParameters)
                  0002cfe4    00000030     dsplib-cm4f.lib : arm_common_tables.obj (.const:armBitRevIndexTable_fixed_32)
                  0002d014    00000030                     : arm_common_tables.obj (.const:twiddleCoef_16_q15)
                  0002d044    0000002e     gui.obj (.const:.string)
                  0002d072    00000028     dsplib-cm4f.lib : arm_common_tables.obj (.const:armBitRevIndexTable16)
                  0002d09a    00000002     --HOLE-- [fill = 0]
                  0002d09c    00000028     lcd_ssd2119_8bit.obj (.const:g_sLCD_SSD2119)
                  0002d0c4    0000001c     samping.obj (.const)
                  0002d0e0    00000018     dsplib-cm4f.lib : arm_common_tables.obj (.const)
                  0002d0f8    00000012     samping.obj (.const:.string)
                  0002d10a    00000002     --HOLE-- [fill = 0]
                  0002d10c    00000010     grlib.lib : context.obj (.const)
                  0002d11c    00000010     signal_dsp.obj (.const)

.text      0    0002d12c    00005022     
                  0002d12c    00000714     dsplib-cm4f.lib : arm_cfft_radix8_f32.obj (.text:arm_radix8_butterfly_f32)
                  0002d840    0000045a                     : arm_cfft_f32.obj (.text:arm_cfft_radix8by4_f32)
                  0002dc9a    00000002     tm4c123gh6pm_startup_ccs.obj (.text:FaultISR)
                  0002dc9c    00000370     grlib.lib : image.obj (.text:InternalImageDraw)
                  0002e00c    00000344     dsplib-cm4f.lib : arm_fir_f32.obj (.text:arm_fir_f32)
                  0002e350    000002e4     grlib.lib : image.obj (.text:PixelTransparentDraw)
                  0002e634    00000256               : string.obj (.text:GrFontGlyphRender)
                  0002e88a    00000002     tm4c123gh6pm_startup_ccs.obj (.text:IntDefaultHandler)
                  0002e88c    000001ea     samping.obj (.text:UARTvprintf)
                  0002ea76    00000002     lcd_ssd2119_8bit.obj (.text:LCD_SSD2119Flush)
                  0002ea78    000001b8     lcd_ssd2119_8bit.obj (.text:LCD_SSD2119Init)
                  0002ec30    00000194     grlib.lib : canvas.obj (.text:CanvasPaint)
                  0002edc4    00000186     dsplib-cm4f.lib : arm_cfft_f32.obj (.text:arm_cfft_radix8by2_f32)
                  0002ef4a    00000176     grlib.lib : pushbutton.obj (.text:RectangularButtonPaint)
                  0002f0c0    0000014c     main.obj (.text:main)
                  0002f20c    00000146     lcd_ssd2119_8bit.obj (.text:LCD_SSD2119PixelDrawMultiple)
                  0002f352    00000002     main.obj (.text:MenuGetSpeedMode)
                  0002f354    00000138     dsplib-cm4f.lib : arm_cmplx_mag_f32.obj (.text:arm_cmplx_mag_f32)
                  0002f48c    00000136     rtsv7M4_T_le_v4SPD16_eabi.lib : fd_div_t2.obj (.text)
                  0002f5c2    00000002     tm4c123gh6pm_startup_ccs.obj (.text:NmiSR)
                  0002f5c4    00000134     touch.obj (.text:TouchScreenDebouncer)
                  0002f6f8    00000132     driverlib.lib : gpio.obj (.text:GPIOPadConfigSet)
                  0002f82a    00000002     signal_dsp.obj (.text:choiceTypeProcessing)
                  0002f82c    00000128     touch.obj (.text:TouchScreenIntHandler)
                  0002f954    00000120     touch.obj (.text:TouchScreenInit)
                  0002fa74    00000110     driverlib.lib : sysctl.obj (.text:SysCtlClockGet)
                  0002fb84    00000104     lcd_ssd2119_8bit.obj (.text:LCD_PORT_Init)
                  0002fc88    000000fc     main.obj (.text:DisplayData)
                  0002fd84    000000fc     rtsv7M4_T_le_v4SPD16_eabi.lib : fd_mul_t2.obj (.text)
                  0002fe80    000000f4     driverlib.lib : sysctl.obj (.text:SysCtlClockSet)
                  0002ff74    000000f2     grlib.lib : pushbutton.obj (.text:RectangularButtonClick)
                  00030066    00000002     --HOLE-- [fill = 0]
                  00030068    000000e8               : widget.obj (.text:WidgetMessageQueueAdd)
                  00030150    000000e4     samping.obj (.text:ADC3IntHandler)
                  00030234    000000e0     lcd_ssd2119_8bit.obj (.text:LCD_SSD2119RectFill)
                  00030314    000000d6     dsplib-cm4f.lib : arm_cfft_f32.obj (.text:arm_cfft_f32)
                  000303ea    000000c4     grlib.lib : string.obj (.text:GrDefaultStringRenderer)
                  000304ae    000000c0     dsplib-cm4f.lib : arm_bitreversal2.obj (.text)
                  0003056e    00000002     --HOLE-- [fill = 0]
                  00030570    000000bc     samping.obj (.text:InitADC3Transfer)
                  0003062c    000000b4     grlib.lib : widget.obj (.text:WidgetMessageSendPostOrder)
                  000306e0    000000b0     dsplib-cm4f.lib : arm_max_f32.obj (.text:arm_max_f32)
                  00030790    0000009c     FFT_signal.obj (.text:FFTprocessing1)
                  0003082c    0000009c     rtsv7M4_T_le_v4SPD16_eabi.lib : memcpy_t2.obj (.text)
                  000308c8    0000008c     signal_dsp.obj (.text:LowpassFilter)
                  00030954    00000088     signal_dsp.obj (.text:HighPassFilter)
                  000309dc    00000086     grlib.lib : rectangle.obj (.text:GrRectFill)
                  00030a62    00000002     --HOLE-- [fill = 0]
                  00030a64    00000084     driverlib.lib : udma.obj (.text:uDMAChannelTransferSet)
                  00030ae8    0000007a                   : adc.obj (.text:ADCSequenceStepConfigure)
                  00030b62    0000007a     rtsv7M4_T_le_v4SPD16_eabi.lib : memset_t2.obj (.text)
                  00030bdc    0000006c                                   : autoinit.obj (.text)
                  00030c48    0000006a     grlib.lib : string.obj (.text:GrStringWidthGet)
                  00030cb2    0000006a     rtsv7M4_T_le_v4SPD16_eabi.lib : copy_decompress_rle.obj (.text)
                  00030d1c    00000068     grlib.lib : context.obj (.text:GrContextInit)
                  00030d84    00000068     driverlib.lib : interrupt.obj (.text:IntEnable)
                  00030dec    00000068     dsplib-cm4f.lib : arm_mean_f32.obj (.text:arm_mean_f32)
                  00030e54    00000066     grlib.lib : rectangle.obj (.text:GrRectDraw)
                  00030eba    00000002     --HOLE-- [fill = 0]
                  00030ebc    00000064               : widget.obj (.text:WidgetMessageQueueProcess)
                  00030f20    00000062               : context.obj (.text:GrContextClipRegionSet)
                  00030f82    00000002     --HOLE-- [fill = 0]
                  00030f84    00000060     signal_dsp.obj (.text:FIRprocessing)
                  00030fe4    00000060     driverlib.lib : timer.obj (.text:TimerConfigure)
                  00031044    0000005c     grlib.lib : widget.obj (.text:WidgetMessageSendPreOrder)
                  000310a0    0000005a               : string.obj (.text:FontWideGlyphDataGet)
                  000310fa    00000002     --HOLE-- [fill = 0]
                  000310fc    00000058     samping.obj (.text:InitSamplingTimer)
                  00031154    00000058     lcd_ssd2119_8bit.obj (.text:LCD_SSD2119LineDrawH)
                  000311ac    00000058     lcd_ssd2119_8bit.obj (.text:LCD_SSD2119LineDrawV)
                  00031204    00000058     driverlib.lib : timer.obj (.text:TimerControlTrigger)
                  0003125c    00000050     FFT_signal.obj (.text:ComplexBufFFT)
                  000312ac    00000050     main.obj (.text:InitConsole)
                  000312fc    00000050     driverlib.lib : sysctl.obj (.text:SysCtlPeripheralReset)
                  0003134c    00000050     rtsv7M4_T_le_v4SPD16_eabi.lib : boot.obj (.text)
                  0003139c    00000050     samping.obj (.text:setAgainSampling)
                  000313ec    0000004c     rtsv7M4_T_le_v4SPD16_eabi.lib : cpy_tbl.obj (.text)
                  00031438    0000004a     grlib.lib : string.obj (.text:UpdateContextCharMapping)
                  00031482    0000004a     rtsv7M4_T_le_v4SPD16_eabi.lib : fd_tos_t2.obj (.text)
                  000314cc    00000048     driverlib.lib : gpio.obj (.text:GPIOPinConfigure)
                  00031514    00000048                   : interrupt.obj (.text:IntPendClear)
                  0003155c    00000048                   : udma.obj (.text:uDMAChannelAttributeDisable)
                  000315a4    00000046     grlib.lib : line.obj (.text:GrLineDrawH)
                  000315ea    00000046               : line.obj (.text:GrLineDrawV)
                  00031630    00000046     driverlib.lib : uart.obj (.text:UARTConfigSetExpClk)
                  00031676    00000002     --HOLE-- [fill = 0]
                  00031678    00000044     samping.obj (.text:InitDebugTimer)
                  000316bc    00000044     samping.obj (.text:UARTStdioConfig)
                  00031700    00000044     lcd_ssd2119_8bit.obj (.text:WriteDataSPI)
                  00031744    00000044     rtsv7M4_T_le_v4SPD16_eabi.lib : exit.obj (.text)
                  00031788    00000042                                   : u_divt2.obj (.text)
                  000317ca    00000002     --HOLE-- [fill = 0]
                  000317cc    00000040                                   : signal.obj (.text)
                  0003180c    0000003e     driverlib.lib : adc.obj (.text:ADCSequenceConfigure)
                  0003184a    0000003c                   : ssi.obj (.text:SSIConfigSetExpClk)
                  00031886    00000002     --HOLE-- [fill = 0]
                  00031888    0000003c     lcd_ssd2119_8bit.obj (.text:WriteCommandSPI)
                  000318c4    0000003a     grlib.lib : string.obj (.text:FontGlyphDataGet)
                  000318fe    00000038     lcd_ssd2119_8bit.obj (.text:LCD_SSD2119PixelDraw)
                  00031936    00000002     --HOLE-- [fill = 0]
                  00031938    00000038     driverlib.lib : sysctl.obj (.text:SysCtlPeripheralPresent)
                  00031970    00000038     samping.obj (.text:UARTwrite)
                  000319a8    00000038     rtsv7M4_T_le_v4SPD16_eabi.lib : fs_tod_t2.obj (.text)
                  000319e0    00000034     FFT_signal.obj (.text:InitDSP1)
                  00031a14    00000034     driverlib.lib : sysctl.obj (.text:SysCtlPeripheralEnable)
                  00031a48    00000034     samping.obj (.text:Timer0AIntHandler)
                  00031a7c    00000034     samping.obj (.text:Timer2AIntHandler)
                  00031ab0    00000034     signal_dsp.obj (.text:cfir)
                  00031ae4    00000034     rtsv7M4_T_le_v4SPD16_eabi.lib : feraiseexcept.obj (.text)
                  00031b18    00000030                                   : xferaise.obj (.text)
                  00031b48    0000002e     grlib.lib : string.obj (.text:GrStringNextCharGet)
                  00031b76    0000002e     rtsv7M4_T_le_v4SPD16_eabi.lib : raise.obj (.text)
                  00031ba4    0000002c     grlib.lib : string.obj (.text:GrFontBaselineGet)
                  00031bd0    0000002c               : string.obj (.text:GrFontHeightGet)
                  00031bfc    0000002a     driverlib.lib : gpio.obj (.text:GPIODirModeSet)
                  00031c26    0000002a     grlib.lib : widget.obj (.text:WidgetIsInTree)
                  00031c50    00000028     main.obj (.text:InitGPIO)
                  00031c78    00000028     grlib.lib : pushbutton.obj (.text:RectangularButtonMsgProc)
                  00031ca0    00000026               : string.obj (.text:GrFontInfoGet)
                  00031cc6    00000002     --HOLE-- [fill = 0]
                  00031cc8    00000024     gui.obj (.text:OnButtonPress)
                  00031cec    00000024     grlib.lib : widget.obj (.text:WidgetAdd)
                  00031d10    00000024     rtsv7M4_T_le_v4SPD16_eabi.lib : sqrtf.obj (.text)
                  00031d34    00000024     driverlib.lib : udma.obj (.text:uDMAChannelControlSet)
                  00031d58    00000024                   : udma.obj (.text:uDMAChannelSizeGet)
                  00031d7c    00000022     grlib.lib : string.obj (.text:GrFontGlyphDataGet)
                  00031d9e    00000002     --HOLE-- [fill = 0]
                  00031da0    00000020     driverlib.lib : uart.obj (.text:UARTDisable)
                  00031dc0    0000001e     grlib.lib : string.obj (.text:GrFontCodepageGet)
                  00031dde    0000001e     dsplib-cm4f.lib : arm_fir_init_f32.obj (.text:arm_fir_init_f32)
                  00031dfc    0000001e     signal_dsp.obj (.text:wrap_)
                  00031e1a    00000002     --HOLE-- [fill = 0]
                  00031e1c    0000001c     touch.obj (.text:Timer1AIntHandler)
                  00031e38    0000001c     grlib.lib : widget.obj (.text:WidgetPointerMessage)
                  00031e54    0000001c     samping.obj (.text:uDMAErrorHandler)
                  00031e70    0000001a     samping.obj (.text:UARTprintf)
                  00031e8a    00000018     driverlib.lib : adc.obj (.text:ADCProcessorTrigger)
                  00031ea2    00000018                   : gpio.obj (.text:GPIOPinTypeGPIOOutput)
                  00031eba    00000002     --HOLE-- [fill = 0]
                  00031ebc    00000018                   : timer.obj (.text:TimerDisable)
                  00031ed4    00000018     rtsv7M4_T_le_v4SPD16_eabi.lib : args_main.obj (.text)
                  00031eec    00000018     driverlib.lib : udma.obj (.text:uDMAChannelEnable)
                  00031f04    00000018                   : udma.obj (.text:uDMAChannelIsEnabled)
                  00031f1c    00000016     grlib.lib : string.obj (.text:GrStringDraw)
                  00031f32    00000016     lcd_ssd2119_8bit.obj (.text:LCD_SSD2119ColorTranslate)
                  00031f48    00000014     grlib.lib : canvas.obj (.text:CanvasMsgProc)
                  00031f5c    00000014     driverlib.lib : uart.obj (.text:UARTEnable)
                  00031f70    00000014     grlib.lib : widget.obj (.text:WidgetMutexGet)
                  00031f84    00000014     rtsv7M4_T_le_v4SPD16_eabi.lib : _lock.obj (.text)
                  00031f98    00000012     driverlib.lib : gpio.obj (.text:GPIOPinTypeSSI)
                  00031faa    00000012                   : gpio.obj (.text:GPIOPinTypeUART)
                  00031fbc    00000012                   : ssi.obj (.text:SSIDataGetNonBlocking)
                  00031fce    00000012                   : timer.obj (.text:TimerLoadSet)
                  00031fe0    00000010                   : adc.obj (.text:ADCIntEnable)
                  00031ff0    00000010                   : fpu.obj (.text:FPUEnable)
                  00032000    00000010                   : fpu.obj (.text:FPULazyStackingEnable)
                  00032010    00000010                   : interrupt.obj (.text:IntMasterEnable)
                  00032020    00000010                   : udma.obj (.text:uDMAEnable)
                  00032030    0000000e                   : adc.obj (.text:ADCHardwareOversampleConfigure)
                  0003203e    0000000e                   : adc.obj (.text:ADCIntDisable)
                  0003204c    0000000e                   : adc.obj (.text:ADCSequenceEnable)
                  0003205a    0000000e     grlib.lib : image.obj (.text:GrImageDraw)
                  00032068    0000000e     driverlib.lib : timer.obj (.text:TimerEnable)
                  00032076    0000000e     rtsv7M4_T_le_v4SPD16_eabi.lib : copy_decompress_none.obj (.text:decompress:none)
                  00032084    0000000c     driverlib.lib : cpu.obj (.text:CPUcpsie)
                  00032090    0000000c     lcd_ssd2119_8bit.obj (.text:LED_backlight_ON)
                  0003209c    0000000c     touch.obj (.text:TouchScreenCallbackSet)
                  000320a8    0000000c     rtsv7M4_T_le_v4SPD16_eabi.lib : copy_zero_init.obj (.text:decompress:ZI)
                  000320b4    0000000c     driverlib.lib : udma.obj (.text:uDMAControlBaseSet)
                  000320c0    0000000c                   : udma.obj (.text:uDMAErrorStatusClear)
                  000320cc    0000000c                   : udma.obj (.text:uDMAErrorStatusGet)
                  000320d8    0000000a                   : adc.obj (.text:ADCIntClear)
                  000320e2    0000000a                   : ssi.obj (.text:SSIDataPut)
                  000320ec    0000000a                   : ssi.obj (.text:SSIEnable)
                  000320f6    0000000a                   : uart.obj (.text:UARTCharPut)
                  00032100    00000008     grlib.lib : charmap.obj (.text:GrMapISO8859_1_Unicode)
                  00032108    00000008     driverlib.lib : ssi.obj (.text:SSIBusy)
                  00032110    00000008                   : timer.obj (.text:TimerIntEnable)
                  00032118    00000006                   : gpio.obj (.text:GPIOPinWrite)
                  0003211e    00000006     grlib.lib : string.obj (.text:GrContextFontSet)
                  00032124    00000006     tm4c123gh6pm_startup_ccs.obj (.text:ResetISR)
                  0003212a    00000006     driverlib.lib : sysctl.obj (.text:SysCtlDelay)
                  00032130    00000006                   : uart.obj (.text:UARTClockSourceSet)
                  00032136    00000006     grlib.lib : widget.obj (.text:WidgetMutexPut)
                  0003213c    00000006     rtsv7M4_T_le_v4SPD16_eabi.lib : copy_decompress_rle.obj (.text:decompress:rle24)
                  00032142    00000004     driverlib.lib : timer.obj (.text:TimerIntClear)
                  00032146    00000004     grlib.lib : widget.obj (.text:WidgetDefaultMsgProc)
                  0003214a    00000004     rtsv7M4_T_le_v4SPD16_eabi.lib : pre_init.obj (.text)

.cinit     0    00032150    00000138     
                  00032150    0000010f     (.cinit..data.load) [load image, compression = rle]
                  0003225f    00000001     --HOLE-- [fill = 0]
                  00032260    0000000c     (__TI_handler_table)
                  0003226c    00000004     --HOLE-- [fill = 0]
                  00032270    00000008     (.cinit..bss.load) [load image, compression = zero_init]
                  00032278    00000010     (__TI_cinit_table)

.init_array 
*          0    00000000    00000000     UNINITIALIZED

.data      0    20000000    000032a0     UNINITIALIZED
                  20000000    00001000     main.obj (.data:g_fFFTResult)
                  20001000    00001000     samping.obj (.data:g_ulADCValues)
                  20002000    00001000     main.obj (.data:output3)
                  20003000    000000b0     rtsv7M4_T_le_v4SPD16_eabi.lib : signal.obj (.data:sigtable)
                  200030b0    00000050     gui.obj (.data:g_sPushBtn)
                  20003100    00000040     gui.obj (.data:g_sBackground)
                  20003140    00000040     gui.obj (.data:g_sHeading2)
                  20003180    00000040     gui.obj (.data:g_sHeading)
                  200031c0    00000030     samping.obj (.data:adcNode)
                  200031f0    0000002d     grlib.lib : widget.obj (.data)
                  2000321d    00000001     gui.obj (.data)
                  2000321e    00000002     --HOLE--
                  20003220    00000028     FFT_signal.obj (.data:fftNode)
                  20003248    00000020     samping.obj (.data)
                  20003268    00000008     FFT_signal.obj (.data)
                  20003270    00000008     main.obj (.data)
                  20003278    00000008     rtsv7M4_T_le_v4SPD16_eabi.lib : _lock.obj (.data)
                  20003280    00000008                                   : exit.obj (.data)
                  20003288    00000008                                   : feraiseexcept.obj (.data)
                  20003290    00000004                                   : errno.obj (.data)
                  20003294    00000004                                   : stkdepth_vars.obj (.data)
                  20003298    00000004     signal_dsp.obj (.data)
                  2000329c    00000004     touch.obj (.data)

.bss       0    20003400    00001940     UNINITIALIZED
                  20003400    000014f4     signal_dsp.obj (.bss:firStateF32)
                  200048f4    00000020     (.common:g_pui8Dictionary)
                  20004914    00000010     (.common:g_psSamples)
                  20004924    00000004     (.common:g_pfnTSHandler)
                  20004928    00000004     (.common:g_plParmSet)
                  2000492c    00000004     (.common:g_psGrLibDefaults)
                  20004930    00000004     (.common:g_ulTSState)
                  20004934    00000004     (.common:pui16Data)
                  20004938    00000002     (.common:g_sTouchX)
                  2000493a    00000002     (.common:g_sTouchY)
                  2000493c    000000c4     --HOLE--
                  20004a00    00000200     samping.obj (.bss:ucControlTable)
                  20004c00    00000140     grlib.lib : widget.obj (.bss:g_psMQ)

.TI.persistent 
*          0    20000000    00000000     UNINITIALIZED

.TI.noinit 
*          0    20003400    00000000     UNINITIALIZED

.stack     0    20004d40    00000200     UNINITIALIZED
                  20004d40    00000200     --HOLE--


LINKER GENERATED COPY TABLES

__TI_cinit_table @ 00032278 records: 2, size/record: 8, table size: 16
	.data: load addr=00032150, load size=0000010f bytes, run addr=20000000, run size=000032a0 bytes, compression=rle
	.bss: load addr=00032270, load size=00000008 bytes, run addr=20003400, run size=00001940 bytes, compression=zero_init


LINKER GENERATED HANDLER TABLE

__TI_handler_table @ 00032260 records: 3, size/record: 4, table size: 12
	index: 0, handler: __TI_decompress_rle24
	index: 1, handler: __TI_decompress_none
	index: 2, handler: __TI_zero_init


GLOBAL SYMBOLS: SORTED ALPHABETICALLY BY Name 

address   name                          
-------   ----                          
00030151  ADC3IntHandler                
00032031  ADCHardwareOversampleConfigure
000320d9  ADCIntClear                   
0003203f  ADCIntDisable                 
00031fe1  ADCIntEnable                  
00031e8b  ADCProcessorTrigger           
0003180d  ADCSequenceConfigure          
0003204d  ADCSequenceEnable             
00030ae9  ADCSequenceStepConfigure      
00031745  C$$EXIT                       
00032085  CPUcpsie                      
00031f49  CanvasMsgProc                 
0002fc89  DisplayData                   
00030791  FFTprocessing1                
00030f85  FIRprocessing                 
00031ff1  FPUEnable                     
00032001  FPULazyStackingEnable         
00031bfd  GPIODirModeSet                
0002f6f9  GPIOPadConfigSet              
000314cd  GPIOPinConfigure              
00031ea3  GPIOPinTypeGPIOOutput         
00031f99  GPIOPinTypeSSI                
00031fab  GPIOPinTypeUART               
00032119  GPIOPinWrite                  
00030f21  GrContextClipRegionSet        
0003211f  GrContextFontSet              
00030d1d  GrContextInit                 
000303eb  GrDefaultStringRenderer       
00031ba5  GrFontBaselineGet             
00031dc1  GrFontCodepageGet             
00031d7d  GrFontGlyphDataGet            
0002e635  GrFontGlyphRender             
00031bd1  GrFontHeightGet               
00031ca1  GrFontInfoGet                 
0003205b  GrImageDraw                   
000315a5  GrLineDrawH                   
000315eb  GrLineDrawV                   
00032101  GrMapISO8859_1_Unicode        
00030e55  GrRectDraw                    
000309dd  GrRectFill                    
00031f1d  GrStringDraw                  
00031b49  GrStringNextCharGet           
00030c49  GrStringWidthGet              
00030955  HighPassFilter                
00030571  InitADC3Transfer              
000312ad  InitConsole                   
000319e1  InitDSP1                      
00031679  InitDebugTimer                
00031c51  InitGPIO                      
000310fd  InitSamplingTimer             
00030d85  IntEnable                     
00032011  IntMasterEnable               
00031515  IntPendClear                  
0002ea79  LCD_SSD2119Init               
00032091  LED_backlight_ON              
000308c9  LowpassFilter                 
00031cc9  OnButtonPress                 
00031c79  RectangularButtonMsgProc      
00032125  ResetISR                      
UNDEFED   SHT$$INIT_ARRAY$$Base         
UNDEFED   SHT$$INIT_ARRAY$$Limit        
00032109  SSIBusy                       
0003184b  SSIConfigSetExpClk            
00031fbd  SSIDataGetNonBlocking         
000320e3  SSIDataPut                    
000320ed  SSIEnable                     
0002fa75  SysCtlClockGet                
0002fe81  SysCtlClockSet                
0003212b  SysCtlDelay                   
00031a15  SysCtlPeripheralEnable        
00031939  SysCtlPeripheralPresent       
000312fd  SysCtlPeripheralReset         
00031a49  Timer0AIntHandler             
00031e1d  Timer1AIntHandler             
00031a7d  Timer2AIntHandler             
00030fe5  TimerConfigure                
00031205  TimerControlTrigger           
00031ebd  TimerDisable                  
00032069  TimerEnable                   
00032143  TimerIntClear                 
00032111  TimerIntEnable                
00031fcf  TimerLoadSet                  
0003209d  TouchScreenCallbackSet        
0002f955  TouchScreenInit               
0002f82d  TouchScreenIntHandler         
000320f7  UARTCharPut                   
00032131  UARTClockSourceSet            
00031631  UARTConfigSetExpClk           
00031da1  UARTDisable                   
00031f5d  UARTEnable                    
000316bd  UARTStdioConfig               
00031e71  UARTprintf                    
0002e88d  UARTvprintf                   
00031971  UARTwrite                     
00031ced  WidgetAdd                     
00032147  WidgetDefaultMsgProc          
00030069  WidgetMessageQueueAdd         
00030ebd  WidgetMessageQueueProcess     
0003062d  WidgetMessageSendPostOrder    
00031045  WidgetMessageSendPreOrder     
00031f71  WidgetMutexGet                
00032137  WidgetMutexPut                
00031e39  WidgetPointerMessage          
20003290  _Errno                        
20003288  _Fenv                         
00031b19  _Feraise                      
2000328c  _Tls_setup__Fenv              
20004f40  __STACK_END                   
00000200  __STACK_SIZE                  
20004f40  __STACK_TOP                   
00032278  __TI_CINIT_Base               
00032288  __TI_CINIT_Limit              
00032260  __TI_Handler_Table_Base       
0003226c  __TI_Handler_Table_Limit      
00030bdd  __TI_auto_init                
20003280  __TI_cleanup_ptr              
00032077  __TI_decompress_none          
0003213d  __TI_decompress_rle24         
20003284  __TI_dtors_ptr                
00000000  __TI_static_base__            
000320a9  __TI_zero_init                
00031483  __aeabi_d2f                   
0002f48d  __aeabi_ddiv                  
0002fd85  __aeabi_dmul                  
000319a9  __aeabi_f2d                   
00030b63  __aeabi_memclr                
00030b63  __aeabi_memclr4               
00030b63  __aeabi_memclr8               
0003082d  __aeabi_memcpy                
0003082d  __aeabi_memcpy4               
0003082d  __aeabi_memcpy8               
00030b65  __aeabi_memset                
00030b65  __aeabi_memset4               
00030b65  __aeabi_memset8               
00031789  __aeabi_uidiv                 
00031789  __aeabi_uidivmod              
ffffffff  __binit__                     
ffffffff  __c_args__                    
20004d40  __stack                       
00031ed5  _args_main                    
0003134d  _c_int00                      
20003278  _lock                         
00031f93  _nop                          
00031f8b  _register_lock                
00031f85  _register_unlock              
0003214b  _system_pre_init              
2000327c  _unlock                       
00031749  abort                         
200031c0  adcNode                       
00024eac  armBitRevIndexTable1024       
0002c230  armBitRevIndexTable128        
0002d072  armBitRevIndexTable16         
0001e16c  armBitRevIndexTable2048       
0002b330  armBitRevIndexTable256        
0002ce8c  armBitRevIndexTable32         
0001a26c  armBitRevIndexTable4096       
0002afb0  armBitRevIndexTable512        
0002ccd0  armBitRevIndexTable64         
00028f38  armBitRevIndexTable_fixed_1024
0002c7d0  armBitRevIndexTable_fixed_128 
0002d0e0  armBitRevIndexTable_fixed_16  
00023f2c  armBitRevIndexTable_fixed_2048
0002bea0  armBitRevIndexTable_fixed_256 
0002cfe4  armBitRevIndexTable_fixed_32  
0001c1ec  armBitRevIndexTable_fixed_4096
0002abf0  armBitRevIndexTable_fixed_512 
0002cd40  armBitRevIndexTable_fixed_64  
00030519  arm_bitreversal_16            
000304af  arm_bitreversal_32            
00030315  arm_cfft_f32                  
0002edc5  arm_cfft_radix8by2_f32        
0002d841  arm_cfft_radix8by4_f32        
0002c0e0  arm_cfft_sR_f32_len1024       
0002c0b0  arm_cfft_sR_f32_len128        
0002c080  arm_cfft_sR_f32_len16         
0002c0f0  arm_cfft_sR_f32_len2048       
0002c0c0  arm_cfft_sR_f32_len256        
0002c090  arm_cfft_sR_f32_len32         
0002c100  arm_cfft_sR_f32_len4096       
0002c0d0  arm_cfft_sR_f32_len512        
0002c0a0  arm_cfft_sR_f32_len64         
0002c200  arm_cfft_sR_q15_len1024       
0002c1d0  arm_cfft_sR_q15_len128        
0002c1a0  arm_cfft_sR_q15_len16         
0002c210  arm_cfft_sR_q15_len2048       
0002c1e0  arm_cfft_sR_q15_len256        
0002c1b0  arm_cfft_sR_q15_len32         
0002c220  arm_cfft_sR_q15_len4096       
0002c1f0  arm_cfft_sR_q15_len512        
0002c1c0  arm_cfft_sR_q15_len64         
0002c170  arm_cfft_sR_q31_len1024       
0002c140  arm_cfft_sR_q31_len128        
0002c110  arm_cfft_sR_q31_len16         
0002c180  arm_cfft_sR_q31_len2048       
0002c150  arm_cfft_sR_q31_len256        
0002c120  arm_cfft_sR_q31_len32         
0002c190  arm_cfft_sR_q31_len4096       
0002c160  arm_cfft_sR_q31_len512        
0002c130  arm_cfft_sR_q31_len64         
0002f355  arm_cmplx_mag_f32             
0002e00d  arm_fir_f32                   
00031ddf  arm_fir_init_f32              
000306e1  arm_max_f32                   
00030ded  arm_mean_f32                  
0002d12d  arm_radix8_butterfly_f32      
ffffffff  binit                         
00031ab1  cfir                          
0002f82b  choiceTypeProcessing          
000313ed  copy_in                       
20003252  countFullData                 
20003254  countTimerISRLoopSample       
2000324c  currentAdcBuffer              
2000326c  doBitReverse                  
00031751  exit                          
00031ae5  feraiseexcept                 
20003220  fftNode                       
0002a2f8  firCoeffs32                   
20003250  flagTransBuffDone             
2000321d  g_GreenLedOn                  
20000000  g_fFFTResult                  
20003298  g_fFIRResult                  
0002cfac  g_lTouchParameters            
00000000  g_pfnVectors                  
20004928  g_plParmSet                   
0002d10c  g_psDefaultCodePointMapTable  
20003100  g_sBackground                 
0002c8b0  g_sFontCm20                   
0002c978  g_sFontCmss22b                
20003180  g_sHeading                    
20003140  g_sHeading2                   
0002d09c  g_sLCD_SSD2119                
200030b0  g_sPushBtn                    
200031f0  g_sRoot                       
2000329c  g_sTouchMin                   
20004938  g_sTouchX                     
2000493a  g_sTouchY                     
20003270  g_uiDSPPerSec                 
20001000  g_ulADCValues                 
20003268  ifftFlag                      
0002f0c1  main                          
20003294  main_func_sp                  
0003082d  memcpy                        
00030b6b  memset                        
20002000  output3                       
20004934  pui16Data                     
00031b77  raise                         
0003139d  setAgainSampling              
000317cd  signal                        
00031d11  sqrtf                         
0001826c  twiddleCoef_1024              
00025cbc  twiddleCoef_1024_q15          
0001ff2c  twiddleCoef_1024_q31          
0002a7f0  twiddleCoef_128               
0002c3d0  twiddleCoef_128_q15           
0002b6a0  twiddleCoef_128_q31           
0002cc50  twiddleCoef_16                
0002d014  twiddleCoef_16_q15            
0002ceec  twiddleCoef_16_q31            
0000e26c  twiddleCoef_2048              
0002172c  twiddleCoef_2048_q15          
0001226c  twiddleCoef_2048_q31          
00028738  twiddleCoef_256               
0002b9a0  twiddleCoef_256_q15           
000296f8  twiddleCoef_256_q31           
0002c6d0  twiddleCoef_32                
0002cf4c  twiddleCoef_32_q15            
0002ca40  twiddleCoef_32_q31            
0000026c  twiddleCoef_4096              
0001526c  twiddleCoef_4096_q15          
0000826c  twiddleCoef_4096_q31          
00022f2c  twiddleCoef_512               
00029cf8  twiddleCoef_512_q15           
000268bc  twiddleCoef_512_q31           
0002bca0  twiddleCoef_64                
0002cb00  twiddleCoef_64_q15            
0002c550  twiddleCoef_64_q31            
0003155d  uDMAChannelAttributeDisable   
00031d35  uDMAChannelControlSet         
00031eed  uDMAChannelEnable             
00031f05  uDMAChannelIsEnabled          
00031d59  uDMAChannelSizeGet            
00030a65  uDMAChannelTransferSet        
000320b5  uDMAControlBaseSet            
00032021  uDMAEnable                    
00031e55  uDMAErrorHandler              
000320c1  uDMAErrorStatusClear          
000320cd  uDMAErrorStatusGet            
20003258  uIdx                          
20004a00  ucControlTable                
00031dfd  wrap_                         


GLOBAL SYMBOLS: SORTED BY Symbol Address 

address   name                          
-------   ----                          
00000000  __TI_static_base__            
00000000  g_pfnVectors                  
00000200  __STACK_SIZE                  
0000026c  twiddleCoef_4096              
0000826c  twiddleCoef_4096_q31          
0000e26c  twiddleCoef_2048              
0001226c  twiddleCoef_2048_q31          
0001526c  twiddleCoef_4096_q15          
0001826c  twiddleCoef_1024              
0001a26c  armBitRevIndexTable4096       
0001c1ec  armBitRevIndexTable_fixed_4096
0001e16c  armBitRevIndexTable2048       
0001ff2c  twiddleCoef_1024_q31          
0002172c  twiddleCoef_2048_q15          
00022f2c  twiddleCoef_512               
00023f2c  armBitRevIndexTable_fixed_2048
00024eac  armBitRevIndexTable1024       
00025cbc  twiddleCoef_1024_q15          
000268bc  twiddleCoef_512_q31           
00028738  twiddleCoef_256               
00028f38  armBitRevIndexTable_fixed_1024
000296f8  twiddleCoef_256_q31           
00029cf8  twiddleCoef_512_q15           
0002a2f8  firCoeffs32                   
0002a7f0  twiddleCoef_128               
0002abf0  armBitRevIndexTable_fixed_512 
0002afb0  armBitRevIndexTable512        
0002b330  armBitRevIndexTable256        
0002b6a0  twiddleCoef_128_q31           
0002b9a0  twiddleCoef_256_q15           
0002bca0  twiddleCoef_64                
0002bea0  armBitRevIndexTable_fixed_256 
0002c080  arm_cfft_sR_f32_len16         
0002c090  arm_cfft_sR_f32_len32         
0002c0a0  arm_cfft_sR_f32_len64         
0002c0b0  arm_cfft_sR_f32_len128        
0002c0c0  arm_cfft_sR_f32_len256        
0002c0d0  arm_cfft_sR_f32_len512        
0002c0e0  arm_cfft_sR_f32_len1024       
0002c0f0  arm_cfft_sR_f32_len2048       
0002c100  arm_cfft_sR_f32_len4096       
0002c110  arm_cfft_sR_q31_len16         
0002c120  arm_cfft_sR_q31_len32         
0002c130  arm_cfft_sR_q31_len64         
0002c140  arm_cfft_sR_q31_len128        
0002c150  arm_cfft_sR_q31_len256        
0002c160  arm_cfft_sR_q31_len512        
0002c170  arm_cfft_sR_q31_len1024       
0002c180  arm_cfft_sR_q31_len2048       
0002c190  arm_cfft_sR_q31_len4096       
0002c1a0  arm_cfft_sR_q15_len16         
0002c1b0  arm_cfft_sR_q15_len32         
0002c1c0  arm_cfft_sR_q15_len64         
0002c1d0  arm_cfft_sR_q15_len128        
0002c1e0  arm_cfft_sR_q15_len256        
0002c1f0  arm_cfft_sR_q15_len512        
0002c200  arm_cfft_sR_q15_len1024       
0002c210  arm_cfft_sR_q15_len2048       
0002c220  arm_cfft_sR_q15_len4096       
0002c230  armBitRevIndexTable128        
0002c3d0  twiddleCoef_128_q15           
0002c550  twiddleCoef_64_q31            
0002c6d0  twiddleCoef_32                
0002c7d0  armBitRevIndexTable_fixed_128 
0002c8b0  g_sFontCm20                   
0002c978  g_sFontCmss22b                
0002ca40  twiddleCoef_32_q31            
0002cb00  twiddleCoef_64_q15            
0002cc50  twiddleCoef_16                
0002ccd0  armBitRevIndexTable64         
0002cd40  armBitRevIndexTable_fixed_64  
0002ce8c  armBitRevIndexTable32         
0002ceec  twiddleCoef_16_q31            
0002cf4c  twiddleCoef_32_q15            
0002cfac  g_lTouchParameters            
0002cfe4  armBitRevIndexTable_fixed_32  
0002d014  twiddleCoef_16_q15            
0002d072  armBitRevIndexTable16         
0002d09c  g_sLCD_SSD2119                
0002d0e0  armBitRevIndexTable_fixed_16  
0002d10c  g_psDefaultCodePointMapTable  
0002d12d  arm_radix8_butterfly_f32      
0002d841  arm_cfft_radix8by4_f32        
0002e00d  arm_fir_f32                   
0002e635  GrFontGlyphRender             
0002e88d  UARTvprintf                   
0002ea79  LCD_SSD2119Init               
0002edc5  arm_cfft_radix8by2_f32        
0002f0c1  main                          
0002f355  arm_cmplx_mag_f32             
0002f48d  __aeabi_ddiv                  
0002f6f9  GPIOPadConfigSet              
0002f82b  choiceTypeProcessing          
0002f82d  TouchScreenIntHandler         
0002f955  TouchScreenInit               
0002fa75  SysCtlClockGet                
0002fc89  DisplayData                   
0002fd85  __aeabi_dmul                  
0002fe81  SysCtlClockSet                
00030069  WidgetMessageQueueAdd         
00030151  ADC3IntHandler                
00030315  arm_cfft_f32                  
000303eb  GrDefaultStringRenderer       
000304af  arm_bitreversal_32            
00030519  arm_bitreversal_16            
00030571  InitADC3Transfer              
0003062d  WidgetMessageSendPostOrder    
000306e1  arm_max_f32                   
00030791  FFTprocessing1                
0003082d  __aeabi_memcpy                
0003082d  __aeabi_memcpy4               
0003082d  __aeabi_memcpy8               
0003082d  memcpy                        
000308c9  LowpassFilter                 
00030955  HighPassFilter                
000309dd  GrRectFill                    
00030a65  uDMAChannelTransferSet        
00030ae9  ADCSequenceStepConfigure      
00030b63  __aeabi_memclr                
00030b63  __aeabi_memclr4               
00030b63  __aeabi_memclr8               
00030b65  __aeabi_memset                
00030b65  __aeabi_memset4               
00030b65  __aeabi_memset8               
00030b6b  memset                        
00030bdd  __TI_auto_init                
00030c49  GrStringWidthGet              
00030d1d  GrContextInit                 
00030d85  IntEnable                     
00030ded  arm_mean_f32                  
00030e55  GrRectDraw                    
00030ebd  WidgetMessageQueueProcess     
00030f21  GrContextClipRegionSet        
00030f85  FIRprocessing                 
00030fe5  TimerConfigure                
00031045  WidgetMessageSendPreOrder     
000310fd  InitSamplingTimer             
00031205  TimerControlTrigger           
000312ad  InitConsole                   
000312fd  SysCtlPeripheralReset         
0003134d  _c_int00                      
0003139d  setAgainSampling              
000313ed  copy_in                       
00031483  __aeabi_d2f                   
000314cd  GPIOPinConfigure              
00031515  IntPendClear                  
0003155d  uDMAChannelAttributeDisable   
000315a5  GrLineDrawH                   
000315eb  GrLineDrawV                   
00031631  UARTConfigSetExpClk           
00031679  InitDebugTimer                
000316bd  UARTStdioConfig               
00031745  C$$EXIT                       
00031749  abort                         
00031751  exit                          
00031789  __aeabi_uidiv                 
00031789  __aeabi_uidivmod              
000317cd  signal                        
0003180d  ADCSequenceConfigure          
0003184b  SSIConfigSetExpClk            
00031939  SysCtlPeripheralPresent       
00031971  UARTwrite                     
000319a9  __aeabi_f2d                   
000319e1  InitDSP1                      
00031a15  SysCtlPeripheralEnable        
00031a49  Timer0AIntHandler             
00031a7d  Timer2AIntHandler             
00031ab1  cfir                          
00031ae5  feraiseexcept                 
00031b19  _Feraise                      
00031b49  GrStringNextCharGet           
00031b77  raise                         
00031ba5  GrFontBaselineGet             
00031bd1  GrFontHeightGet               
00031bfd  GPIODirModeSet                
00031c51  InitGPIO                      
00031c79  RectangularButtonMsgProc      
00031ca1  GrFontInfoGet                 
00031cc9  OnButtonPress                 
00031ced  WidgetAdd                     
00031d11  sqrtf                         
00031d35  uDMAChannelControlSet         
00031d59  uDMAChannelSizeGet            
00031d7d  GrFontGlyphDataGet            
00031da1  UARTDisable                   
00031dc1  GrFontCodepageGet             
00031ddf  arm_fir_init_f32              
00031dfd  wrap_                         
00031e1d  Timer1AIntHandler             
00031e39  WidgetPointerMessage          
00031e55  uDMAErrorHandler              
00031e71  UARTprintf                    
00031e8b  ADCProcessorTrigger           
00031ea3  GPIOPinTypeGPIOOutput         
00031ebd  TimerDisable                  
00031ed5  _args_main                    
00031eed  uDMAChannelEnable             
00031f05  uDMAChannelIsEnabled          
00031f1d  GrStringDraw                  
00031f49  CanvasMsgProc                 
00031f5d  UARTEnable                    
00031f71  WidgetMutexGet                
00031f85  _register_unlock              
00031f8b  _register_lock                
00031f93  _nop                          
00031f99  GPIOPinTypeSSI                
00031fab  GPIOPinTypeUART               
00031fbd  SSIDataGetNonBlocking         
00031fcf  TimerLoadSet                  
00031fe1  ADCIntEnable                  
00031ff1  FPUEnable                     
00032001  FPULazyStackingEnable         
00032011  IntMasterEnable               
00032021  uDMAEnable                    
00032031  ADCHardwareOversampleConfigure
0003203f  ADCIntDisable                 
0003204d  ADCSequenceEnable             
0003205b  GrImageDraw                   
00032069  TimerEnable                   
00032077  __TI_decompress_none          
00032085  CPUcpsie                      
00032091  LED_backlight_ON              
0003209d  TouchScreenCallbackSet        
000320a9  __TI_zero_init                
000320b5  uDMAControlBaseSet            
000320c1  uDMAErrorStatusClear          
000320cd  uDMAErrorStatusGet            
000320d9  ADCIntClear                   
000320e3  SSIDataPut                    
000320ed  SSIEnable                     
000320f7  UARTCharPut                   
00032101  GrMapISO8859_1_Unicode        
00032109  SSIBusy                       
00032111  TimerIntEnable                
00032119  GPIOPinWrite                  
0003211f  GrContextFontSet              
00032125  ResetISR                      
0003212b  SysCtlDelay                   
00032131  UARTClockSourceSet            
00032137  WidgetMutexPut                
0003213d  __TI_decompress_rle24         
00032143  TimerIntClear                 
00032147  WidgetDefaultMsgProc          
0003214b  _system_pre_init              
00032260  __TI_Handler_Table_Base       
0003226c  __TI_Handler_Table_Limit      
00032278  __TI_CINIT_Base               
00032288  __TI_CINIT_Limit              
20000000  g_fFFTResult                  
20001000  g_ulADCValues                 
20002000  output3                       
200030b0  g_sPushBtn                    
20003100  g_sBackground                 
20003140  g_sHeading2                   
20003180  g_sHeading                    
200031c0  adcNode                       
200031f0  g_sRoot                       
2000321d  g_GreenLedOn                  
20003220  fftNode                       
2000324c  currentAdcBuffer              
20003250  flagTransBuffDone             
20003252  countFullData                 
20003254  countTimerISRLoopSample       
20003258  uIdx                          
20003268  ifftFlag                      
2000326c  doBitReverse                  
20003270  g_uiDSPPerSec                 
20003278  _lock                         
2000327c  _unlock                       
20003280  __TI_cleanup_ptr              
20003284  __TI_dtors_ptr                
20003288  _Fenv                         
2000328c  _Tls_setup__Fenv              
20003290  _Errno                        
20003294  main_func_sp                  
20003298  g_fFIRResult                  
2000329c  g_sTouchMin                   
20004928  g_plParmSet                   
20004934  pui16Data                     
20004938  g_sTouchX                     
2000493a  g_sTouchY                     
20004a00  ucControlTable                
20004d40  __stack                       
20004f40  __STACK_END                   
20004f40  __STACK_TOP                   
ffffffff  __binit__                     
ffffffff  __c_args__                    
ffffffff  binit                         
UNDEFED   SHT$$INIT_ARRAY$$Base         
UNDEFED   SHT$$INIT_ARRAY$$Limit        

[290 symbols]
