<?xml version="1.0"?>
<link_info>
   <banner>TI ARM Linker PC v5.2.2</banner>
   <copyright>Copyright (c) 1996-2015 Texas Instruments Incorporated</copyright>
   <link_time>0x56eb7f4c</link_time>
   <link_errors>0x0</link_errors>
   <output_file>HB100_FP_A.out</output_file>
   <entry_point>
      <name>_c_int00</name>
      <address>0x195d9</address>
   </entry_point>
   <input_file_list>
      <input_file id="fl-2">
         <path>.\</path>
         <kind>object</kind>
         <file>FFT_signal.obj</file>
         <name>FFT_signal.obj</name>
      </input_file>
      <input_file id="fl-3">
         <path>.\</path>
         <kind>object</kind>
         <file>buffer.obj</file>
         <name>buffer.obj</name>
      </input_file>
      <input_file id="fl-4">
         <path>.\</path>
         <kind>object</kind>
         <file>filter_data.obj</file>
         <name>filter_data.obj</name>
      </input_file>
      <input_file id="fl-5">
         <path>.\</path>
         <kind>object</kind>
         <file>gui.obj</file>
         <name>gui.obj</name>
      </input_file>
      <input_file id="fl-6">
         <path>.\</path>
         <kind>object</kind>
         <file>images.obj</file>
         <name>images.obj</name>
      </input_file>
      <input_file id="fl-7">
         <path>.\</path>
         <kind>object</kind>
         <file>lcd_ssd2119_8bit.obj</file>
         <name>lcd_ssd2119_8bit.obj</name>
      </input_file>
      <input_file id="fl-8">
         <path>.\</path>
         <kind>object</kind>
         <file>main.obj</file>
         <name>main.obj</name>
      </input_file>
      <input_file id="fl-9">
         <path>.\</path>
         <kind>object</kind>
         <file>math_helper.obj</file>
         <name>math_helper.obj</name>
      </input_file>
      <input_file id="fl-a">
         <path>.\</path>
         <kind>object</kind>
         <file>samping.obj</file>
         <name>samping.obj</name>
      </input_file>
      <input_file id="fl-b">
         <path>.\</path>
         <kind>object</kind>
         <file>signal_dsp.obj</file>
         <name>signal_dsp.obj</name>
      </input_file>
      <input_file id="fl-c">
         <path>.\</path>
         <kind>object</kind>
         <file>ti_hamming_window_vector.obj</file>
         <name>ti_hamming_window_vector.obj</name>
      </input_file>
      <input_file id="fl-d">
         <path>.\</path>
         <kind>object</kind>
         <file>tm4c123gh6pm_startup_ccs.obj</file>
         <name>tm4c123gh6pm_startup_ccs.obj</name>
      </input_file>
      <input_file id="fl-e">
         <path>.\</path>
         <kind>object</kind>
         <file>touch.obj</file>
         <name>touch.obj</name>
      </input_file>
      <input_file id="fl-16">
         <path>C:\ti\TivaWare_C_Series-2.1.1.71\driverlib\ccs\Debug\</path>
         <kind>archive</kind>
         <file>driverlib.lib</file>
         <name>adc.obj</name>
      </input_file>
      <input_file id="fl-17">
         <path>C:\ti\TivaWare_C_Series-2.1.1.71\driverlib\ccs\Debug\</path>
         <kind>archive</kind>
         <file>driverlib.lib</file>
         <name>fpu.obj</name>
      </input_file>
      <input_file id="fl-18">
         <path>C:\ti\TivaWare_C_Series-2.1.1.71\driverlib\ccs\Debug\</path>
         <kind>archive</kind>
         <file>driverlib.lib</file>
         <name>gpio.obj</name>
      </input_file>
      <input_file id="fl-19">
         <path>C:\ti\TivaWare_C_Series-2.1.1.71\driverlib\ccs\Debug\</path>
         <kind>archive</kind>
         <file>driverlib.lib</file>
         <name>interrupt.obj</name>
      </input_file>
      <input_file id="fl-1a">
         <path>C:\ti\TivaWare_C_Series-2.1.1.71\driverlib\ccs\Debug\</path>
         <kind>archive</kind>
         <file>driverlib.lib</file>
         <name>ssi.obj</name>
      </input_file>
      <input_file id="fl-1b">
         <path>C:\ti\TivaWare_C_Series-2.1.1.71\driverlib\ccs\Debug\</path>
         <kind>archive</kind>
         <file>driverlib.lib</file>
         <name>sysctl.obj</name>
      </input_file>
      <input_file id="fl-1c">
         <path>C:\ti\TivaWare_C_Series-2.1.1.71\driverlib\ccs\Debug\</path>
         <kind>archive</kind>
         <file>driverlib.lib</file>
         <name>timer.obj</name>
      </input_file>
      <input_file id="fl-1d">
         <path>C:\ti\TivaWare_C_Series-2.1.1.71\driverlib\ccs\Debug\</path>
         <kind>archive</kind>
         <file>driverlib.lib</file>
         <name>uart.obj</name>
      </input_file>
      <input_file id="fl-1e">
         <path>C:\ti\TivaWare_C_Series-2.1.1.71\driverlib\ccs\Debug\</path>
         <kind>archive</kind>
         <file>driverlib.lib</file>
         <name>udma.obj</name>
      </input_file>
      <input_file id="fl-1f">
         <path>C:\ti\TivaWare_C_Series-2.1.1.71\driverlib\ccs\Debug\</path>
         <kind>archive</kind>
         <file>driverlib.lib</file>
         <name>cpu.obj</name>
      </input_file>
      <input_file id="fl-20">
         <path>C:\ti\TivaWare_C_Series-2.1.1.71\grlib\ccs\Debug\</path>
         <kind>archive</kind>
         <file>grlib.lib</file>
         <name>canvas.obj</name>
      </input_file>
      <input_file id="fl-21">
         <path>C:\ti\TivaWare_C_Series-2.1.1.71\grlib\ccs\Debug\</path>
         <kind>archive</kind>
         <file>grlib.lib</file>
         <name>context.obj</name>
      </input_file>
      <input_file id="fl-22">
         <path>C:\ti\TivaWare_C_Series-2.1.1.71\grlib\ccs\Debug\</path>
         <kind>archive</kind>
         <file>grlib.lib</file>
         <name>image.obj</name>
      </input_file>
      <input_file id="fl-23">
         <path>C:\ti\TivaWare_C_Series-2.1.1.71\grlib\ccs\Debug\</path>
         <kind>archive</kind>
         <file>grlib.lib</file>
         <name>pushbutton.obj</name>
      </input_file>
      <input_file id="fl-24">
         <path>C:\ti\TivaWare_C_Series-2.1.1.71\grlib\ccs\Debug\</path>
         <kind>archive</kind>
         <file>grlib.lib</file>
         <name>rectangle.obj</name>
      </input_file>
      <input_file id="fl-25">
         <path>C:\ti\TivaWare_C_Series-2.1.1.71\grlib\ccs\Debug\</path>
         <kind>archive</kind>
         <file>grlib.lib</file>
         <name>string.obj</name>
      </input_file>
      <input_file id="fl-26">
         <path>C:\ti\TivaWare_C_Series-2.1.1.71\grlib\ccs\Debug\</path>
         <kind>archive</kind>
         <file>grlib.lib</file>
         <name>widget.obj</name>
      </input_file>
      <input_file id="fl-27">
         <path>C:\ti\TivaWare_C_Series-2.1.1.71\grlib\ccs\Debug\</path>
         <kind>archive</kind>
         <file>grlib.lib</file>
         <name>fontcm20.obj</name>
      </input_file>
      <input_file id="fl-28">
         <path>C:\ti\TivaWare_C_Series-2.1.1.71\grlib\ccs\Debug\</path>
         <kind>archive</kind>
         <file>grlib.lib</file>
         <name>fontcmss22b.obj</name>
      </input_file>
      <input_file id="fl-29">
         <path>C:\ti\TivaWare_C_Series-2.1.1.71\grlib\ccs\Debug\</path>
         <kind>archive</kind>
         <file>grlib.lib</file>
         <name>charmap.obj</name>
      </input_file>
      <input_file id="fl-2a">
         <path>C:\ti\TivaWare_C_Series-2.1.1.71\grlib\ccs\Debug\</path>
         <kind>archive</kind>
         <file>grlib.lib</file>
         <name>circle.obj</name>
      </input_file>
      <input_file id="fl-2b">
         <path>C:\ti\TivaWare_C_Series-2.1.1.71\grlib\ccs\Debug\</path>
         <kind>archive</kind>
         <file>grlib.lib</file>
         <name>line.obj</name>
      </input_file>
      <input_file id="fl-14d">
         <path>C:\ti\ccsv6\tools\compiler\ti-cgt-arm_5.2.2\lib\</path>
         <kind>archive</kind>
         <file>rtsv7M4_T_le_v4SPD16_eabi.lib</file>
         <name>boot.obj</name>
      </input_file>
      <input_file id="fl-14e">
         <path>C:\ti\ccsv6\tools\compiler\ti-cgt-arm_5.2.2\lib\</path>
         <kind>archive</kind>
         <file>rtsv7M4_T_le_v4SPD16_eabi.lib</file>
         <name>copy_decompress_none.obj</name>
      </input_file>
      <input_file id="fl-14f">
         <path>C:\ti\ccsv6\tools\compiler\ti-cgt-arm_5.2.2\lib\</path>
         <kind>archive</kind>
         <file>rtsv7M4_T_le_v4SPD16_eabi.lib</file>
         <name>copy_decompress_rle.obj</name>
      </input_file>
      <input_file id="fl-150">
         <path>C:\ti\ccsv6\tools\compiler\ti-cgt-arm_5.2.2\lib\</path>
         <kind>archive</kind>
         <file>rtsv7M4_T_le_v4SPD16_eabi.lib</file>
         <name>copy_zero_init.obj</name>
      </input_file>
      <input_file id="fl-151">
         <path>C:\ti\ccsv6\tools\compiler\ti-cgt-arm_5.2.2\lib\</path>
         <kind>archive</kind>
         <file>rtsv7M4_T_le_v4SPD16_eabi.lib</file>
         <name>exit.obj</name>
      </input_file>
      <input_file id="fl-152">
         <path>C:\ti\ccsv6\tools\compiler\ti-cgt-arm_5.2.2\lib\</path>
         <kind>archive</kind>
         <file>rtsv7M4_T_le_v4SPD16_eabi.lib</file>
         <name>fd_add_t2.obj</name>
      </input_file>
      <input_file id="fl-153">
         <path>C:\ti\ccsv6\tools\compiler\ti-cgt-arm_5.2.2\lib\</path>
         <kind>archive</kind>
         <file>rtsv7M4_T_le_v4SPD16_eabi.lib</file>
         <name>fd_div_t2.obj</name>
      </input_file>
      <input_file id="fl-154">
         <path>C:\ti\ccsv6\tools\compiler\ti-cgt-arm_5.2.2\lib\</path>
         <kind>archive</kind>
         <file>rtsv7M4_T_le_v4SPD16_eabi.lib</file>
         <name>fd_mul_t2.obj</name>
      </input_file>
      <input_file id="fl-155">
         <path>C:\ti\ccsv6\tools\compiler\ti-cgt-arm_5.2.2\lib\</path>
         <kind>archive</kind>
         <file>rtsv7M4_T_le_v4SPD16_eabi.lib</file>
         <name>fd_toi_t2.obj</name>
      </input_file>
      <input_file id="fl-156">
         <path>C:\ti\ccsv6\tools\compiler\ti-cgt-arm_5.2.2\lib\</path>
         <kind>archive</kind>
         <file>rtsv7M4_T_le_v4SPD16_eabi.lib</file>
         <name>fd_tos_t2.obj</name>
      </input_file>
      <input_file id="fl-157">
         <path>C:\ti\ccsv6\tools\compiler\ti-cgt-arm_5.2.2\lib\</path>
         <kind>archive</kind>
         <file>rtsv7M4_T_le_v4SPD16_eabi.lib</file>
         <name>fs_tod_t2.obj</name>
      </input_file>
      <input_file id="fl-158">
         <path>C:\ti\ccsv6\tools\compiler\ti-cgt-arm_5.2.2\lib\</path>
         <kind>archive</kind>
         <file>rtsv7M4_T_le_v4SPD16_eabi.lib</file>
         <name>i_tofd_t2.obj</name>
      </input_file>
      <input_file id="fl-159">
         <path>C:\ti\ccsv6\tools\compiler\ti-cgt-arm_5.2.2\lib\</path>
         <kind>archive</kind>
         <file>rtsv7M4_T_le_v4SPD16_eabi.lib</file>
         <name>log10.obj</name>
      </input_file>
      <input_file id="fl-15a">
         <path>C:\ti\ccsv6\tools\compiler\ti-cgt-arm_5.2.2\lib\</path>
         <kind>archive</kind>
         <file>rtsv7M4_T_le_v4SPD16_eabi.lib</file>
         <name>memcpy_t2.obj</name>
      </input_file>
      <input_file id="fl-15b">
         <path>C:\ti\ccsv6\tools\compiler\ti-cgt-arm_5.2.2\lib\</path>
         <kind>archive</kind>
         <file>rtsv7M4_T_le_v4SPD16_eabi.lib</file>
         <name>memset_t2.obj</name>
      </input_file>
      <input_file id="fl-15c">
         <path>C:\ti\ccsv6\tools\compiler\ti-cgt-arm_5.2.2\lib\</path>
         <kind>archive</kind>
         <file>rtsv7M4_T_le_v4SPD16_eabi.lib</file>
         <name>pre_init.obj</name>
      </input_file>
      <input_file id="fl-15d">
         <path>C:\ti\ccsv6\tools\compiler\ti-cgt-arm_5.2.2\lib\</path>
         <kind>archive</kind>
         <file>rtsv7M4_T_le_v4SPD16_eabi.lib</file>
         <name>stkdepth_vars.obj</name>
      </input_file>
      <input_file id="fl-15e">
         <path>C:\ti\ccsv6\tools\compiler\ti-cgt-arm_5.2.2\lib\</path>
         <kind>archive</kind>
         <file>rtsv7M4_T_le_v4SPD16_eabi.lib</file>
         <name>u_divt2.obj</name>
      </input_file>
      <input_file id="fl-15f">
         <path>C:\ti\ccsv6\tools\compiler\ti-cgt-arm_5.2.2\lib\</path>
         <kind>archive</kind>
         <file>rtsv7M4_T_le_v4SPD16_eabi.lib</file>
         <name>vsprintf.obj</name>
      </input_file>
      <input_file id="fl-160">
         <path>C:\ti\ccsv6\tools\compiler\ti-cgt-arm_5.2.2\lib\</path>
         <kind>archive</kind>
         <file>rtsv7M4_T_le_v4SPD16_eabi.lib</file>
         <name>xlog.obj</name>
      </input_file>
      <input_file id="fl-161">
         <path>C:\ti\ccsv6\tools\compiler\ti-cgt-arm_5.2.2\lib\</path>
         <kind>archive</kind>
         <file>rtsv7M4_T_le_v4SPD16_eabi.lib</file>
         <name>xvalues.obj</name>
      </input_file>
      <input_file id="fl-162">
         <path>C:\ti\ccsv6\tools\compiler\ti-cgt-arm_5.2.2\lib\</path>
         <kind>archive</kind>
         <file>rtsv7M4_T_le_v4SPD16_eabi.lib</file>
         <name>_lock.obj</name>
      </input_file>
      <input_file id="fl-163">
         <path>C:\ti\ccsv6\tools\compiler\ti-cgt-arm_5.2.2\lib\</path>
         <kind>archive</kind>
         <file>rtsv7M4_T_le_v4SPD16_eabi.lib</file>
         <name>_printfi.obj</name>
      </input_file>
      <input_file id="fl-164">
         <path>C:\ti\ccsv6\tools\compiler\ti-cgt-arm_5.2.2\lib\</path>
         <kind>archive</kind>
         <file>rtsv7M4_T_le_v4SPD16_eabi.lib</file>
         <name>args_main.obj</name>
      </input_file>
      <input_file id="fl-165">
         <path>C:\ti\ccsv6\tools\compiler\ti-cgt-arm_5.2.2\lib\</path>
         <kind>archive</kind>
         <file>rtsv7M4_T_le_v4SPD16_eabi.lib</file>
         <name>atoi.obj</name>
      </input_file>
      <input_file id="fl-166">
         <path>C:\ti\ccsv6\tools\compiler\ti-cgt-arm_5.2.2\lib\</path>
         <kind>archive</kind>
         <file>rtsv7M4_T_le_v4SPD16_eabi.lib</file>
         <name>autoinit.obj</name>
      </input_file>
      <input_file id="fl-167">
         <path>C:\ti\ccsv6\tools\compiler\ti-cgt-arm_5.2.2\lib\</path>
         <kind>archive</kind>
         <file>rtsv7M4_T_le_v4SPD16_eabi.lib</file>
         <name>cpy_tbl.obj</name>
      </input_file>
      <input_file id="fl-168">
         <path>C:\ti\ccsv6\tools\compiler\ti-cgt-arm_5.2.2\lib\</path>
         <kind>archive</kind>
         <file>rtsv7M4_T_le_v4SPD16_eabi.lib</file>
         <name>ctype.obj</name>
      </input_file>
      <input_file id="fl-169">
         <path>C:\ti\ccsv6\tools\compiler\ti-cgt-arm_5.2.2\lib\</path>
         <kind>archive</kind>
         <file>rtsv7M4_T_le_v4SPD16_eabi.lib</file>
         <name>fd_cmp_t2.obj</name>
      </input_file>
      <input_file id="fl-16a">
         <path>C:\ti\ccsv6\tools\compiler\ti-cgt-arm_5.2.2\lib\</path>
         <kind>archive</kind>
         <file>rtsv7M4_T_le_v4SPD16_eabi.lib</file>
         <name>frexp.obj</name>
      </input_file>
      <input_file id="fl-16b">
         <path>C:\ti\ccsv6\tools\compiler\ti-cgt-arm_5.2.2\lib\</path>
         <kind>archive</kind>
         <file>rtsv7M4_T_le_v4SPD16_eabi.lib</file>
         <name>ldexp.obj</name>
      </input_file>
      <input_file id="fl-16c">
         <path>C:\ti\ccsv6\tools\compiler\ti-cgt-arm_5.2.2\lib\</path>
         <kind>archive</kind>
         <file>rtsv7M4_T_le_v4SPD16_eabi.lib</file>
         <name>ltoa.obj</name>
      </input_file>
      <input_file id="fl-16d">
         <path>C:\ti\ccsv6\tools\compiler\ti-cgt-arm_5.2.2\lib\</path>
         <kind>archive</kind>
         <file>rtsv7M4_T_le_v4SPD16_eabi.lib</file>
         <name>memccpy.obj</name>
      </input_file>
      <input_file id="fl-16e">
         <path>C:\ti\ccsv6\tools\compiler\ti-cgt-arm_5.2.2\lib\</path>
         <kind>archive</kind>
         <file>rtsv7M4_T_le_v4SPD16_eabi.lib</file>
         <name>strchr.obj</name>
      </input_file>
      <input_file id="fl-16f">
         <path>C:\ti\ccsv6\tools\compiler\ti-cgt-arm_5.2.2\lib\</path>
         <kind>archive</kind>
         <file>rtsv7M4_T_le_v4SPD16_eabi.lib</file>
         <name>strlen.obj</name>
      </input_file>
      <input_file id="fl-170">
         <path>C:\ti\ccsv6\tools\compiler\ti-cgt-arm_5.2.2\lib\</path>
         <kind>archive</kind>
         <file>rtsv7M4_T_le_v4SPD16_eabi.lib</file>
         <name>ull_div_t2.obj</name>
      </input_file>
      <input_file id="fl-171">
         <path>C:\ti\ccsv6\tools\compiler\ti-cgt-arm_5.2.2\lib\</path>
         <kind>archive</kind>
         <file>rtsv7M4_T_le_v4SPD16_eabi.lib</file>
         <name>xdclass.obj</name>
      </input_file>
      <input_file id="fl-172">
         <path>C:\ti\ccsv6\tools\compiler\ti-cgt-arm_5.2.2\lib\</path>
         <kind>archive</kind>
         <file>rtsv7M4_T_le_v4SPD16_eabi.lib</file>
         <name>xdscale.obj</name>
      </input_file>
      <input_file id="fl-173">
         <path>C:\ti\ccsv6\tools\compiler\ti-cgt-arm_5.2.2\lib\</path>
         <kind>archive</kind>
         <file>rtsv7M4_T_le_v4SPD16_eabi.lib</file>
         <name>xdunscal.obj</name>
      </input_file>
      <input_file id="fl-174">
         <path>C:\ti\ccsv6\tools\compiler\ti-cgt-arm_5.2.2\lib\</path>
         <kind>archive</kind>
         <file>rtsv7M4_T_le_v4SPD16_eabi.lib</file>
         <name>xferaise.obj</name>
      </input_file>
      <input_file id="fl-175">
         <path>C:\ti\ccsv6\tools\compiler\ti-cgt-arm_5.2.2\lib\</path>
         <kind>archive</kind>
         <file>rtsv7M4_T_le_v4SPD16_eabi.lib</file>
         <name>xfvalues.obj</name>
      </input_file>
      <input_file id="fl-176">
         <path>C:\ti\ccsv6\tools\compiler\ti-cgt-arm_5.2.2\lib\</path>
         <kind>archive</kind>
         <file>rtsv7M4_T_le_v4SPD16_eabi.lib</file>
         <name>errno.obj</name>
      </input_file>
      <input_file id="fl-177">
         <path>C:\ti\ccsv6\tools\compiler\ti-cgt-arm_5.2.2\lib\</path>
         <kind>archive</kind>
         <file>rtsv7M4_T_le_v4SPD16_eabi.lib</file>
         <name>feraiseexcept.obj</name>
      </input_file>
      <input_file id="fl-178">
         <path>C:\ti\ccsv6\tools\compiler\ti-cgt-arm_5.2.2\lib\</path>
         <kind>archive</kind>
         <file>rtsv7M4_T_le_v4SPD16_eabi.lib</file>
         <name>raise.obj</name>
      </input_file>
      <input_file id="fl-179">
         <path>C:\ti\ccsv6\tools\compiler\ti-cgt-arm_5.2.2\lib\</path>
         <kind>archive</kind>
         <file>rtsv7M4_T_le_v4SPD16_eabi.lib</file>
         <name>signal.obj</name>
      </input_file>
      <input_file id="fl-17a">
         <path>C:\ti\ccsv6\tools\compiler\ti-cgt-arm_5.2.2\lib\</path>
         <kind>archive</kind>
         <file>rtsv7M4_T_le_v4SPD16_eabi.lib</file>
         <name>xdnorm.obj</name>
      </input_file>
      <input_file id="fl-17b">
         <path>C:\Users\Elmeo\workspace_v6_1\dsplib-cm4f\Debug\</path>
         <kind>archive</kind>
         <file>dsplib-cm4f.lib</file>
         <name>arm_cfft_f32.obj</name>
      </input_file>
      <input_file id="fl-17c">
         <path>C:\Users\Elmeo\workspace_v6_1\dsplib-cm4f\Debug\</path>
         <kind>archive</kind>
         <file>dsplib-cm4f.lib</file>
         <name>arm_cfft_radix8_f32.obj</name>
      </input_file>
      <input_file id="fl-17d">
         <path>C:\Users\Elmeo\workspace_v6_1\dsplib-cm4f\Debug\</path>
         <kind>archive</kind>
         <file>dsplib-cm4f.lib</file>
         <name>arm_rfft_fast_f32.obj</name>
      </input_file>
      <input_file id="fl-17e">
         <path>C:\Users\Elmeo\workspace_v6_1\dsplib-cm4f\Debug\</path>
         <kind>archive</kind>
         <file>dsplib-cm4f.lib</file>
         <name>arm_rfft_fast_init_f32.obj</name>
      </input_file>
      <input_file id="fl-17f">
         <path>C:\Users\Elmeo\workspace_v6_1\dsplib-cm4f\Debug\</path>
         <kind>archive</kind>
         <file>dsplib-cm4f.lib</file>
         <name>arm_max_f32.obj</name>
      </input_file>
      <input_file id="fl-180">
         <path>C:\Users\Elmeo\workspace_v6_1\dsplib-cm4f\Debug\</path>
         <kind>archive</kind>
         <file>dsplib-cm4f.lib</file>
         <name>arm_mean_f32.obj</name>
      </input_file>
      <input_file id="fl-181">
         <path>C:\Users\Elmeo\workspace_v6_1\dsplib-cm4f\Debug\</path>
         <kind>archive</kind>
         <file>dsplib-cm4f.lib</file>
         <name>arm_fir_f32.obj</name>
      </input_file>
      <input_file id="fl-182">
         <path>C:\Users\Elmeo\workspace_v6_1\dsplib-cm4f\Debug\</path>
         <kind>archive</kind>
         <file>dsplib-cm4f.lib</file>
         <name>arm_fir_init_f32.obj</name>
      </input_file>
      <input_file id="fl-183">
         <path>C:\Users\Elmeo\workspace_v6_1\dsplib-cm4f\Debug\</path>
         <kind>archive</kind>
         <file>dsplib-cm4f.lib</file>
         <name>arm_cmplx_mag_f32.obj</name>
      </input_file>
      <input_file id="fl-184">
         <path>C:\Users\Elmeo\workspace_v6_1\dsplib-cm4f\Debug\</path>
         <kind>archive</kind>
         <file>dsplib-cm4f.lib</file>
         <name>arm_common_tables.obj</name>
      </input_file>
      <input_file id="fl-185">
         <path>C:\Users\Elmeo\workspace_v6_1\dsplib-cm4f\Debug\</path>
         <kind>archive</kind>
         <file>dsplib-cm4f.lib</file>
         <name>arm_const_structs.obj</name>
      </input_file>
      <input_file id="fl-186">
         <path>C:\Users\Elmeo\workspace_v6_1\dsplib-cm4f\Debug\</path>
         <kind>archive</kind>
         <file>dsplib-cm4f.lib</file>
         <name>arm_bitreversal2.obj</name>
      </input_file>
      <input_file id="fl-187">
         <path>C:\ti\ccsv6\tools\compiler\ti-cgt-arm_5.2.2\lib\</path>
         <kind>archive</kind>
         <file>rtsv7M4_T_le_v4SPD16_eabi.lib</file>
         <name>sqrtf.obj</name>
      </input_file>
   </input_file_list>
   <object_component_list>
      <object_component id="oc-f">
         <name>.intvecs</name>
         <load_address>0x0</load_address>
         <run_address>0x0</run_address>
         <size>0x26c</size>
         <input_file_ref idref="fl-d"/>
      </object_component>
      <object_component id="oc-5a3">
         <name>.text:arm_radix8_butterfly_f32</name>
         <load_address>0x15214</load_address>
         <run_address>0x15214</run_address>
         <size>0x714</size>
         <input_file_ref idref="fl-17c"/>
      </object_component>
      <object_component id="oc-5a9">
         <name>.text:arm_cfft_radix8by4_f32</name>
         <load_address>0x15928</load_address>
         <run_address>0x15928</run_address>
         <size>0x45a</size>
         <input_file_ref idref="fl-17b"/>
      </object_component>
      <object_component id="oc-3c">
         <name>.text:IntDefaultHandler</name>
         <load_address>0x15d82</load_address>
         <run_address>0x15d82</run_address>
         <size>0x2</size>
         <input_file_ref idref="fl-d"/>
      </object_component>
      <object_component id="oc-694">
         <name>.text:InternalImageDraw</name>
         <load_address>0x15d84</load_address>
         <run_address>0x15d84</run_address>
         <size>0x370</size>
         <input_file_ref idref="fl-22"/>
      </object_component>
      <object_component id="oc-37d">
         <name>.text:arm_fir_f32</name>
         <load_address>0x160f4</load_address>
         <run_address>0x160f4</run_address>
         <size>0x344</size>
         <input_file_ref idref="fl-181"/>
      </object_component>
      <object_component id="oc-6f2">
         <name>.text:PixelTransparentDraw</name>
         <load_address>0x16438</load_address>
         <run_address>0x16438</run_address>
         <size>0x2e4</size>
         <input_file_ref idref="fl-22"/>
      </object_component>
      <object_component id="oc-6dc">
         <name>.text:GrFontGlyphRender</name>
         <load_address>0x1671c</load_address>
         <run_address>0x1671c</run_address>
         <size>0x256</size>
         <input_file_ref idref="fl-25"/>
      </object_component>
      <object_component id="oc-55b">
         <name>.text:LCD_SSD2119Flush</name>
         <load_address>0x16972</load_address>
         <run_address>0x16972</run_address>
         <size>0x2</size>
         <input_file_ref idref="fl-7"/>
      </object_component>
      <object_component id="oc-4d2">
         <name>.text:UARTvprintf</name>
         <load_address>0x16974</load_address>
         <run_address>0x16974</run_address>
         <size>0x1ea</size>
         <input_file_ref idref="fl-a"/>
      </object_component>
      <object_component id="oc-3aa">
         <name>.text:MenuGetSpeedMode</name>
         <load_address>0x16b5e</load_address>
         <run_address>0x16b5e</run_address>
         <size>0x2</size>
         <input_file_ref idref="fl-8"/>
      </object_component>
      <object_component id="oc-31e">
         <name>.text:LCD_SSD2119Init</name>
         <load_address>0x16b60</load_address>
         <run_address>0x16b60</run_address>
         <size>0x1b8</size>
         <input_file_ref idref="fl-7"/>
      </object_component>
      <object_component id="oc-563">
         <name>.text:CanvasPaint</name>
         <load_address>0x16d18</load_address>
         <run_address>0x16d18</run_address>
         <size>0x194</size>
         <input_file_ref idref="fl-20"/>
      </object_component>
      <object_component id="oc-5af">
         <name>.text:arm_cfft_radix8by2_f32</name>
         <load_address>0x16eac</load_address>
         <run_address>0x16eac</run_address>
         <size>0x186</size>
         <input_file_ref idref="fl-17b"/>
      </object_component>
      <object_component id="oc-65e">
         <name>.text:RectangularButtonPaint</name>
         <load_address>0x17032</load_address>
         <run_address>0x17032</run_address>
         <size>0x176</size>
         <input_file_ref idref="fl-23"/>
      </object_component>
      <object_component id="oc-53d">
         <name>.text:LCD_SSD2119PixelDrawMultiple</name>
         <load_address>0x171a8</load_address>
         <run_address>0x171a8</run_address>
         <size>0x146</size>
         <input_file_ref idref="fl-7"/>
      </object_component>
      <object_component id="oc-30">
         <name>.text:NmiSR</name>
         <load_address>0x172ee</load_address>
         <run_address>0x172ee</run_address>
         <size>0x2</size>
         <input_file_ref idref="fl-d"/>
      </object_component>
      <object_component id="oc-39a">
         <name>.text:arm_cmplx_mag_f32</name>
         <load_address>0x172f0</load_address>
         <run_address>0x172f0</run_address>
         <size>0x138</size>
         <input_file_ref idref="fl-183"/>
      </object_component>
      <object_component id="oc-365">
         <name>.text</name>
         <load_address>0x17428</load_address>
         <run_address>0x17428</run_address>
         <size>0x136</size>
         <input_file_ref idref="fl-153"/>
      </object_component>
      <object_component id="oc-210">
         <name>.text:choiceTypeProcessing</name>
         <load_address>0x1755e</load_address>
         <run_address>0x1755e</run_address>
         <size>0x2</size>
         <input_file_ref idref="fl-b"/>
      </object_component>
      <object_component id="oc-130">
         <name>.text:TouchScreenDebouncer</name>
         <load_address>0x17560</load_address>
         <run_address>0x17560</run_address>
         <size>0x134</size>
         <input_file_ref idref="fl-e"/>
      </object_component>
      <object_component id="oc-3ea">
         <name>.text:GPIOPadConfigSet</name>
         <load_address>0x17694</load_address>
         <run_address>0x17694</run_address>
         <size>0x130</size>
         <input_file_ref idref="fl-18"/>
      </object_component>
      <object_component id="oc-66">
         <name>.text:TouchScreenIntHandler</name>
         <load_address>0x177c4</load_address>
         <run_address>0x177c4</run_address>
         <size>0x128</size>
         <input_file_ref idref="fl-e"/>
      </object_component>
      <object_component id="oc-324">
         <name>.text:TouchScreenInit</name>
         <load_address>0x178ec</load_address>
         <run_address>0x178ec</run_address>
         <size>0x120</size>
         <input_file_ref idref="fl-e"/>
      </object_component>
      <object_component id="oc-164">
         <name>.text:main</name>
         <load_address>0x17a0c</load_address>
         <run_address>0x17a0c</run_address>
         <size>0x110</size>
         <input_file_ref idref="fl-8"/>
      </object_component>
      <object_component id="oc-da">
         <name>.text:SysCtlClockGet</name>
         <load_address>0x17b1c</load_address>
         <run_address>0x17b1c</run_address>
         <size>0x10c</size>
         <input_file_ref idref="fl-1b"/>
      </object_component>
      <object_component id="oc-405">
         <name>.text:LCD_PORT_Init</name>
         <load_address>0x17c28</load_address>
         <run_address>0x17c28</run_address>
         <size>0x104</size>
         <input_file_ref idref="fl-7"/>
      </object_component>
      <object_component id="oc-234">
         <name>.text:DisplayData</name>
         <load_address>0x17d2c</load_address>
         <run_address>0x17d2c</run_address>
         <size>0xfc</size>
         <input_file_ref idref="fl-8"/>
      </object_component>
      <object_component id="oc-349">
         <name>.text:arm_rfft_fast_init_f32</name>
         <load_address>0x17e28</load_address>
         <run_address>0x17e28</run_address>
         <size>0xfc</size>
         <input_file_ref idref="fl-17e"/>
      </object_component>
      <object_component id="oc-360">
         <name>.text</name>
         <load_address>0x17f24</load_address>
         <run_address>0x17f24</run_address>
         <size>0xfc</size>
         <input_file_ref idref="fl-154"/>
      </object_component>
      <object_component id="oc-664">
         <name>.text:RectangularButtonClick</name>
         <load_address>0x18020</load_address>
         <run_address>0x18020</run_address>
         <size>0xf2</size>
         <input_file_ref idref="fl-23"/>
      </object_component>
      <object_component id="oc-42">
         <name>.text:ADC3IntHandler</name>
         <load_address>0x18114</load_address>
         <run_address>0x18114</run_address>
         <size>0xf0</size>
         <input_file_ref idref="fl-a"/>
      </object_component>
      <object_component id="oc-1d4">
         <name>.text:SysCtlClockSet</name>
         <load_address>0x18204</load_address>
         <run_address>0x18204</run_address>
         <size>0xf0</size>
         <input_file_ref idref="fl-1b"/>
      </object_component>
      <object_component id="oc-330">
         <name>.text:WidgetMessageQueueAdd</name>
         <load_address>0x182f4</load_address>
         <run_address>0x182f4</run_address>
         <size>0xe8</size>
         <input_file_ref idref="fl-26"/>
      </object_component>
      <object_component id="oc-54f">
         <name>.text:LCD_SSD2119RectFill</name>
         <load_address>0x183dc</load_address>
         <run_address>0x183dc</run_address>
         <size>0xe0</size>
         <input_file_ref idref="fl-7"/>
      </object_component>
      <object_component id="oc-4b1">
         <name>.text:arm_cfft_f32</name>
         <load_address>0x184bc</load_address>
         <run_address>0x184bc</run_address>
         <size>0xd6</size>
         <input_file_ref idref="fl-17b"/>
      </object_component>
      <object_component id="oc-677">
         <name>.text:GrDefaultStringRenderer</name>
         <load_address>0x18592</load_address>
         <run_address>0x18592</run_address>
         <size>0xc4</size>
         <input_file_ref idref="fl-25"/>
      </object_component>
      <object_component id="oc-5b5">
         <name>.text</name>
         <load_address>0x18656</load_address>
         <run_address>0x18656</run_address>
         <size>0xc0</size>
         <input_file_ref idref="fl-186"/>
      </object_component>
      <object_component id="oc-1e0">
         <name>.text:InitADC3Transfer</name>
         <load_address>0x18718</load_address>
         <run_address>0x18718</run_address>
         <size>0xbc</size>
         <input_file_ref idref="fl-a"/>
      </object_component>
      <object_component id="oc-3bc">
         <name>.text:WidgetMessageSendPostOrder</name>
         <load_address>0x187d4</load_address>
         <run_address>0x187d4</run_address>
         <size>0xb4</size>
         <input_file_ref idref="fl-26"/>
      </object_component>
      <object_component id="oc-3a0">
         <name>.text:arm_max_f32</name>
         <load_address>0x18888</load_address>
         <run_address>0x18888</run_address>
         <size>0xb0</size>
         <input_file_ref idref="fl-17f"/>
      </object_component>
      <object_component id="oc-4b7">
         <name>.text:stage_rfft_f32</name>
         <load_address>0x18938</load_address>
         <run_address>0x18938</run_address>
         <size>0xa4</size>
         <input_file_ref idref="fl-17d"/>
      </object_component>
      <object_component id="oc-22e">
         <name>.text:FFTprocessing2</name>
         <load_address>0x189dc</load_address>
         <run_address>0x189dc</run_address>
         <size>0xa0</size>
         <input_file_ref idref="fl-2"/>
      </object_component>
      <object_component id="oc-70">
         <name>.text</name>
         <load_address>0x18a7c</load_address>
         <run_address>0x18a7c</run_address>
         <size>0x9c</size>
         <input_file_ref idref="fl-15a"/>
      </object_component>
      <object_component id="oc-4bd">
         <name>.text:merge_rfft_f32</name>
         <load_address>0x18b18</load_address>
         <run_address>0x18b18</run_address>
         <size>0x9a</size>
         <input_file_ref idref="fl-17d"/>
      </object_component>
      <object_component id="oc-21c">
         <name>.text:LowpassFilter</name>
         <load_address>0x18bb4</load_address>
         <run_address>0x18bb4</run_address>
         <size>0x8c</size>
         <input_file_ref idref="fl-b"/>
      </object_component>
      <object_component id="oc-216">
         <name>.text:HighPassFilter</name>
         <load_address>0x18c40</load_address>
         <run_address>0x18c40</run_address>
         <size>0x88</size>
         <input_file_ref idref="fl-b"/>
      </object_component>
      <object_component id="oc-61a">
         <name>.text:GrRectFill</name>
         <load_address>0x18cc8</load_address>
         <run_address>0x18cc8</run_address>
         <size>0x86</size>
         <input_file_ref idref="fl-24"/>
      </object_component>
      <object_component id="oc-ce">
         <name>.text:uDMAChannelTransferSet</name>
         <load_address>0x18d50</load_address>
         <run_address>0x18d50</run_address>
         <size>0x84</size>
         <input_file_ref idref="fl-1e"/>
      </object_component>
      <object_component id="oc-2cf">
         <name>.text:ADCSequenceStepConfigure</name>
         <load_address>0x18dd4</load_address>
         <run_address>0x18dd4</run_address>
         <size>0x7a</size>
         <input_file_ref idref="fl-16"/>
      </object_component>
      <object_component id="oc-89">
         <name>.text</name>
         <load_address>0x18e4e</load_address>
         <run_address>0x18e4e</run_address>
         <size>0x7a</size>
         <input_file_ref idref="fl-15b"/>
      </object_component>
      <object_component id="oc-9b">
         <name>.text</name>
         <load_address>0x18ec8</load_address>
         <run_address>0x18ec8</run_address>
         <size>0x6c</size>
         <input_file_ref idref="fl-166"/>
      </object_component>
      <object_component id="oc-632">
         <name>.text:GrStringWidthGet</name>
         <load_address>0x18f34</load_address>
         <run_address>0x18f34</run_address>
         <size>0x6a</size>
         <input_file_ref idref="fl-25"/>
      </object_component>
      <object_component id="oc-7c">
         <name>.text</name>
         <load_address>0x18f9e</load_address>
         <run_address>0x18f9e</run_address>
         <size>0x6a</size>
         <input_file_ref idref="fl-14f"/>
      </object_component>
      <object_component id="oc-60e">
         <name>.text:GrContextInit</name>
         <load_address>0x19008</load_address>
         <run_address>0x19008</run_address>
         <size>0x68</size>
         <input_file_ref idref="fl-21"/>
      </object_component>
      <object_component id="oc-204">
         <name>.text:IntEnable</name>
         <load_address>0x19070</load_address>
         <run_address>0x19070</run_address>
         <size>0x68</size>
         <input_file_ref idref="fl-19"/>
      </object_component>
      <object_component id="oc-620">
         <name>.text:GrRectDraw</name>
         <load_address>0x190d8</load_address>
         <run_address>0x190d8</run_address>
         <size>0x66</size>
         <input_file_ref idref="fl-24"/>
      </object_component>
      <object_component id="oc-236">
         <name>.text:WidgetMessageQueueProcess</name>
         <load_address>0x19140</load_address>
         <run_address>0x19140</run_address>
         <size>0x64</size>
         <input_file_ref idref="fl-26"/>
      </object_component>
      <object_component id="oc-614">
         <name>.text:GrContextClipRegionSet</name>
         <load_address>0x191a4</load_address>
         <run_address>0x191a4</run_address>
         <size>0x62</size>
         <input_file_ref idref="fl-21"/>
      </object_component>
      <object_component id="oc-222">
         <name>.text:FIRprocessing</name>
         <load_address>0x19208</load_address>
         <run_address>0x19208</run_address>
         <size>0x60</size>
         <input_file_ref idref="fl-b"/>
      </object_component>
      <object_component id="oc-2a4">
         <name>.text:TimerConfigure</name>
         <load_address>0x19268</load_address>
         <run_address>0x19268</run_address>
         <size>0x60</size>
         <input_file_ref idref="fl-1c"/>
      </object_component>
      <object_component id="oc-3b6">
         <name>.text:WidgetMessageSendPreOrder</name>
         <load_address>0x192c8</load_address>
         <run_address>0x192c8</run_address>
         <size>0x5c</size>
         <input_file_ref idref="fl-26"/>
      </object_component>
      <object_component id="oc-706">
         <name>.text:FontWideGlyphDataGet</name>
         <load_address>0x19324</load_address>
         <run_address>0x19324</run_address>
         <size>0x5a</size>
         <input_file_ref idref="fl-25"/>
      </object_component>
      <object_component id="oc-1da">
         <name>.text:InitSamplingTimer</name>
         <load_address>0x19380</load_address>
         <run_address>0x19380</run_address>
         <size>0x58</size>
         <input_file_ref idref="fl-a"/>
      </object_component>
      <object_component id="oc-543">
         <name>.text:LCD_SSD2119LineDrawH</name>
         <load_address>0x193d8</load_address>
         <run_address>0x193d8</run_address>
         <size>0x58</size>
         <input_file_ref idref="fl-7"/>
      </object_component>
      <object_component id="oc-549">
         <name>.text:LCD_SSD2119LineDrawV</name>
         <load_address>0x19430</load_address>
         <run_address>0x19430</run_address>
         <size>0x58</size>
         <input_file_ref idref="fl-7"/>
      </object_component>
      <object_component id="oc-2aa">
         <name>.text:TimerControlTrigger</name>
         <load_address>0x19488</load_address>
         <run_address>0x19488</run_address>
         <size>0x58</size>
         <input_file_ref idref="fl-1c"/>
      </object_component>
      <object_component id="oc-311">
         <name>.text:UARTStdioConfig</name>
         <load_address>0x194e0</load_address>
         <run_address>0x194e0</run_address>
         <size>0x58</size>
         <input_file_ref idref="fl-a"/>
      </object_component>
      <object_component id="oc-1f2">
         <name>.text:InitConsole</name>
         <load_address>0x19538</load_address>
         <run_address>0x19538</run_address>
         <size>0x50</size>
         <input_file_ref idref="fl-8"/>
      </object_component>
      <object_component id="oc-2b7">
         <name>.text:SysCtlPeripheralReset</name>
         <load_address>0x19588</load_address>
         <run_address>0x19588</run_address>
         <size>0x50</size>
         <input_file_ref idref="fl-1b"/>
      </object_component>
      <object_component id="oc-24">
         <name>.text</name>
         <load_address>0x195d8</load_address>
         <run_address>0x195d8</run_address>
         <size>0x50</size>
         <input_file_ref idref="fl-14d"/>
      </object_component>
      <object_component id="oc-36f">
         <name>.text:setAgainSampling</name>
         <load_address>0x19628</load_address>
         <run_address>0x19628</run_address>
         <size>0x50</size>
         <input_file_ref idref="fl-a"/>
      </object_component>
      <object_component id="oc-15c">
         <name>.text</name>
         <load_address>0x19678</load_address>
         <run_address>0x19678</run_address>
         <size>0x4c</size>
         <input_file_ref idref="fl-167"/>
      </object_component>
      <object_component id="oc-69d">
         <name>.text:UpdateContextCharMapping</name>
         <load_address>0x196c4</load_address>
         <run_address>0x196c4</run_address>
         <size>0x4a</size>
         <input_file_ref idref="fl-25"/>
      </object_component>
      <object_component id="oc-36a">
         <name>.text</name>
         <load_address>0x1970e</load_address>
         <run_address>0x1970e</run_address>
         <size>0x4a</size>
         <input_file_ref idref="fl-156"/>
      </object_component>
      <object_component id="oc-2ff">
         <name>.text:GPIOPinConfigure</name>
         <load_address>0x19758</load_address>
         <run_address>0x19758</run_address>
         <size>0x48</size>
         <input_file_ref idref="fl-18"/>
      </object_component>
      <object_component id="oc-f2">
         <name>.text:IntPendClear</name>
         <load_address>0x197a0</load_address>
         <run_address>0x197a0</run_address>
         <size>0x48</size>
         <input_file_ref idref="fl-19"/>
      </object_component>
      <object_component id="oc-5cc">
         <name>.text:UARTwrite</name>
         <load_address>0x197e8</load_address>
         <run_address>0x197e8</run_address>
         <size>0x48</size>
         <input_file_ref idref="fl-a"/>
      </object_component>
      <object_component id="oc-2e1">
         <name>.text:uDMAChannelAttributeDisable</name>
         <load_address>0x19830</load_address>
         <run_address>0x19830</run_address>
         <size>0x48</size>
         <input_file_ref idref="fl-1e"/>
      </object_component>
      <object_component id="oc-687">
         <name>.text:GrLineDrawH</name>
         <load_address>0x19878</load_address>
         <run_address>0x19878</run_address>
         <size>0x46</size>
         <input_file_ref idref="fl-2b"/>
      </object_component>
      <object_component id="oc-68d">
         <name>.text:GrLineDrawV</name>
         <load_address>0x198be</load_address>
         <run_address>0x198be</run_address>
         <size>0x46</size>
         <input_file_ref idref="fl-2b"/>
      </object_component>
      <object_component id="oc-1e6">
         <name>.text:InitDebugTimer</name>
         <load_address>0x19904</load_address>
         <run_address>0x19904</run_address>
         <size>0x44</size>
         <input_file_ref idref="fl-a"/>
      </object_component>
      <object_component id="oc-318">
         <name>.text:InitDisplayTimer</name>
         <load_address>0x19948</load_address>
         <run_address>0x19948</run_address>
         <size>0x44</size>
         <input_file_ref idref="fl-5"/>
      </object_component>
      <object_component id="oc-411">
         <name>.text:WriteDataSPI</name>
         <load_address>0x1998c</load_address>
         <run_address>0x1998c</run_address>
         <size>0x44</size>
         <input_file_ref idref="fl-7"/>
      </object_component>
      <object_component id="oc-a7">
         <name>.text</name>
         <load_address>0x199d0</load_address>
         <run_address>0x199d0</run_address>
         <size>0x44</size>
         <input_file_ref idref="fl-151"/>
      </object_component>
      <object_component id="oc-5d2">
         <name>.text</name>
         <load_address>0x19a14</load_address>
         <run_address>0x19a14</run_address>
         <size>0x42</size>
         <input_file_ref idref="fl-15e"/>
      </object_component>
      <object_component id="oc-714">
         <name>.text</name>
         <load_address>0x19a58</load_address>
         <run_address>0x19a58</run_address>
         <size>0x40</size>
         <input_file_ref idref="fl-179"/>
      </object_component>
      <object_component id="oc-2c9">
         <name>.text:ADCSequenceConfigure</name>
         <load_address>0x19a98</load_address>
         <run_address>0x19a98</run_address>
         <size>0x3e</size>
         <input_file_ref idref="fl-16"/>
      </object_component>
      <object_component id="oc-394">
         <name>.text:arm_rfft_fast_f32</name>
         <load_address>0x19ad6</load_address>
         <run_address>0x19ad6</run_address>
         <size>0x3e</size>
         <input_file_ref idref="fl-17d"/>
      </object_component>
      <object_component id="oc-1f8">
         <name>.text:InitGUI</name>
         <load_address>0x19b14</load_address>
         <run_address>0x19b14</run_address>
         <size>0x3c</size>
         <input_file_ref idref="fl-5"/>
      </object_component>
      <object_component id="oc-500">
         <name>.text:SSIConfigSetExpClk</name>
         <load_address>0x19b50</load_address>
         <run_address>0x19b50</run_address>
         <size>0x3c</size>
         <input_file_ref idref="fl-1a"/>
      </object_component>
      <object_component id="oc-40b">
         <name>.text:WriteCommandSPI</name>
         <load_address>0x19b8c</load_address>
         <run_address>0x19b8c</run_address>
         <size>0x3c</size>
         <input_file_ref idref="fl-7"/>
      </object_component>
      <object_component id="oc-70c">
         <name>.text:FontGlyphDataGet</name>
         <load_address>0x19bc8</load_address>
         <run_address>0x19bc8</run_address>
         <size>0x3a</size>
         <input_file_ref idref="fl-25"/>
      </object_component>
      <object_component id="oc-1fe">
         <name>.text:InitDSP2</name>
         <load_address>0x19c04</load_address>
         <run_address>0x19c04</run_address>
         <size>0x38</size>
         <input_file_ref idref="fl-2"/>
      </object_component>
      <object_component id="oc-537">
         <name>.text:LCD_SSD2119PixelDraw</name>
         <load_address>0x19c3c</load_address>
         <run_address>0x19c3c</run_address>
         <size>0x38</size>
         <input_file_ref idref="fl-7"/>
      </object_component>
      <object_component id="oc-35b">
         <name>.text</name>
         <load_address>0x19c74</load_address>
         <run_address>0x19c74</run_address>
         <size>0x38</size>
         <input_file_ref idref="fl-157"/>
      </object_component>
      <object_component id="oc-29e">
         <name>.text:SysCtlPeripheralEnable</name>
         <load_address>0x19cac</load_address>
         <run_address>0x19cac</run_address>
         <size>0x34</size>
         <input_file_ref idref="fl-1b"/>
      </object_component>
      <object_component id="oc-48">
         <name>.text:Timer0AIntHandler</name>
         <load_address>0x19ce0</load_address>
         <run_address>0x19ce0</run_address>
         <size>0x34</size>
         <input_file_ref idref="fl-a"/>
      </object_component>
      <object_component id="oc-54">
         <name>.text:Timer2AIntHandler</name>
         <load_address>0x19d14</load_address>
         <run_address>0x19d14</run_address>
         <size>0x34</size>
         <input_file_ref idref="fl-a"/>
      </object_component>
      <object_component id="oc-228">
         <name>.text:cfir</name>
         <load_address>0x19d48</load_address>
         <run_address>0x19d48</run_address>
         <size>0x34</size>
         <input_file_ref idref="fl-b"/>
      </object_component>
      <object_component id="oc-64e">
         <name>.text</name>
         <load_address>0x19d7c</load_address>
         <run_address>0x19d7c</run_address>
         <size>0x34</size>
         <input_file_ref idref="fl-177"/>
      </object_component>
      <object_component id="oc-5a">
         <name>.text:Timer3AIntHandler</name>
         <load_address>0x19db0</load_address>
         <run_address>0x19db0</run_address>
         <size>0x30</size>
         <input_file_ref idref="fl-5"/>
      </object_component>
      <object_component id="oc-5c0">
         <name>.text</name>
         <load_address>0x19de0</load_address>
         <run_address>0x19de0</run_address>
         <size>0x30</size>
         <input_file_ref idref="fl-174"/>
      </object_component>
      <object_component id="oc-6a6">
         <name>.text:GrStringNextCharGet</name>
         <load_address>0x19e10</load_address>
         <run_address>0x19e10</run_address>
         <size>0x2e</size>
         <input_file_ref idref="fl-25"/>
      </object_component>
      <object_component id="oc-6bd">
         <name>.text</name>
         <load_address>0x19e3e</load_address>
         <run_address>0x19e3e</run_address>
         <size>0x2e</size>
         <input_file_ref idref="fl-178"/>
      </object_component>
      <object_component id="oc-6c9">
         <name>.text:GrFontBaselineGet</name>
         <load_address>0x19e6c</load_address>
         <run_address>0x19e6c</run_address>
         <size>0x2c</size>
         <input_file_ref idref="fl-25"/>
      </object_component>
      <object_component id="oc-638">
         <name>.text:GrFontHeightGet</name>
         <load_address>0x19e98</load_address>
         <run_address>0x19e98</run_address>
         <size>0x2c</size>
         <input_file_ref idref="fl-25"/>
      </object_component>
      <object_component id="oc-3f0">
         <name>.text:GPIODirModeSet</name>
         <load_address>0x19ec4</load_address>
         <run_address>0x19ec4</run_address>
         <size>0x2a</size>
         <input_file_ref idref="fl-18"/>
      </object_component>
      <object_component id="oc-4da">
         <name>.text:WidgetIsInTree</name>
         <load_address>0x19eee</load_address>
         <run_address>0x19eee</run_address>
         <size>0x2a</size>
         <input_file_ref idref="fl-26"/>
      </object_component>
      <object_component id="oc-1ec">
         <name>.text:InitGPIO</name>
         <load_address>0x19f18</load_address>
         <run_address>0x19f18</run_address>
         <size>0x28</size>
         <input_file_ref idref="fl-8"/>
      </object_component>
      <object_component id="oc-5f4">
         <name>.text:OnButtonPress</name>
         <load_address>0x19f40</load_address>
         <run_address>0x19f40</run_address>
         <size>0x28</size>
         <input_file_ref idref="fl-5"/>
      </object_component>
      <object_component id="oc-5eb">
         <name>.text:RectangularButtonMsgProc</name>
         <load_address>0x19f68</load_address>
         <run_address>0x19f68</run_address>
         <size>0x28</size>
         <input_file_ref idref="fl-23"/>
      </object_component>
      <object_component id="oc-6b2">
         <name>.text:GrFontInfoGet</name>
         <load_address>0x19f90</load_address>
         <run_address>0x19f90</run_address>
         <size>0x26</size>
         <input_file_ref idref="fl-25"/>
      </object_component>
      <object_component id="oc-336">
         <name>.text:WidgetAdd</name>
         <load_address>0x19fb6</load_address>
         <run_address>0x19fb6</run_address>
         <size>0x24</size>
         <input_file_ref idref="fl-26"/>
      </object_component>
      <object_component id="oc-4c5">
         <name>.text</name>
         <load_address>0x19fdc</load_address>
         <run_address>0x19fdc</run_address>
         <size>0x24</size>
         <input_file_ref idref="fl-187"/>
      </object_component>
      <object_component id="oc-2e7">
         <name>.text:uDMAChannelControlSet</name>
         <load_address>0x1a000</load_address>
         <run_address>0x1a000</run_address>
         <size>0x24</size>
         <input_file_ref idref="fl-1e"/>
      </object_component>
      <object_component id="oc-c2">
         <name>.text:uDMAChannelSizeGet</name>
         <load_address>0x1a024</load_address>
         <run_address>0x1a024</run_address>
         <size>0x24</size>
         <input_file_ref idref="fl-1e"/>
      </object_component>
      <object_component id="oc-6ac">
         <name>.text:GrFontGlyphDataGet</name>
         <load_address>0x1a048</load_address>
         <run_address>0x1a048</run_address>
         <size>0x22</size>
         <input_file_ref idref="fl-25"/>
      </object_component>
      <object_component id="oc-6fc">
         <name>.text:GrFontCodepageGet</name>
         <load_address>0x1a06a</load_address>
         <run_address>0x1a06a</run_address>
         <size>0x1e</size>
         <input_file_ref idref="fl-25"/>
      </object_component>
      <object_component id="oc-377">
         <name>.text:arm_fir_init_f32</name>
         <load_address>0x1a088</load_address>
         <run_address>0x1a088</run_address>
         <size>0x1e</size>
         <input_file_ref idref="fl-182"/>
      </object_component>
      <object_component id="oc-38d">
         <name>.text:wrap_</name>
         <load_address>0x1a0a6</load_address>
         <run_address>0x1a0a6</run_address>
         <size>0x1e</size>
         <input_file_ref idref="fl-b"/>
      </object_component>
      <object_component id="oc-36">
         <name>.text:FaultISR</name>
         <load_address>0x1a0c4</load_address>
         <run_address>0x1a0c4</run_address>
         <size>0x1c</size>
         <input_file_ref idref="fl-d"/>
      </object_component>
      <object_component id="oc-4e">
         <name>.text:Timer1AIntHandler</name>
         <load_address>0x1a0e0</load_address>
         <run_address>0x1a0e0</run_address>
         <size>0x1c</size>
         <input_file_ref idref="fl-e"/>
      </object_component>
      <object_component id="oc-33c">
         <name>.text:WidgetPointerMessage</name>
         <load_address>0x1a0fc</load_address>
         <run_address>0x1a0fc</run_address>
         <size>0x1c</size>
         <input_file_ref idref="fl-26"/>
      </object_component>
      <object_component id="oc-60">
         <name>.text:uDMAErrorHandler</name>
         <load_address>0x1a118</load_address>
         <run_address>0x1a118</run_address>
         <size>0x1c</size>
         <input_file_ref idref="fl-a"/>
      </object_component>
      <object_component id="oc-3b0">
         <name>.text:UARTprintf</name>
         <load_address>0x1a134</load_address>
         <run_address>0x1a134</run_address>
         <size>0x1a</size>
         <input_file_ref idref="fl-a"/>
      </object_component>
      <object_component id="oc-111">
         <name>.text:ADCProcessorTrigger</name>
         <load_address>0x1a14e</load_address>
         <run_address>0x1a14e</run_address>
         <size>0x18</size>
         <input_file_ref idref="fl-16"/>
      </object_component>
      <object_component id="oc-2f2">
         <name>.text:GPIOPinTypeGPIOOutput</name>
         <load_address>0x1a166</load_address>
         <run_address>0x1a166</run_address>
         <size>0x18</size>
         <input_file_ref idref="fl-18"/>
      </object_component>
      <object_component id="oc-a1">
         <name>.text</name>
         <load_address>0x1a180</load_address>
         <run_address>0x1a180</run_address>
         <size>0x18</size>
         <input_file_ref idref="fl-164"/>
      </object_component>
      <object_component id="oc-d4">
         <name>.text:uDMAChannelEnable</name>
         <load_address>0x1a198</load_address>
         <run_address>0x1a198</run_address>
         <size>0x18</size>
         <input_file_ref idref="fl-1e"/>
      </object_component>
      <object_component id="oc-bc">
         <name>.text:uDMAChannelIsEnabled</name>
         <load_address>0x1a1b0</load_address>
         <run_address>0x1a1b0</run_address>
         <size>0x18</size>
         <input_file_ref idref="fl-1e"/>
      </object_component>
      <object_component id="oc-63e">
         <name>.text:GrStringDraw</name>
         <load_address>0x1a1c8</load_address>
         <run_address>0x1a1c8</run_address>
         <size>0x16</size>
         <input_file_ref idref="fl-25"/>
      </object_component>
      <object_component id="oc-555">
         <name>.text:LCD_SSD2119ColorTranslate</name>
         <load_address>0x1a1de</load_address>
         <run_address>0x1a1de</run_address>
         <size>0x16</size>
         <input_file_ref idref="fl-7"/>
      </object_component>
      <object_component id="oc-446">
         <name>.text:CanvasMsgProc</name>
         <load_address>0x1a1f4</load_address>
         <run_address>0x1a1f4</run_address>
         <size>0x14</size>
         <input_file_ref idref="fl-20"/>
      </object_component>
      <object_component id="oc-c8">
         <name>.text:TimerDisable</name>
         <load_address>0x1a208</load_address>
         <run_address>0x1a208</run_address>
         <size>0x14</size>
         <input_file_ref idref="fl-1c"/>
      </object_component>
      <object_component id="oc-429">
         <name>.text:WidgetMutexGet</name>
         <load_address>0x1a21c</load_address>
         <run_address>0x1a21c</run_address>
         <size>0x14</size>
         <input_file_ref idref="fl-26"/>
      </object_component>
      <object_component id="oc-250">
         <name>.text</name>
         <load_address>0x1a230</load_address>
         <run_address>0x1a230</run_address>
         <size>0x14</size>
         <input_file_ref idref="fl-162"/>
      </object_component>
      <object_component id="oc-41e">
         <name>.text:ADCHardwareOversampleConfigure</name>
         <load_address>0x1a244</load_address>
         <run_address>0x1a244</run_address>
         <size>0x12</size>
         <input_file_ref idref="fl-16"/>
      </object_component>
      <object_component id="oc-4fa">
         <name>.text:GPIOPinTypeSSI</name>
         <load_address>0x1a256</load_address>
         <run_address>0x1a256</run_address>
         <size>0x12</size>
         <input_file_ref idref="fl-18"/>
      </object_component>
      <object_component id="oc-30b">
         <name>.text:GPIOPinTypeUART</name>
         <load_address>0x1a268</load_address>
         <run_address>0x1a268</run_address>
         <size>0x12</size>
         <input_file_ref idref="fl-18"/>
      </object_component>
      <object_component id="oc-50c">
         <name>.text:SSIDataGetNonBlocking</name>
         <load_address>0x1a27a</load_address>
         <run_address>0x1a27a</run_address>
         <size>0x12</size>
         <input_file_ref idref="fl-1a"/>
      </object_component>
      <object_component id="oc-e0">
         <name>.text:TimerLoadSet</name>
         <load_address>0x1a28c</load_address>
         <run_address>0x1a28c</run_address>
         <size>0x12</size>
         <input_file_ref idref="fl-1c"/>
      </object_component>
      <object_component id="oc-2db">
         <name>.text:ADCIntEnable</name>
         <load_address>0x1a29e</load_address>
         <run_address>0x1a29e</run_address>
         <size>0x10</size>
         <input_file_ref idref="fl-16"/>
      </object_component>
      <object_component id="oc-1c8">
         <name>.text:FPUEnable</name>
         <load_address>0x1a2b0</load_address>
         <run_address>0x1a2b0</run_address>
         <size>0x10</size>
         <input_file_ref idref="fl-17"/>
      </object_component>
      <object_component id="oc-1ce">
         <name>.text:FPULazyStackingEnable</name>
         <load_address>0x1a2c0</load_address>
         <run_address>0x1a2c0</run_address>
         <size>0x10</size>
         <input_file_ref idref="fl-17"/>
      </object_component>
      <object_component id="oc-20a">
         <name>.text:IntMasterEnable</name>
         <load_address>0x1a2d0</load_address>
         <run_address>0x1a2d0</run_address>
         <size>0x10</size>
         <input_file_ref idref="fl-19"/>
      </object_component>
      <object_component id="oc-2bd">
         <name>.text:uDMAEnable</name>
         <load_address>0x1a2e0</load_address>
         <run_address>0x1a2e0</run_address>
         <size>0x10</size>
         <input_file_ref idref="fl-1e"/>
      </object_component>
      <object_component id="oc-ec">
         <name>.text:ADCIntDisable</name>
         <load_address>0x1a2f0</load_address>
         <run_address>0x1a2f0</run_address>
         <size>0xe</size>
         <input_file_ref idref="fl-16"/>
      </object_component>
      <object_component id="oc-2d5">
         <name>.text:ADCSequenceEnable</name>
         <load_address>0x1a2fe</load_address>
         <run_address>0x1a2fe</run_address>
         <size>0xe</size>
         <input_file_ref idref="fl-16"/>
      </object_component>
      <object_component id="oc-626">
         <name>.text:GrImageDraw</name>
         <load_address>0x1a30c</load_address>
         <run_address>0x1a30c</run_address>
         <size>0xe</size>
         <input_file_ref idref="fl-22"/>
      </object_component>
      <object_component id="oc-e6">
         <name>.text:TimerEnable</name>
         <load_address>0x1a31a</load_address>
         <run_address>0x1a31a</run_address>
         <size>0xe</size>
         <input_file_ref idref="fl-1c"/>
      </object_component>
      <object_component id="oc-12">
         <name>.text:decompress:none</name>
         <load_address>0x1a328</load_address>
         <run_address>0x1a328</run_address>
         <size>0xe</size>
         <input_file_ref idref="fl-14e"/>
      </object_component>
      <object_component id="oc-352">
         <name>.text:CPUcpsie</name>
         <load_address>0x1a336</load_address>
         <run_address>0x1a336</run_address>
         <size>0xc</size>
         <input_file_ref idref="fl-1f"/>
      </object_component>
      <object_component id="oc-417">
         <name>.text:LED_backlight_ON</name>
         <load_address>0x1a344</load_address>
         <run_address>0x1a344</run_address>
         <size>0xc</size>
         <input_file_ref idref="fl-7"/>
      </object_component>
      <object_component id="oc-32a">
         <name>.text:TouchScreenCallbackSet</name>
         <load_address>0x1a350</load_address>
         <run_address>0x1a350</run_address>
         <size>0xc</size>
         <input_file_ref idref="fl-e"/>
      </object_component>
      <object_component id="oc-1e">
         <name>.text:decompress:ZI</name>
         <load_address>0x1a35c</load_address>
         <run_address>0x1a35c</run_address>
         <size>0xc</size>
         <input_file_ref idref="fl-150"/>
      </object_component>
      <object_component id="oc-2c3">
         <name>.text:uDMAControlBaseSet</name>
         <load_address>0x1a368</load_address>
         <run_address>0x1a368</run_address>
         <size>0xc</size>
         <input_file_ref idref="fl-1e"/>
      </object_component>
      <object_component id="oc-129">
         <name>.text:uDMAErrorStatusClear</name>
         <load_address>0x1a374</load_address>
         <run_address>0x1a374</run_address>
         <size>0xc</size>
         <input_file_ref idref="fl-1e"/>
      </object_component>
      <object_component id="oc-123">
         <name>.text:uDMAErrorStatusGet</name>
         <load_address>0x1a380</load_address>
         <run_address>0x1a380</run_address>
         <size>0xc</size>
         <input_file_ref idref="fl-1e"/>
      </object_component>
      <object_component id="oc-b6">
         <name>.text:ADCIntClear</name>
         <load_address>0x1a38c</load_address>
         <run_address>0x1a38c</run_address>
         <size>0xa</size>
         <input_file_ref idref="fl-16"/>
      </object_component>
      <object_component id="oc-515">
         <name>.text:SSIDataPut</name>
         <load_address>0x1a396</load_address>
         <run_address>0x1a396</run_address>
         <size>0xa</size>
         <input_file_ref idref="fl-1a"/>
      </object_component>
      <object_component id="oc-506">
         <name>.text:SSIEnable</name>
         <load_address>0x1a3a0</load_address>
         <run_address>0x1a3a0</run_address>
         <size>0xa</size>
         <input_file_ref idref="fl-1a"/>
      </object_component>
      <object_component id="oc-6e3">
         <name>.text:GrMapISO8859_1_Unicode</name>
         <load_address>0x1a3aa</load_address>
         <run_address>0x1a3aa</run_address>
         <size>0x8</size>
         <input_file_ref idref="fl-29"/>
      </object_component>
      <object_component id="oc-51b">
         <name>.text:SSIBusy</name>
         <load_address>0x1a3b2</load_address>
         <run_address>0x1a3b2</run_address>
         <size>0x8</size>
         <input_file_ref idref="fl-1a"/>
      </object_component>
      <object_component id="oc-2b0">
         <name>.text:TimerIntEnable</name>
         <load_address>0x1a3ba</load_address>
         <run_address>0x1a3ba</run_address>
         <size>0x8</size>
         <input_file_ref idref="fl-1c"/>
      </object_component>
      <object_component id="oc-2f8">
         <name>.text:GPIOPinWrite</name>
         <load_address>0x1a3c2</load_address>
         <run_address>0x1a3c2</run_address>
         <size>0x6</size>
         <input_file_ref idref="fl-18"/>
      </object_component>
      <object_component id="oc-62c">
         <name>.text:GrContextFontSet</name>
         <load_address>0x1a3c8</load_address>
         <run_address>0x1a3c8</run_address>
         <size>0x6</size>
         <input_file_ref idref="fl-25"/>
      </object_component>
      <object_component id="oc-2a">
         <name>.text:ResetISR</name>
         <load_address>0x1a3ce</load_address>
         <run_address>0x1a3ce</run_address>
         <size>0x6</size>
         <input_file_ref idref="fl-d"/>
      </object_component>
      <object_component id="oc-29c">
         <name>.text:SysCtlDelay</name>
         <load_address>0x1a3d4</load_address>
         <run_address>0x1a3d4</run_address>
         <size>0x6</size>
         <input_file_ref idref="fl-1b"/>
      </object_component>
      <object_component id="oc-305">
         <name>.text:UARTClockSourceSet</name>
         <load_address>0x1a3da</load_address>
         <run_address>0x1a3da</run_address>
         <size>0x6</size>
         <input_file_ref idref="fl-1d"/>
      </object_component>
      <object_component id="oc-42a">
         <name>.text:WidgetMutexPut</name>
         <load_address>0x1a3e0</load_address>
         <run_address>0x1a3e0</run_address>
         <size>0x6</size>
         <input_file_ref idref="fl-26"/>
      </object_component>
      <object_component id="oc-18">
         <name>.text:decompress:rle24</name>
         <load_address>0x1a3e6</load_address>
         <run_address>0x1a3e6</run_address>
         <size>0x6</size>
         <input_file_ref idref="fl-14f"/>
      </object_component>
      <object_component id="oc-10a">
         <name>.text:TimerIntClear</name>
         <load_address>0x1a3ec</load_address>
         <run_address>0x1a3ec</run_address>
         <size>0x4</size>
         <input_file_ref idref="fl-1c"/>
      </object_component>
      <object_component id="oc-433">
         <name>.text:WidgetDefaultMsgProc</name>
         <load_address>0x1a3f0</load_address>
         <run_address>0x1a3f0</run_address>
         <size>0x4</size>
         <input_file_ref idref="fl-26"/>
      </object_component>
      <object_component id="oc-95">
         <name>.text</name>
         <load_address>0x1a3f4</load_address>
         <run_address>0x1a3f4</run_address>
         <size>0x4</size>
         <input_file_ref idref="fl-15c"/>
      </object_component>
      <object_component id="oc-456">
         <name>.const:twiddleCoef_2048</name>
         <load_address>0x26c</load_address>
         <run_address>0x26c</run_address>
         <size>0x4000</size>
         <input_file_ref idref="fl-184"/>
      </object_component>
      <object_component id="oc-459">
         <name>.const:twiddleCoef_rfft_4096</name>
         <load_address>0x426c</load_address>
         <run_address>0x426c</run_address>
         <size>0x4000</size>
         <input_file_ref idref="fl-184"/>
      </object_component>
      <object_component id="oc-45f">
         <name>.const:twiddleCoef_1024</name>
         <load_address>0x826c</load_address>
         <run_address>0x826c</run_address>
         <size>0x2000</size>
         <input_file_ref idref="fl-184"/>
      </object_component>
      <object_component id="oc-462">
         <name>.const:twiddleCoef_rfft_2048</name>
         <load_address>0xa26c</load_address>
         <run_address>0xa26c</run_address>
         <size>0x2000</size>
         <input_file_ref idref="fl-184"/>
      </object_component>
      <object_component id="oc-453">
         <name>.const:armBitRevIndexTable2048</name>
         <load_address>0xc26c</load_address>
         <run_address>0xc26c</run_address>
         <size>0x1dc0</size>
         <input_file_ref idref="fl-184"/>
      </object_component>
      <object_component id="oc-468">
         <name>.const:twiddleCoef_512</name>
         <load_address>0xe02c</load_address>
         <run_address>0xe02c</run_address>
         <size>0x1000</size>
         <input_file_ref idref="fl-184"/>
      </object_component>
      <object_component id="oc-46b">
         <name>.const:twiddleCoef_rfft_1024</name>
         <load_address>0xf02c</load_address>
         <run_address>0xf02c</run_address>
         <size>0x1000</size>
         <input_file_ref idref="fl-184"/>
      </object_component>
      <object_component id="oc-45c">
         <name>.const:armBitRevIndexTable1024</name>
         <load_address>0x1002c</load_address>
         <run_address>0x1002c</run_address>
         <size>0xe10</size>
         <input_file_ref idref="fl-184"/>
      </object_component>
      <object_component id="oc-601">
         <name>.const:.string:g_pui8Cm20Data</name>
         <load_address>0x10e3c</load_address>
         <run_address>0x10e3c</run_address>
         <size>0x95e</size>
         <input_file_ref idref="fl-27"/>
      </object_component>
      <object_component id="oc-66c">
         <name>.const:.string:g_pui8Cmss22bData</name>
         <load_address>0x1179a</load_address>
         <run_address>0x1179a</run_address>
         <size>0x91e</size>
         <input_file_ref idref="fl-28"/>
      </object_component>
      <object_component id="oc-471">
         <name>.const:twiddleCoef_256</name>
         <load_address>0x120b8</load_address>
         <run_address>0x120b8</run_address>
         <size>0x800</size>
         <input_file_ref idref="fl-184"/>
      </object_component>
      <object_component id="oc-474">
         <name>.const:twiddleCoef_rfft_512</name>
         <load_address>0x128b8</load_address>
         <run_address>0x128b8</run_address>
         <size>0x800</size>
         <input_file_ref idref="fl-184"/>
      </object_component>
      <object_component id="oc-386">
         <name>.const:firCoeffs32</name>
         <load_address>0x130b8</load_address>
         <run_address>0x130b8</run_address>
         <size>0x4f8</size>
         <input_file_ref idref="fl-4"/>
      </object_component>
      <object_component id="oc-47a">
         <name>.const:twiddleCoef_128</name>
         <load_address>0x135b0</load_address>
         <run_address>0x135b0</run_address>
         <size>0x400</size>
         <input_file_ref idref="fl-184"/>
      </object_component>
      <object_component id="oc-47d">
         <name>.const:twiddleCoef_rfft_256</name>
         <load_address>0x139b0</load_address>
         <run_address>0x139b0</run_address>
         <size>0x400</size>
         <input_file_ref idref="fl-184"/>
      </object_component>
      <object_component id="oc-465">
         <name>.const:armBitRevIndexTable512</name>
         <load_address>0x13db0</load_address>
         <run_address>0x13db0</run_address>
         <size>0x380</size>
         <input_file_ref idref="fl-184"/>
      </object_component>
      <object_component id="oc-46e">
         <name>.const:armBitRevIndexTable256</name>
         <load_address>0x14130</load_address>
         <run_address>0x14130</run_address>
         <size>0x370</size>
         <input_file_ref idref="fl-184"/>
      </object_component>
      <object_component id="oc-483">
         <name>.const:twiddleCoef_64</name>
         <load_address>0x144a0</load_address>
         <run_address>0x144a0</run_address>
         <size>0x200</size>
         <input_file_ref idref="fl-184"/>
      </object_component>
      <object_component id="oc-486">
         <name>.const:twiddleCoef_rfft_128</name>
         <load_address>0x146a0</load_address>
         <run_address>0x146a0</run_address>
         <size>0x200</size>
         <input_file_ref idref="fl-184"/>
      </object_component>
      <object_component id="oc-477">
         <name>.const:armBitRevIndexTable128</name>
         <load_address>0x148a0</load_address>
         <run_address>0x148a0</run_address>
         <size>0x1a0</size>
         <input_file_ref idref="fl-184"/>
      </object_component>
      <object_component id="oc-48c">
         <name>.const:twiddleCoef_32</name>
         <load_address>0x14a40</load_address>
         <run_address>0x14a40</run_address>
         <size>0x100</size>
         <input_file_ref idref="fl-184"/>
      </object_component>
      <object_component id="oc-48f">
         <name>.const:twiddleCoef_rfft_64</name>
         <load_address>0x14b40</load_address>
         <run_address>0x14b40</run_address>
         <size>0x100</size>
         <input_file_ref idref="fl-184"/>
      </object_component>
      <object_component id="oc-531">
         <name>.const:g_sFontCm20</name>
         <load_address>0x14c40</load_address>
         <run_address>0x14c40</run_address>
         <size>0xc8</size>
         <input_file_ref idref="fl-27"/>
      </object_component>
      <object_component id="oc-5f1">
         <name>.const:g_sFontCmss22b</name>
         <load_address>0x14d08</load_address>
         <run_address>0x14d08</run_address>
         <size>0xc8</size>
         <input_file_ref idref="fl-28"/>
      </object_component>
      <object_component id="oc-3f9">
         <name>.const:g_pui32GPIOBaseAddrs</name>
         <load_address>0x14dd0</load_address>
         <run_address>0x14dd0</run_address>
         <size>0x90</size>
         <input_file_ref idref="fl-18"/>
      </object_component>
      <object_component id="oc-495">
         <name>.const:twiddleCoef_16</name>
         <load_address>0x14e60</load_address>
         <run_address>0x14e60</run_address>
         <size>0x80</size>
         <input_file_ref idref="fl-184"/>
      </object_component>
      <object_component id="oc-498">
         <name>.const:twiddleCoef_rfft_32</name>
         <load_address>0x14ee0</load_address>
         <run_address>0x14ee0</run_address>
         <size>0x80</size>
         <input_file_ref idref="fl-184"/>
      </object_component>
      <object_component id="oc-480">
         <name>.const:armBitRevIndexTable64</name>
         <load_address>0x14f60</load_address>
         <run_address>0x14f60</run_address>
         <size>0x70</size>
         <input_file_ref idref="fl-184"/>
      </object_component>
      <object_component id="oc-188">
         <name>.const</name>
         <load_address>0x14fd0</load_address>
         <run_address>0x14fd0</run_address>
         <size>0x70</size>
         <input_file_ref idref="fl-19"/>
      </object_component>
      <object_component id="oc-181">
         <name>.const:g_pui32Xtals</name>
         <load_address>0x15040</load_address>
         <run_address>0x15040</run_address>
         <size>0x6c</size>
         <input_file_ref idref="fl-1b"/>
      </object_component>
      <object_component id="oc-489">
         <name>.const:armBitRevIndexTable32</name>
         <load_address>0x150ac</load_address>
         <run_address>0x150ac</run_address>
         <size>0x60</size>
         <input_file_ref idref="fl-184"/>
      </object_component>
      <object_component id="oc-424">
         <name>.const:g_lTouchParameters</name>
         <load_address>0x1510c</load_address>
         <run_address>0x1510c</run_address>
         <size>0x38</size>
         <input_file_ref idref="fl-e"/>
      </object_component>
      <object_component id="oc-534">
         <name>.const:.string</name>
         <load_address>0x15144</load_address>
         <run_address>0x15144</run_address>
         <size>0x2e</size>
         <input_file_ref idref="fl-5"/>
      </object_component>
      <object_component id="oc-492">
         <name>.const:armBitRevIndexTable16</name>
         <load_address>0x15172</load_address>
         <run_address>0x15172</run_address>
         <size>0x28</size>
         <input_file_ref idref="fl-184"/>
      </object_component>
      <object_component id="oc-443">
         <name>.const:g_sLCD_SSD2119</name>
         <load_address>0x1519c</load_address>
         <run_address>0x1519c</run_address>
         <size>0x28</size>
         <input_file_ref idref="fl-7"/>
      </object_component>
      <object_component id="oc-400">
         <name>.const</name>
         <load_address>0x151c4</load_address>
         <run_address>0x151c4</run_address>
         <size>0x1c</size>
         <input_file_ref idref="fl-a"/>
      </object_component>
      <object_component id="oc-4f7">
         <name>.const:.string</name>
         <load_address>0x151e0</load_address>
         <run_address>0x151e0</run_address>
         <size>0x12</size>
         <input_file_ref idref="fl-a"/>
      </object_component>
      <object_component id="oc-67d">
         <name>.const</name>
         <load_address>0x151f4</load_address>
         <run_address>0x151f4</run_address>
         <size>0x10</size>
         <input_file_ref idref="fl-21"/>
      </object_component>
      <object_component id="oc-383">
         <name>.const</name>
         <load_address>0x15204</load_address>
         <run_address>0x15204</run_address>
         <size>0x10</size>
         <input_file_ref idref="fl-b"/>
      </object_component>
      <object_component id="oc-766">
         <name>.cinit..data.load</name>
         <load_address>0x1a3f8</load_address>
         <run_address>0x1a3f8</run_address>
         <size>0x10e</size>
      </object_component>
      <object_component id="oc-764">
         <name>__TI_handler_table</name>
         <load_address>0x1a508</load_address>
         <run_address>0x1a508</run_address>
         <size>0xc</size>
      </object_component>
      <object_component id="oc-767">
         <name>.cinit..bss.load</name>
         <load_address>0x1a518</load_address>
         <run_address>0x1a518</run_address>
         <size>0x8</size>
      </object_component>
      <object_component id="oc-765">
         <name>__TI_cinit_table</name>
         <load_address>0x1a520</load_address>
         <run_address>0x1a520</run_address>
         <size>0x10</size>
      </object_component>
      <object_component id="oc-29">
         <name>.stack</name>
         <uninitialized>true</uninitialized>
         <run_address>0x20006000</run_address>
         <size>0x0</size>
         <input_file_ref idref="fl-14d"/>
      </object_component>
      <object_component id="oc-768">
         <name>.stack</name>
         <uninitialized>true</uninitialized>
         <run_address>0x20006000</run_address>
         <size>0x0</size>
      </object_component>
      <object_component id="oc-2ed">
         <name>.bss:ucControlTable</name>
         <uninitialized>true</uninitialized>
         <run_address>0x20005c00</run_address>
         <size>0x400</size>
         <input_file_ref idref="fl-a"/>
      </object_component>
      <object_component id="oc-389">
         <name>.bss:firStateF32</name>
         <uninitialized>true</uninitialized>
         <run_address>0x20004400</run_address>
         <size>0x14f4</size>
         <input_file_ref idref="fl-b"/>
      </object_component>
[...]
         <object_component_ref idref="oc-2bd"/>
      </symbol>
      <symbol id="sm-6b5">
         <name>uDMAControlBaseSet</name>
         <value>0x1a369</value>
         <object_component_ref idref="oc-2c3"/>
      </symbol>
      <symbol id="sm-6b6">
         <name>uDMAChannelAttributeDisable</name>
         <value>0x19831</value>
         <object_component_ref idref="oc-2e1"/>
      </symbol>
      <symbol id="sm-6b7">
         <name>uDMAChannelEnable</name>
         <value>0x1a199</value>
         <object_component_ref idref="oc-d4"/>
      </symbol>
      <symbol id="sm-6c1">
         <name>CPUcpsie</name>
         <value>0x1a337</value>
         <object_component_ref idref="oc-352"/>
      </symbol>
      <symbol id="sm-6f1">
         <name>CanvasMsgProc</name>
         <value>0x1a1f5</value>
         <object_component_ref idref="oc-446"/>
      </symbol>
      <symbol id="sm-71c">
         <name>GrContextInit</name>
         <value>0x19009</value>
         <object_component_ref idref="oc-60e"/>
      </symbol>
      <symbol id="sm-71d">
         <name>GrContextClipRegionSet</name>
         <value>0x191a5</value>
         <object_component_ref idref="oc-614"/>
      </symbol>
      <symbol id="sm-71e">
         <name>g_psDefaultCodePointMapTable</name>
         <value>0x151f4</value>
         <object_component_ref idref="oc-67d"/>
      </symbol>
      <symbol id="sm-775">
         <name>GrImageDraw</name>
         <value>0x1a30d</value>
         <object_component_ref idref="oc-626"/>
      </symbol>
      <symbol id="sm-7ad">
         <name>RectangularButtonMsgProc</name>
         <value>0x19f69</value>
         <object_component_ref idref="oc-5eb"/>
      </symbol>
      <symbol id="sm-7c4">
         <name>GrRectFill</name>
         <value>0x18cc9</value>
         <object_component_ref idref="oc-61a"/>
      </symbol>
      <symbol id="sm-7c5">
         <name>GrRectDraw</name>
         <value>0x190d9</value>
         <object_component_ref idref="oc-620"/>
      </symbol>
      <symbol id="sm-871">
         <name>GrFontInfoGet</name>
         <value>0x19f91</value>
         <object_component_ref idref="oc-6b2"/>
      </symbol>
      <symbol id="sm-872">
         <name>GrDefaultStringRenderer</name>
         <value>0x18593</value>
         <object_component_ref idref="oc-677"/>
      </symbol>
      <symbol id="sm-873">
         <name>GrFontGlyphRender</name>
         <value>0x1671d</value>
         <object_component_ref idref="oc-6dc"/>
      </symbol>
      <symbol id="sm-874">
         <name>GrFontHeightGet</name>
         <value>0x19e99</value>
         <object_component_ref idref="oc-638"/>
      </symbol>
      <symbol id="sm-875">
         <name>GrContextFontSet</name>
         <value>0x1a3c9</value>
         <object_component_ref idref="oc-62c"/>
      </symbol>
      <symbol id="sm-876">
         <name>GrFontGlyphDataGet</name>
         <value>0x1a049</value>
         <object_component_ref idref="oc-6ac"/>
      </symbol>
      <symbol id="sm-877">
         <name>GrStringDraw</name>
         <value>0x1a1c9</value>
         <object_component_ref idref="oc-63e"/>
      </symbol>
      <symbol id="sm-878">
         <name>GrFontCodepageGet</name>
         <value>0x1a06b</value>
         <object_component_ref idref="oc-6fc"/>
      </symbol>
      <symbol id="sm-879">
         <name>GrStringNextCharGet</name>
         <value>0x19e11</value>
         <object_component_ref idref="oc-6a6"/>
      </symbol>
      <symbol id="sm-87a">
         <name>GrStringWidthGet</name>
         <value>0x18f35</value>
         <object_component_ref idref="oc-632"/>
      </symbol>
      <symbol id="sm-87b">
         <name>GrFontBaselineGet</name>
         <value>0x19e6d</value>
         <object_component_ref idref="oc-6c9"/>
      </symbol>
      <symbol id="sm-914">
         <name>g_sRoot</name>
         <value>0x200041f0</value>
         <object_component_ref idref="oc-342"/>
      </symbol>
      <symbol id="sm-915">
         <name>WidgetMessageQueueAdd</name>
         <value>0x182f5</value>
         <object_component_ref idref="oc-330"/>
      </symbol>
      <symbol id="sm-916">
         <name>WidgetMessageSendPostOrder</name>
         <value>0x187d5</value>
         <object_component_ref idref="oc-3bc"/>
      </symbol>
      <symbol id="sm-917">
         <name>WidgetAdd</name>
         <value>0x19fb7</value>
         <object_component_ref idref="oc-336"/>
      </symbol>
      <symbol id="sm-918">
         <name>WidgetDefaultMsgProc</name>
         <value>0x1a3f1</value>
         <object_component_ref idref="oc-433"/>
      </symbol>
      <symbol id="sm-919">
         <name>WidgetMutexPut</name>
         <value>0x1a3e1</value>
         <object_component_ref idref="oc-42a"/>
      </symbol>
      <symbol id="sm-91a">
         <name>WidgetMessageQueueProcess</name>
         <value>0x19141</value>
         <object_component_ref idref="oc-236"/>
      </symbol>
      <symbol id="sm-91b">
         <name>WidgetMutexGet</name>
         <value>0x1a21d</value>
         <object_component_ref idref="oc-429"/>
      </symbol>
      <symbol id="sm-91c">
         <name>WidgetPointerMessage</name>
         <value>0x1a0fd</value>
         <object_component_ref idref="oc-33c"/>
      </symbol>
      <symbol id="sm-91d">
         <name>WidgetMessageSendPreOrder</name>
         <value>0x192c9</value>
         <object_component_ref idref="oc-3b6"/>
      </symbol>
      <symbol id="sm-92f">
         <name>g_sFontCm20</name>
         <value>0x14c40</value>
         <object_component_ref idref="oc-531"/>
      </symbol>
      <symbol id="sm-941">
         <name>g_sFontCmss22b</name>
         <value>0x14d08</value>
         <object_component_ref idref="oc-5f1"/>
      </symbol>
      <symbol id="sm-94e">
         <name>GrMapISO8859_1_Unicode</name>
         <value>0x1a3ab</value>
         <object_component_ref idref="oc-6e3"/>
      </symbol>
      <symbol id="sm-968">
         <name>GrLineDrawH</name>
         <value>0x19879</value>
         <object_component_ref idref="oc-687"/>
      </symbol>
      <symbol id="sm-969">
         <name>GrLineDrawV</name>
         <value>0x198bf</value>
         <object_component_ref idref="oc-68d"/>
      </symbol>
      <symbol id="sm-97b">
         <name>_c_int00</name>
         <value>0x195d9</value>
         <object_component_ref idref="oc-24"/>
      </symbol>
      <symbol id="sm-97c">
         <name>__stack</name>
         <value>0x20006000</value>
         <object_component_ref idref="oc-29"/>
      </symbol>
      <symbol id="sm-993">
         <name>__TI_decompress_none</name>
         <value>0x1a329</value>
         <object_component_ref idref="oc-12"/>
      </symbol>
      <symbol id="sm-9b6">
         <name>__TI_decompress_rle24</name>
         <value>0x1a3e7</value>
         <object_component_ref idref="oc-18"/>
      </symbol>
      <symbol id="sm-9c8">
         <name>__TI_zero_init</name>
         <value>0x1a35d</value>
         <object_component_ref idref="oc-1e"/>
      </symbol>
      <symbol id="sm-9e7">
         <name>C$$EXIT</name>
         <value>0x199d1</value>
         <object_component_ref idref="oc-a7"/>
      </symbol>
      <symbol id="sm-9e8">
         <name>abort</name>
         <value>0x199d5</value>
         <object_component_ref idref="oc-a7"/>
      </symbol>
      <symbol id="sm-9e9">
         <name>exit</name>
         <value>0x199dd</value>
         <object_component_ref idref="oc-a7"/>
      </symbol>
      <symbol id="sm-9ea">
         <name>__TI_dtors_ptr</name>
         <value>0x20004294</value>
         <object_component_ref idref="oc-16f"/>
      </symbol>
      <symbol id="sm-9eb">
         <name>__TI_cleanup_ptr</name>
         <value>0x20004290</value>
         <object_component_ref idref="oc-16f"/>
      </symbol>
      <symbol id="sm-a19">
         <name>__aeabi_ddiv</name>
         <value>0x17429</value>
         <object_component_ref idref="oc-365"/>
      </symbol>
      <symbol id="sm-a30">
         <name>__aeabi_dmul</name>
         <value>0x17f25</value>
         <object_component_ref idref="oc-360"/>
      </symbol>
      <symbol id="sm-a41">
         <name>__aeabi_d2f</name>
         <value>0x1970f</value>
         <object_component_ref idref="oc-36a"/>
      </symbol>
      <symbol id="sm-a4f">
         <name>__aeabi_f2d</name>
         <value>0x19c75</value>
         <object_component_ref idref="oc-35b"/>
      </symbol>
      <symbol id="sm-a6e">
         <name>memcpy</name>
         <value>0x18a7d</value>
         <object_component_ref idref="oc-70"/>
      </symbol>
      <symbol id="sm-a6f">
         <name>__aeabi_memcpy</name>
         <value>0x18a7d</value>
         <object_component_ref idref="oc-70"/>
      </symbol>
      <symbol id="sm-a70">
         <name>__aeabi_memcpy8</name>
         <value>0x18a7d</value>
         <object_component_ref idref="oc-70"/>
      </symbol>
      <symbol id="sm-a71">
         <name>__aeabi_memcpy4</name>
         <value>0x18a7d</value>
         <object_component_ref idref="oc-70"/>
      </symbol>
      <symbol id="sm-a80">
         <name>__aeabi_memset</name>
         <value>0x18e51</value>
         <object_component_ref idref="oc-89"/>
      </symbol>
      <symbol id="sm-a81">
         <name>memset</name>
         <value>0x18e57</value>
         <object_component_ref idref="oc-89"/>
      </symbol>
      <symbol id="sm-a82">
         <name>__aeabi_memset8</name>
         <value>0x18e51</value>
         <object_component_ref idref="oc-89"/>
      </symbol>
      <symbol id="sm-a83">
         <name>__aeabi_memset4</name>
         <value>0x18e51</value>
         <object_component_ref idref="oc-89"/>
      </symbol>
      <symbol id="sm-a84">
         <name>__aeabi_memclr8</name>
         <value>0x18e4f</value>
         <object_component_ref idref="oc-89"/>
      </symbol>
      <symbol id="sm-a85">
         <name>__aeabi_memclr4</name>
         <value>0x18e4f</value>
         <object_component_ref idref="oc-89"/>
      </symbol>
      <symbol id="sm-a86">
         <name>__aeabi_memclr</name>
         <value>0x18e4f</value>
         <object_component_ref idref="oc-89"/>
      </symbol>
      <symbol id="sm-a90">
         <name>_system_pre_init</name>
         <value>0x1a3f5</value>
         <object_component_ref idref="oc-95"/>
      </symbol>
      <symbol id="sm-a98">
         <name>main_func_sp</name>
         <value>0x200042a4</value>
         <object_component_ref idref="oc-ad"/>
      </symbol>
      <symbol id="sm-aab">
         <name>__aeabi_uidivmod</name>
         <value>0x19a15</value>
         <object_component_ref idref="oc-5d2"/>
      </symbol>
      <symbol id="sm-aac">
         <name>__aeabi_uidiv</name>
         <value>0x19a15</value>
         <object_component_ref idref="oc-5d2"/>
      </symbol>
      <symbol id="sm-ac8">
         <name>_nop</name>
         <value>0x1a23f</value>
         <object_component_ref idref="oc-250"/>
      </symbol>
      <symbol id="sm-ac9">
         <name>_lock</name>
         <value>0x20004288</value>
         <object_component_ref idref="oc-16c"/>
      </symbol>
      <symbol id="sm-aca">
         <name>_unlock</name>
         <value>0x2000428c</value>
         <object_component_ref idref="oc-16c"/>
      </symbol>
      <symbol id="sm-acb">
         <name>_register_lock</name>
         <value>0x1a237</value>
         <object_component_ref idref="oc-250"/>
      </symbol>
      <symbol id="sm-acc">
         <name>_register_unlock</name>
         <value>0x1a231</value>
         <object_component_ref idref="oc-250"/>
      </symbol>
      <symbol id="sm-ae2">
         <name>_args_main</name>
         <value>0x1a181</value>
         <object_component_ref idref="oc-a1"/>
      </symbol>
      <symbol id="sm-b09">
         <name>__TI_auto_init</name>
         <value>0x18ec9</value>
         <object_component_ref idref="oc-9b"/>
      </symbol>
      <symbol id="sm-b23">
         <name>copy_in</name>
         <value>0x19679</value>
         <object_component_ref idref="oc-15c"/>
      </symbol>
      <symbol id="sm-b51">
         <name>_Feraise</name>
         <value>0x19de1</value>
         <object_component_ref idref="oc-5c0"/>
      </symbol>
      <symbol id="sm-b5a">
         <name>_Errno</name>
         <value>0x200042a0</value>
         <object_component_ref idref="oc-654"/>
      </symbol>
      <symbol id="sm-b78">
         <name>feraiseexcept</name>
         <value>0x19d7d</value>
         <object_component_ref idref="oc-64e"/>
      </symbol>
      <symbol id="sm-b79">
         <name>_Tls_setup__Fenv</name>
         <value>0x2000429c</value>
         <object_component_ref idref="oc-6c3"/>
      </symbol>
      <symbol id="sm-b7a">
         <name>_Fenv</name>
         <value>0x20004298</value>
         <object_component_ref idref="oc-6c3"/>
      </symbol>
      <symbol id="sm-b8e">
         <name>raise</name>
         <value>0x19e3f</value>
         <object_component_ref idref="oc-6bd"/>
      </symbol>
      <symbol id="sm-ba8">
         <name>signal</name>
         <value>0x19a59</value>
         <object_component_ref idref="oc-714"/>
      </symbol>
      <symbol id="sm-bd4">
         <name>arm_cfft_radix8by4_f32</name>
         <value>0x15929</value>
         <object_component_ref idref="oc-5a9"/>
      </symbol>
      <symbol id="sm-bd5">
         <name>arm_cfft_f32</name>
         <value>0x184bd</value>
         <object_component_ref idref="oc-4b1"/>
      </symbol>
      <symbol id="sm-bd6">
         <name>arm_cfft_radix8by2_f32</name>
         <value>0x16ead</value>
         <object_component_ref idref="oc-5af"/>
      </symbol>
      <symbol id="sm-beb">
         <name>arm_radix8_butterfly_f32</name>
         <value>0x15215</value>
         <object_component_ref idref="oc-5a3"/>
      </symbol>
      <symbol id="sm-c0c">
         <name>arm_rfft_fast_f32</name>
         <value>0x19ad7</value>
         <object_component_ref idref="oc-394"/>
      </symbol>
      <symbol id="sm-c0d">
         <name>merge_rfft_f32</name>
         <value>0x18b19</value>
         <object_component_ref idref="oc-4bd"/>
      </symbol>
      <symbol id="sm-c0e">
         <name>stage_rfft_f32</name>
         <value>0x18939</value>
         <object_component_ref idref="oc-4b7"/>
      </symbol>
      <symbol id="sm-c3d">
         <name>arm_rfft_fast_init_f32</name>
         <value>0x17e29</value>
         <object_component_ref idref="oc-349"/>
      </symbol>
      <symbol id="sm-c4e">
         <name>arm_max_f32</name>
         <value>0x18889</value>
         <object_component_ref idref="oc-3a0"/>
      </symbol>
      <symbol id="sm-c6b">
         <name>arm_fir_f32</name>
         <value>0x160f5</value>
         <object_component_ref idref="oc-37d"/>
      </symbol>
      <symbol id="sm-c78">
         <name>arm_fir_init_f32</name>
         <value>0x1a089</value>
         <object_component_ref idref="oc-377"/>
      </symbol>
      <symbol id="sm-c90">
         <name>arm_cmplx_mag_f32</name>
         <value>0x172f1</value>
         <object_component_ref idref="oc-39a"/>
      </symbol>
      <symbol id="sm-d25">
         <name>twiddleCoef_rfft_64</name>
         <value>0x14b40</value>
         <object_component_ref idref="oc-48f"/>
      </symbol>
      <symbol id="sm-d26">
         <name>armBitRevIndexTable1024</name>
         <value>0x1002c</value>
         <object_component_ref idref="oc-45c"/>
      </symbol>
      <symbol id="sm-d27">
         <name>armBitRevIndexTable2048</name>
         <value>0xc26c</value>
         <object_component_ref idref="oc-453"/>
      </symbol>
      <symbol id="sm-d28">
         <name>twiddleCoef_2048</name>
         <value>0x26c</value>
         <object_component_ref idref="oc-456"/>
      </symbol>
      <symbol id="sm-d29">
         <name>twiddleCoef_rfft_32</name>
         <value>0x14ee0</value>
         <object_component_ref idref="oc-498"/>
      </symbol>
      <symbol id="sm-d2a">
         <name>twiddleCoef_rfft_1024</name>
         <value>0xf02c</value>
         <object_component_ref idref="oc-46b"/>
      </symbol>
      <symbol id="sm-d2b">
         <name>twiddleCoef_256</name>
         <value>0x120b8</value>
         <object_component_ref idref="oc-471"/>
      </symbol>
      <symbol id="sm-d2c">
         <name>twiddleCoef_32</name>
         <value>0x14a40</value>
         <object_component_ref idref="oc-48c"/>
      </symbol>
      <symbol id="sm-d2d">
         <name>twiddleCoef_16</name>
         <value>0x14e60</value>
         <object_component_ref idref="oc-495"/>
      </symbol>
      <symbol id="sm-d2e">
         <name>twiddleCoef_1024</name>
         <value>0x826c</value>
         <object_component_ref idref="oc-45f"/>
      </symbol>
      <symbol id="sm-d2f">
         <name>twiddleCoef_128</name>
         <value>0x135b0</value>
         <object_component_ref idref="oc-47a"/>
      </symbol>
      <symbol id="sm-d30">
         <name>twiddleCoef_64</name>
         <value>0x144a0</value>
         <object_component_ref idref="oc-483"/>
      </symbol>
      <symbol id="sm-d31">
         <name>twiddleCoef_rfft_256</name>
         <value>0x139b0</value>
         <object_component_ref idref="oc-47d"/>
      </symbol>
      <symbol id="sm-d32">
         <name>armBitRevIndexTable128</name>
         <value>0x148a0</value>
         <object_component_ref idref="oc-477"/>
      </symbol>
      <symbol id="sm-d33">
         <name>twiddleCoef_512</name>
         <value>0xe02c</value>
         <object_component_ref idref="oc-468"/>
      </symbol>
      <symbol id="sm-d34">
         <name>twiddleCoef_rfft_2048</name>
         <value>0xa26c</value>
         <object_component_ref idref="oc-462"/>
      </symbol>
      <symbol id="sm-d35">
         <name>armBitRevIndexTable512</name>
         <value>0x13db0</value>
         <object_component_ref idref="oc-465"/>
      </symbol>
      <symbol id="sm-d36">
         <name>twiddleCoef_rfft_512</name>
         <value>0x128b8</value>
         <object_component_ref idref="oc-474"/>
      </symbol>
      <symbol id="sm-d37">
         <name>armBitRevIndexTable16</name>
         <value>0x15172</value>
         <object_component_ref idref="oc-492"/>
      </symbol>
      <symbol id="sm-d38">
         <name>armBitRevIndexTable32</name>
         <value>0x150ac</value>
         <object_component_ref idref="oc-489"/>
      </symbol>
      <symbol id="sm-d39">
         <name>twiddleCoef_rfft_4096</name>
         <value>0x426c</value>
         <object_component_ref idref="oc-459"/>
      </symbol>
      <symbol id="sm-d3a">
         <name>armBitRevIndexTable64</name>
         <value>0x14f60</value>
         <object_component_ref idref="oc-480"/>
      </symbol>
      <symbol id="sm-d3b">
         <name>twiddleCoef_rfft_128</name>
         <value>0x146a0</value>
         <object_component_ref idref="oc-486"/>
      </symbol>
      <symbol id="sm-d3c">
         <name>armBitRevIndexTable256</name>
         <value>0x14130</value>
         <object_component_ref idref="oc-46e"/>
      </symbol>
      <symbol id="sm-d48">
         <name>arm_bitreversal_32</name>
         <value>0x18657</value>
         <object_component_ref idref="oc-5b5"/>
      </symbol>
      <symbol id="sm-d49">
         <name>arm_bitreversal_16</name>
         <value>0x186c1</value>
         <object_component_ref idref="oc-5b5"/>
      </symbol>
      <symbol id="sm-d59">
         <name>sqrtf</name>
         <value>0x19fdd</value>
         <object_component_ref idref="oc-4c5"/>
      </symbol>
      <symbol id="sm-d5a">
         <name>__TI_static_base__</name>
         <value>0x0</value>
      </symbol>
      <symbol id="sm-d5d">
         <name>SHT$$INIT_ARRAY$$Limit</name>
         <value>0x0</value>
      </symbol>
      <symbol id="sm-d5e">
         <name>SHT$$INIT_ARRAY$$Base</name>
         <value>0x0</value>
      </symbol>
   </symbol_table>
   <title>Link successful</title>
</link_info>
